Component: ARM Compiler 5.06 update 1 (build 61) Tool: armlink [4d35a8]

==============================================================================

Section Cross References

    udp_socket.o(i.envoi_CAN) refers to _printf_percent.o(.ARM.Collect$$_printf_percent$$00000000) for _printf_percent
    udp_socket.o(i.envoi_CAN) refers to _printf_x.o(.ARM.Collect$$_printf_percent$$0000000C) for _printf_x
    udp_socket.o(i.envoi_CAN) refers to _printf_hex_int.o(.text) for _printf_longlong_hex
    udp_socket.o(i.envoi_CAN) refers to _printf_pad.o(.text) for _printf_pre_padding
    udp_socket.o(i.envoi_CAN) refers to __2sprintf.o(.text) for __2sprintf
    udp_socket.o(i.envoi_CAN) refers to glcd_mcb1700.o(i.GLCD_DrawString) for GLCD_DrawString
    udp_socket.o(i.envoi_CAN) refers to can_lpc17xx.o(.constdata) for Driver_CAN2
    udp_socket.o(i.main) refers to led_mcb1700.o(i.LED_Initialize) for LED_Initialize
    udp_socket.o(i.main) refers to net_sys.o(i.netInitialize) for netInitialize
    udp_socket.o(i.main) refers to basecan.o(i.InitCan1) for InitCan1
    udp_socket.o(i.main) refers to basecan.o(i.InitCan2) for InitCan2
    udp_socket.o(i.main) refers to glcd_mcb1700.o(i.GLCD_Initialize) for GLCD_Initialize
    udp_socket.o(i.main) refers to glcd_mcb1700.o(i.GLCD_ClearScreen) for GLCD_ClearScreen
    udp_socket.o(i.main) refers to glcd_mcb1700.o(i.GLCD_SetFont) for GLCD_SetFont
    udp_socket.o(i.main) refers to net_udp.o(i.netUDP_GetSocket) for netUDP_GetSocket
    udp_socket.o(i.main) refers to net_udp.o(i.netUDP_Open) for netUDP_Open
    udp_socket.o(i.main) refers to udp_socket.o(i.recep_CAN) for recep_CAN
    udp_socket.o(i.main) refers to glcd_fonts.o(.constdata) for GLCD_Font_16x24
    udp_socket.o(i.main) refers to udp_socket.o(i.udp_cb_func) for udp_cb_func
    udp_socket.o(i.main) refers to udp_socket.o(.data) for udp_sock
    udp_socket.o(i.recep_CAN) refers to _printf_percent.o(.ARM.Collect$$_printf_percent$$00000000) for _printf_percent
    udp_socket.o(i.recep_CAN) refers to _printf_x.o(.ARM.Collect$$_printf_percent$$0000000C) for _printf_x
    udp_socket.o(i.recep_CAN) refers to _printf_hex_int.o(.text) for _printf_longlong_hex
    udp_socket.o(i.recep_CAN) refers to __2sprintf.o(.text) for __2sprintf
    udp_socket.o(i.recep_CAN) refers to glcd_mcb1700.o(i.GLCD_DrawString) for GLCD_DrawString
    udp_socket.o(i.recep_CAN) refers to udp_socket.o(i.send_udp_data) for send_udp_data
    udp_socket.o(i.recep_CAN) refers to can_lpc17xx.o(.constdata) for Driver_CAN1
    udp_socket.o(i.send_udp_data) refers to _printf_percent.o(.ARM.Collect$$_printf_percent$$00000000) for _printf_percent
    udp_socket.o(i.send_udp_data) refers to _printf_d.o(.ARM.Collect$$_printf_percent$$00000009) for _printf_d
    udp_socket.o(i.send_udp_data) refers to _printf_dec.o(.text) for _printf_int_dec
    udp_socket.o(i.send_udp_data) refers to _printf_x.o(.ARM.Collect$$_printf_percent$$0000000C) for _printf_x
    udp_socket.o(i.send_udp_data) refers to _printf_hex_int.o(.text) for _printf_longlong_hex
    udp_socket.o(i.send_udp_data) refers to rt_memcpy_w.o(.text) for __aeabi_memcpy4
    udp_socket.o(i.send_udp_data) refers to __2sprintf.o(.text) for __2sprintf
    udp_socket.o(i.send_udp_data) refers to glcd_mcb1700.o(i.GLCD_DrawString) for GLCD_DrawString
    udp_socket.o(i.send_udp_data) refers to net_udp.o(i.netUDP_GetBuffer) for netUDP_GetBuffer
    udp_socket.o(i.send_udp_data) refers to net_udp.o(i.netUDP_Send) for netUDP_Send
    udp_socket.o(i.send_udp_data) refers to udp_socket.o(.data) for udp_sock
    udp_socket.o(i.send_udp_data) refers to udp_socket.o(.constdata) for .constdata
    udp_socket.o(i.udp_cb_func) refers to _printf_pad.o(.text) for _printf_pre_padding
    udp_socket.o(i.udp_cb_func) refers to _printf_percent.o(.ARM.Collect$$_printf_percent$$00000000) for _printf_percent
    udp_socket.o(i.udp_cb_func) refers to _printf_x.o(.ARM.Collect$$_printf_percent$$0000000C) for _printf_x
    udp_socket.o(i.udp_cb_func) refers to _printf_hex_int.o(.text) for _printf_longlong_hex
    udp_socket.o(i.udp_cb_func) refers to __2sprintf.o(.text) for __2sprintf
    udp_socket.o(i.udp_cb_func) refers to glcd_mcb1700.o(i.GLCD_DrawString) for GLCD_DrawString
    udp_socket.o(i.udp_cb_func) refers to udp_socket.o(i.envoi_CAN) for envoi_CAN
    basecan.o(i.InitCan1) refers to can_lpc17xx.o(.constdata) for Driver_CAN1
    basecan.o(i.InitCan2) refers to can_lpc17xx.o(.constdata) for Driver_CAN2
    basecan.o(i.main1) refers to rt_cmsis.o(i.osKernelInitialize) for osKernelInitialize
    basecan.o(i.main1) refers to glcd_mcb1700.o(i.GLCD_Initialize) for GLCD_Initialize
    basecan.o(i.main1) refers to glcd_mcb1700.o(i.GLCD_ClearScreen) for GLCD_ClearScreen
    basecan.o(i.main1) refers to glcd_mcb1700.o(i.GLCD_SetFont) for GLCD_SetFont
    basecan.o(i.main1) refers to basecan.o(i.InitCan1) for InitCan1
[...]
    net_addr6_comp                           0x000069b5   Thumb Code    40  net_addr.o(i.net_addr6_comp)
    net_addr6_copy                           0x000069dd   Thumb Code    18  net_addr.o(i.net_addr6_copy)
    net_addr6_create                         0x000069f1   Thumb Code    70  net_addr.o(i.net_addr6_create)
    net_addr6_get_solicited                  0x00006a3d   Thumb Code    34  net_addr.o(i.net_addr6_get_solicited)
    net_addr6_is_linklocal                   0x00006a69   Thumb Code    24  net_addr.o(i.net_addr6_is_linklocal)
    net_addr6_is_onlink                      0x00006a81   Thumb Code   108  net_addr.o(i.net_addr6_is_onlink)
    net_addr6_is_solicited                   0x00006aed   Thumb Code    72  net_addr.o(i.net_addr6_is_solicited)
    net_addr6_is_unspec                      0x00006b35   Thumb Code    24  net_addr.o(i.net_addr6_is_unspec)
    net_addr_get_local                       0x00006b4d   Thumb Code    14  net_addr.o(i.net_addr_get_local)
    net_addr_is_unspec                       0x00006b5b   Thumb Code    34  net_addr.o(i.net_addr_is_unspec)
    net_arp_cache_add                        0x00006b7d   Thumb Code   168  net_arp.o(i.net_arp_cache_add)
    net_arp_cache_early                      0x00006c2d   Thumb Code   140  net_arp.o(i.net_arp_cache_early)
    net_arp_cache_find                       0x00006cc1   Thumb Code   164  net_arp.o(i.net_arp_cache_find)
    net_arp_init                             0x00006d71   Thumb Code    46  net_arp.o(i.net_arp_init)
    net_arp_notify                           0x00006da9   Thumb Code    30  net_arp.o(i.net_arp_notify)
    net_arp_process                          0x00006dd5   Thumb Code   314  net_arp.o(i.net_arp_process)
    net_arp_run                              0x00006f1d   Thumb Code   232  net_arp.o(i.net_arp_run)
    net_eth_iface_init                       0x00007015   Thumb Code   510  net_eth.o(i.net_eth_iface_init)
    net_eth_iface_run                        0x0000722d   Thumb Code   356  net_eth.o(i.net_eth_iface_run)
    net_eth_is_my_addr                       0x000073a1   Thumb Code    28  net_eth.o(i.net_eth_is_my_addr)
    net_eth_output                           0x000073c1   Thumb Code    54  net_eth.o(i.net_eth_output)
    net_eth_send_frame                       0x000073fd   Thumb Code   204  net_eth.o(i.net_eth_send_frame)
    net_eth_update_filter                    0x000074d9   Thumb Code   246  net_eth.o(i.net_eth_update_filter)
    net_icmp6_process                        0x000075e1   Thumb Code   290  net_icmp6.o(i.net_icmp6_process)
    net_icmp6_send                           0x00007711   Thumb Code    92  net_icmp6.o(i.net_icmp6_send)
    net_icmp6_send_echo                      0x0000776d   Thumb Code    72  net_icmp6.o(i.net_icmp6_send_echo)
    net_icmp_process                         0x000077bd   Thumb Code   210  net_icmp.o(i.net_icmp_process)
    net_icmp_send_echo                       0x0000789d   Thumb Code   116  net_icmp.o(i.net_icmp_send_echo)
    net_igmp_collect_addr                    0x00007919   Thumb Code     4  net_config.o(i.net_igmp_collect_addr)
    net_igmp_is_member                       0x0000791d   Thumb Code     4  net_config.o(i.net_igmp_is_member)
    net_igmp_process                         0x00007921   Thumb Code     2  net_config.o(i.net_igmp_process)
    net_ip4_checksum                         0x00007923   Thumb Code    76  net_ip4.o(i.net_ip4_checksum)
    net_ip4_chk_frame                        0x00007971   Thumb Code   192  net_ip4.o(i.net_ip4_chk_frame)
    net_ip4_chksum_buf                       0x00007a3d   Thumb Code    50  net_ip4.o(i.net_ip4_chksum_buf)
    net_ip4_get_local                        0x00007a71   Thumb Code    52  net_ip4.o(i.net_ip4_get_local)
    net_ip4_init                             0x00007ab1   Thumb Code    12  net_ip4.o(i.net_ip4_init)
    net_ip4_is_subcast                       0x00007ac1   Thumb Code    38  net_ip4.o(i.net_ip4_is_subcast)
    net_ip4_send_frame                       0x00007aed   Thumb Code   266  net_ip4.o(i.net_ip4_send_frame)
    net_ip4_tx_offload                       0x00007c01   Thumb Code    44  net_ip4.o(i.net_ip4_tx_offload)
    net_ip6_checksum                         0x00007c35   Thumb Code    82  net_ip6.o(i.net_ip6_checksum)
    net_ip6_chk_frame                        0x00007c89   Thumb Code   150  net_ip6.o(i.net_ip6_chk_frame)
    net_ip6_get_local                        0x00007d2d   Thumb Code    78  net_ip6.o(i.net_ip6_get_local)
    net_ip6_init                             0x00007d89   Thumb Code    10  net_ip6.o(i.net_ip6_init)
    net_ip6_send_frame                       0x00007d99   Thumb Code   166  net_ip6.o(i.net_ip6_send_frame)
    net_ip6_tx_netif                         0x00007e4d   Thumb Code     6  net_ip6.o(i.net_ip6_tx_netif)
    net_ip6_tx_offload                       0x00007e59   Thumb Code    40  net_ip6.o(i.net_ip6_tx_offload)
    net_loop_iface_init                      0x00007e89   Thumb Code    30  net_loop.o(i.net_loop_iface_init)
    net_loop_iface_run                       0x00007eb1   Thumb Code   138  net_loop.o(i.net_loop_iface_run)
    net_loop_send_frame                      0x00007f45   Thumb Code    66  net_loop.o(i.net_loop_send_frame)
    net_mem_alloc                            0x00007f8d   Thumb Code   130  net_mem.o(i.net_mem_alloc)
    net_mem_free                             0x00008019   Thumb Code   100  net_mem.o(i.net_mem_free)
    net_mem_init                             0x00008085   Thumb Code    88  net_mem.o(i.net_mem_init)
    net_memcrc                               0x000080e5   Thumb Code    32  net_common.o(i.net_memcrc)
    net_nbns_client_init                     0x00008105   Thumb Code    36  net_nbns_client.o(i.net_nbns_client_init)
    net_ndp_cache_find                       0x00008131   Thumb Code   136  net_ndp.o(i.net_ndp_cache_find)
    net_ndp_cache_refresh                    0x000081c5   Thumb Code    78  net_ndp.o(i.net_ndp_cache_refresh)
    net_ndp_init                             0x00008219   Thumb Code    68  net_ndp.o(i.net_ndp_init)
    net_ndp_process                          0x00008269   Thumb Code   540  net_ndp.o(i.net_ndp_process)
    net_ndp_run                              0x00008495   Thumb Code   194  net_ndp.o(i.net_ndp_run)
    net_ping_client_init                     0x00008565   Thumb Code    10  net_ping.o(i.net_ping_client_init)
    net_ping_client_run                      0x00008575   Thumb Code    56  net_ping.o(i.net_ping_client_run)
    net_ppp_send_frame                       0x000085b5   Thumb Code     4  net_config.o(i.net_ppp_send_frame)
    net_rand32                               0x000085b9   Thumb Code    18  net_sys.o(i.net_rand32)
    net_slip_send_frame                      0x000085d5   Thumb Code     4  net_config.o(i.net_slip_send_frame)
    net_strcpy                               0x000085d9   Thumb Code    18  net_common.o(i.net_strcpy)
    net_strtoupper                           0x000085eb   Thumb Code    26  net_common.o(i.net_strtoupper)
    net_sys_error                            0x00008605   Thumb Code     2  net_config.o(i.net_sys_error)
    net_sys_lock                             0x00008609   Thumb Code    12  net_sys.o(i.net_sys_lock)
    net_sys_unlock                           0x0000862d   Thumb Code     8  net_sys.o(i.net_sys_unlock)
    net_sys_wakeup                           0x00008639   Thumb Code    24  net_sys.o(i.net_sys_wakeup)
    net_tcp_process                          0x00008659   Thumb Code     2  net_config.o(i.net_tcp_process)
    net_udp_get_buf                          0x0000865b   Thumb Code    30  net_udp.o(i.net_udp_get_buf)
    net_udp_get_socket                       0x00008679   Thumb Code    70  net_udp.o(i.net_udp_get_socket)
    net_udp_open                             0x000086c5   Thumb Code    98  net_udp.o(i.net_udp_open)
    net_udp_process                          0x00008731   Thumb Code   214  net_udp.o(i.net_udp_process)
    net_udp_send                             0x00008815   Thumb Code   368  net_udp.o(i.net_udp_send)
    net_udp_socket_init                      0x00008989   Thumb Code    16  net_udp.o(i.net_udp_socket_init)
    osKernelInitialize                       0x0000899d   Thumb Code    30  rt_cmsis.o(i.osKernelInitialize)
    osKernelStart                            0x000089c1   Thumb Code    98  rt_cmsis.o(i.osKernelStart)
    osKernelSysTick                          0x00008a2d   Thumb Code    18  rt_cmsis.o(i.osKernelSysTick)
    osMessageGet                             0x00008a45   Thumb Code    18  rt_cmsis.o(i.osMessageGet)
    osMutexCreate                            0x00008a5d   Thumb Code    36  rt_cmsis.o(i.osMutexCreate)
    osMutexRelease                           0x00008a89   Thumb Code    18  rt_cmsis.o(i.osMutexRelease)
    osMutexWait                              0x00008aa1   Thumb Code    18  rt_cmsis.o(i.osMutexWait)
    osSemaphoreCreate                        0x00008ab9   Thumb Code    36  rt_cmsis.o(i.osSemaphoreCreate)
    osSemaphoreRelease                       0x00008ae5   Thumb Code    18  rt_cmsis.o(i.osSemaphoreRelease)
    osSemaphoreWait                          0x00008afd   Thumb Code    20  rt_cmsis.o(i.osSemaphoreWait)
    osSignalClear                            0x00008b15   Thumb Code    20  rt_cmsis.o(i.osSignalClear)
    osSignalSet                              0x00008b2d   Thumb Code    18  rt_cmsis.o(i.osSignalSet)
    osSignalWait                             0x00008b45   Thumb Code    18  rt_cmsis.o(i.osSignalWait)
    osThreadCreate                           0x00008b5d   Thumb Code    36  rt_cmsis.o(i.osThreadCreate)
    osThreadExit                             0x00008b89   Thumb Code    14  rt_cmsis.o(i.osThreadExit)
    osThreadYield                            0x00008ba1   Thumb Code    18  rt_cmsis.o(i.osThreadYield)
    osTimerCall                              0x00008bb9   Thumb Code     8  rt_cmsis.o(i.osTimerCall)
    osTimerCreate                            0x00008bc5   Thumb Code    36  rt_cmsis.o(i.osTimerCreate)
    osTimerStart                             0x00008bf1   Thumb Code    18  rt_cmsis.o(i.osTimerStart)
    osTimerThread                            0x00008c09   Thumb Code    38  rt_cmsis.o(i.osTimerThread)
    os_error                                 0x00008c35   Thumb Code    34  rtx_conf_cm.o(i.os_error)
    os_idle_demon                            0x00008c57   Thumb Code     4  rtx_conf_cm.o(i.os_idle_demon)
    os_tick_init                             0x00008c5d   Thumb Code    32  rt_system.o(i.os_tick_init)
    os_tick_irqack                           0x00008c85   Thumb Code     2  rt_system.o(i.os_tick_irqack)
    os_tick_ovf                              0x00008c89   Thumb Code    10  rt_system.o(i.os_tick_ovf)
    os_tick_val                              0x00008c99   Thumb Code    14  rt_system.o(i.os_tick_val)
    recep_CAN                                0x00008e25   Thumb Code   174  udp_socket.o(i.recep_CAN)
    rt_alloc_box                             0x00008f05   Thumb Code    26  rt_membox.o(i.rt_alloc_box)
    rt_alloc_mem                             0x00008f1f   Thumb Code    62  rt_memory.o(i.rt_alloc_mem)
    rt_block                                 0x00008f5d   Thumb Code    48  rt_task.o(i.rt_block)
    rt_chk_robin                             0x00008f95   Thumb Code    60  rt_robin.o(i.rt_chk_robin)
    rt_dec_dly                               0x00008fdd   Thumb Code   102  rt_list.o(i.rt_dec_dly)
    rt_dispatch                              0x0000904d   Thumb Code    60  rt_task.o(i.rt_dispatch)
    rt_evt_clr                               0x00009091   Thumb Code    22  rt_event.o(i.rt_evt_clr)
    rt_evt_psh                               0x000090ad   Thumb Code    76  rt_event.o(i.rt_evt_psh)
    rt_evt_set                               0x000090fd   Thumb Code    88  rt_event.o(i.rt_evt_set)
    rt_evt_wait                              0x00009159   Thumb Code    56  rt_event.o(i.rt_evt_wait)
    rt_free_box                              0x00009195   Thumb Code    44  rt_membox.o(i.rt_free_box)
    rt_free_mem                              0x000091c1   Thumb Code    40  rt_memory.o(i.rt_free_mem)
    rt_get_first                             0x000091e9   Thumb Code    40  rt_list.o(i.rt_get_first)
    rt_get_same_rdy_prio                     0x00009211   Thumb Code    26  rt_list.o(i.rt_get_same_rdy_prio)
    rt_init_mem                              0x00009285   Thumb Code    26  rt_memory.o(i.rt_init_mem)
    rt_init_robin                            0x000092a1   Thumb Code    14  rt_robin.o(i.rt_init_robin)
    rt_init_stack                            0x000092b9   Thumb Code   118  hal_cm.o(i.rt_init_stack)
    rt_mbx_check                             0x00009339   Thumb Code     8  rt_mailbox.o(i.rt_mbx_check)
    rt_mbx_init                              0x00009341   Thumb Code    26  rt_mailbox.o(i.rt_mbx_init)
    rt_mbx_psh                               0x0000935d   Thumb Code   236  rt_mailbox.o(i.rt_mbx_psh)
    rt_mbx_wait                              0x0000944d   Thumb Code   174  rt_mailbox.o(i.rt_mbx_wait)
    rt_mut_init                              0x00009545   Thumb Code    16  rt_mutex.o(i.rt_mut_init)
    rt_mut_release                           0x00009555   Thumb Code   208  rt_mutex.o(i.rt_mut_release)
    rt_mut_wait                              0x0000962d   Thumb Code   114  rt_mutex.o(i.rt_mut_wait)
    rt_pop_req                               0x000096a5   Thumb Code   112  rt_system.o(i.rt_pop_req)
    rt_psh_req                               0x00009721   Thumb Code    22  rt_system.o(i.rt_psh_req)
    rt_psq_enq                               0x00009741   Thumb Code    88  rt_list.o(i.rt_psq_enq)
    rt_put_dly                               0x0000979d   Thumb Code    68  rt_list.o(i.rt_put_dly)
    rt_put_prio                              0x000097e5   Thumb Code    54  rt_list.o(i.rt_put_prio)
    rt_put_rdy_first                         0x0000981d   Thumb Code    14  rt_list.o(i.rt_put_rdy_first)
    rt_resort_prio                           0x00009831   Thumb Code    46  rt_list.o(i.rt_resort_prio)
    rt_ret_val                               0x00009865   Thumb Code     6  hal_cm.o(i.rt_ret_val)
    rt_ret_val2                              0x0000986b   Thumb Code     8  hal_cm.o(i.rt_ret_val2)
    rt_rmv_dly                               0x00009873   Thumb Code    40  rt_list.o(i.rt_rmv_dly)
    rt_rmv_list                              0x0000989d   Thumb Code    44  rt_list.o(i.rt_rmv_list)
    rt_sem_init                              0x000098cd   Thumb Code    12  rt_semaphore.o(i.rt_sem_init)
    rt_sem_psh                               0x000098d9   Thumb Code    48  rt_semaphore.o(i.rt_sem_psh)
    rt_sem_send                              0x0000990d   Thumb Code    42  rt_semaphore.o(i.rt_sem_send)
    rt_sem_wait                              0x00009939   Thumb Code    58  rt_semaphore.o(i.rt_sem_wait)
    rt_stk_check                             0x00009979   Thumb Code    28  rt_system.o(i.rt_stk_check)
    rt_switch_req                            0x0000999d   Thumb Code    30  rt_task.o(i.rt_switch_req)
    rt_sys_init                              0x000099c5   Thumb Code   138  rt_task.o(i.rt_sys_init)
    rt_sys_start                             0x00009a91   Thumb Code   110  rt_task.o(i.rt_sys_start)
    rt_systick                               0x00009b09   Thumb Code    50  rt_system.o(i.rt_systick)
    rt_tsk_create                            0x00009bcd   Thumb Code   118  rt_task.o(i.rt_tsk_create)
    rt_tsk_delete                            0x00009c55   Thumb Code   352  rt_task.o(i.rt_tsk_delete)
    rt_tsk_pass                              0x00009dd1   Thumb Code    38  rt_task.o(i.rt_tsk_pass)
    rt_tsk_prio                              0x00009e01   Thumb Code   108  rt_task.o(i.rt_tsk_prio)
    rt_tsk_self                              0x00009e7d   Thumb Code    12  rt_task.o(i.rt_tsk_self)
    send_udp_data                            0x00009e8d   Thumb Code   172  udp_socket.o(i.send_udp_data)
    svcKernelInitialize                      0x0000a01d   Thumb Code    80  rt_cmsis.o(i.svcKernelInitialize)
    svcKernelStart                           0x0000a08d   Thumb Code    62  rt_cmsis.o(i.svcKernelStart)
    svcKernelSysTick                         0x0000a0d5   Thumb Code    46  rt_cmsis.o(i.svcKernelSysTick)
    svcMessageCreate                         0x0000a10d   Thumb Code    36  rt_cmsis.o(i.svcMessageCreate)
    svcMessageGet                            0x0000a131   Thumb Code    58  rt_cmsis.o(i.svcMessageGet)
    svcMutexCreate                           0x0000a16b   Thumb Code    28  rt_cmsis.o(i.svcMutexCreate)
    svcMutexRelease                          0x0000a187   Thumb Code    34  rt_cmsis.o(i.svcMutexRelease)
    svcMutexWait                             0x0000a1a9   Thumb Code    58  rt_cmsis.o(i.svcMutexWait)
    svcSemaphoreCreate                       0x0000a1e3   Thumb Code    36  rt_cmsis.o(i.svcSemaphoreCreate)
    svcSemaphoreRelease                      0x0000a207   Thumb Code    40  rt_cmsis.o(i.svcSemaphoreRelease)
    svcSemaphoreWait                         0x0000a22f   Thumb Code    50  rt_cmsis.o(i.svcSemaphoreWait)
    svcSignalClear                           0x0000a261   Thumb Code    36  rt_cmsis.o(i.svcSignalClear)
    svcSignalSet                             0x0000a285   Thumb Code    36  rt_cmsis.o(i.svcSignalSet)
    svcSignalWait                            0x0000a2a9   Thumb Code    80  rt_cmsis.o(i.svcSignalWait)
    svcThreadCreate                          0x0000a2fd   Thumb Code    96  rt_cmsis.o(i.svcThreadCreate)
    svcThreadGetId                           0x0000a369   Thumb Code    22  rt_cmsis.o(i.svcThreadGetId)
    svcThreadTerminate                       0x0000a385   Thumb Code    50  rt_cmsis.o(i.svcThreadTerminate)
    svcThreadYield                           0x0000a3bd   Thumb Code    10  rt_cmsis.o(i.svcThreadYield)
    svcTimerCall                             0x0000a3c7   Thumb Code    24  rt_cmsis.o(i.svcTimerCall)
    svcTimerCreate                           0x0000a3e1   Thumb Code    52  rt_cmsis.o(i.svcTimerCreate)
    svcTimerStart                            0x0000a419   Thumb Code    96  rt_cmsis.o(i.svcTimerStart)
    sysTimerTick                             0x0000a47d   Thumb Code    84  rt_cmsis.o(i.sysTimerTick)
    udp_cb_func                              0x0000a551   Thumb Code    96  udp_socket.o(i.udp_cb_func)
    _get_lc_ctype                            0x0000a721   Thumb Code    44  lc_ctype_c.o(locale$$code)
    GLCD_Font_6x8                            0x0000bfe0   Data          16  glcd_fonts.o(.constdata)
    GLCD_Font_16x24                          0x0000bff0   Data          16  glcd_fonts.o(.constdata)
    LED_PIN                                  0x0000c000   Data          16  led_mcb1700.o(.constdata)
    os_maxtaskrun                            0x0000c010   Data           2  rtx_conf_cm.o(.constdata)
    os_stackinfo                             0x0000c014   Data           4  rtx_conf_cm.o(.constdata)
    os_rrobin                                0x0000c018   Data           4  rtx_conf_cm.o(.constdata)
    os_tickfreq                              0x0000c01c   Data           4  rtx_conf_cm.o(.constdata)
    os_tickus_i                              0x0000c020   Data           2  rtx_conf_cm.o(.constdata)
    os_tickus_f                              0x0000c022   Data           2  rtx_conf_cm.o(.constdata)
    os_trv                                   0x0000c024   Data           4  rtx_conf_cm.o(.constdata)
    os_flags                                 0x0000c028   Data           1  rtx_conf_cm.o(.constdata)
    CMSIS_RTOS_API_Version                   0x0000c02c   Data           4  rtx_conf_cm.o(.constdata)
    CMSIS_RTOS_RTX_Version                   0x0000c030   Data           4  rtx_conf_cm.o(.constdata)
    os_clockrate                             0x0000c034   Data           4  rtx_conf_cm.o(.constdata)
    os_timernum                              0x0000c038   Data           4  rtx_conf_cm.o(.constdata)
    mp_tcb_size                              0x0000c03c   Data           2  rtx_conf_cm.o(.constdata)
    mp_stk_size                              0x0000c040   Data           4  rtx_conf_cm.o(.constdata)
    os_stack_sz                              0x0000c044   Data           4  rtx_conf_cm.o(.constdata)
    os_fifo_size                             0x0000c048   Data           1  rtx_conf_cm.o(.constdata)
    os_thread_def_osTimerThread              0x0000c04c   Data          16  rtx_conf_cm.o(.constdata)
    os_messageQ_def_osTimerMessageQ          0x0000c05c   Data           8  rtx_conf_cm.o(.constdata)
    mp_tmr_size                              0x0000c064   Data           2  rtx_conf_cm.o(.constdata)
    os_thread_def_main                       0x0000c068   Data          16  rtx_conf_cm.o(.constdata)
    Driver_CAN1                              0x0000c090   Data          60  can_lpc17xx.o(.constdata)
    Driver_CAN2                              0x0000c0cc   Data          60  can_lpc17xx.o(.constdata)
    Driver_ETH_MAC0                          0x0000c110   Data          68  emac_lpc17xx.o(.constdata)
    Driver_SPI0                              0x0000c1ec   Data          44  ssp_lpc17xx.o(.constdata)
    Driver_SPI1                              0x0000c218   Data          44  ssp_lpc17xx.o(.constdata)
    Driver_ETH_PHY0                          0x0000c248   Data          32  phy_dp83848c.o(.constdata)
    os_mutex_def_net_lock                    0x0000c268   Data           4  net_config.o(.constdata)
    os_mutex_def_mem_lock                    0x0000c26c   Data           4  net_config.o(.constdata)
    os_thread_def_netCore_Thread             0x0000c270   Data          16  net_config.o(.constdata)
    net_sys_config                           0x0000c280   Data          32  net_config.o(.constdata)
    os_semaphore_def_eth0_lock               0x0000c2a0   Data           4  net_config.o(.constdata)
    os_thread_def_netETH_Thread              0x0000c2a4   Data          16  net_config.o(.constdata)
    net_eth0_config                          0x0000c2e4   Data          32  net_config.o(.constdata)
    net_localm                               0x0000c304   Data          12  net_config.o(.constdata)
    net_localm6                              0x0000c310   Data          12  net_config.o(.constdata)
    net_udp_config                           0x0000c31c   Data           8  net_config.o(.constdata)
    net_sys_func                             0x0000c324   Data          56  net_config.o(.constdata)
    net_mac_bcast                            0x0000c35c   Data           6  net_eth.o(.constdata)
    net_ping_payload                         0x0000c36a   Data          18  net_ping.o(.constdata)
    os_timer_def_net_tick                    0x0000c37c   Data           8  net_sys.o(.constdata)
    net_addr4_bcast                          0x0000c384   Data           4  net_ip4.o(.constdata)
    net_addr4_loopback                       0x0000c388   Data           4  net_ip4.o(.constdata)
    net_addr6_all_nodes                      0x0000c38c   Data          16  net_ip6.o(.constdata)
    net_addr6_loopback                       0x0000c39c   Data          16  net_ip6.o(.constdata)
    net_addr6_all_routers                    0x0000c3ac   Data          16  net_ip6.o(.constdata)
    net_addr_null                            0x0000c3bc   Data          16  net_addr.o(.constdata)
    Region$$Table$$Base                      0x0000c464   Number         0  anon$$obj.o(Region$$Table)
    Region$$Table$$Limit                     0x0000c484   Number         0  anon$$obj.o(Region$$Table)
    __ctype                                  0x0000c491   Data           0  lc_ctype_c.o(locale$$data)
    __MW_NET_VER                             0x07030000   Number         0  net_version.o ABSOLUTE
    udp_sock                                 0x10000000   Data           4  udp_socket.o(.data)
    osThreadId_osTimerThread                 0x10000018   Data           4  rtx_conf_cm.o(.data)
    osMessageQId_osTimerMessageQ             0x1000001c   Data           4  rtx_conf_cm.o(.data)
    os_tmr                                   0x10000020   Data           4  rtx_conf_cm.o(.data)
    m_tmr                                    0x10000024   Data           4  rtx_conf_cm.o(.data)
    iap_entry                                0x10000068   Data           4  emac_lpc17xx.o(.data)
    SystemCoreClock                          0x10000088   Data           4  system_lpc17xx.o(.data)
    os_semaphore_cb_eth0_lock                0x1000008c   Data           8  net_config.o(.data)
    os_initialized                           0x1000009c   Data           1  rt_cmsis.o(.data)
    os_running                               0x1000009d   Data           1  rt_cmsis.o(.data)
    os_timer_head                            0x100000a0   Data           4  rt_cmsis.o(.data)
    os_tsk                                   0x100000a4   Data           8  rt_task.o(.data)
    os_tick_irqn                             0x100000c8   Data           4  rt_system.o(.data)
    os_time                                  0x100000cc   Data           4  rt_time.o(.data)
    os_robin                                 0x100000d0   Data           8  rt_robin.o(.data)
    dbg_msg                                  0x100000d8   Data           1  hal_cm.o(.data)
    mp_tcb                                   0x100000f0   Data         376  rtx_conf_cm.o(.bss)
    mp_stk                                   0x10000268   Data        3216  rtx_conf_cm.o(.bss)
    os_stack_mem                             0x10000ef8   Data        2584  rtx_conf_cm.o(.bss)
    os_fifo                                  0x10001910   Data         132  rtx_conf_cm.o(.bss)
    os_active_TCB                            0x10001994   Data          28  rtx_conf_cm.o(.bss)
    os_messageQ_q_osTimerMessageQ            0x100019b0   Data          32  rtx_conf_cm.o(.bss)
    os_mutex_cb_net_lock                     0x10007740   Data          16  net_config.o(.bss)
    os_mutex_cb_mem_lock                     0x10007750   Data          16  net_config.o(.bss)
    os_idle_TCB                              0x1000783c   Data          52  rt_task.o(.bss)
    net_eth_control                          0x10007870   Data         148  net_eth.o(.bss)
    net_ping_control                         0x10007928   Data          32  net_ping.o(.bss)
    net_sys_control                          0x10007948   Data          48  net_sys.o(.bss)
    os_timer_cb_net_tick                     0x10007978   Data          24  net_sys.o(.bss)
    os_rdy                                   0x10007990   Data          24  rt_list.o(.bss)
    os_dly                                   0x100079a8   Data          24  rt_list.o(.bss)
    __libspace_start                         0x10007a6c   Data          96  libspace.o(.bss)
    __temporary_stack_top$libspace           0x10007acc   Data           0  libspace.o(.bss)



==============================================================================

Memory Map of the image

  Image Entry point : 0x000000cd

  Load Region LR_IROM1 (Base: 0x00000000, Size: 0x0000c680, Max: 0x00080000, ABSOLUTE)

    Execution Region ER_IROM1 (Base: 0x00000000, Size: 0x0000c594, Max: 0x00080000, ABSOLUTE)

    Base Addr    Size         Type   Attr      Idx    E Section Name        Object

    0x00000000   0x000000cc   Data   RO         1376    RESET               startup_lpc17xx.o
    0x000000cc   0x00000008   Code   RO         3297  * !!!main             c_w.l(__main.o)
    0x000000d4   0x00000034   Code   RO         3490    !!!scatter          c_w.l(__scatter.o)
    0x00000108   0x0000001a   Code   RO         3492    !!handler_copy      c_w.l(__scatter_copy.o)
    0x00000122   0x00000002   PAD
    0x00000124   0x0000001c   Code   RO         3494    !!handler_zi        c_w.l(__scatter_zi.o)
    0x00000140   0x00000000   Code   RO         3276    .ARM.Collect$$_printf_percent$$00000000  c_w.l(_printf_percent.o)
    0x00000140   0x00000006   Code   RO         3275    .ARM.Collect$$_printf_percent$$00000009  c_w.l(_printf_d.o)
    0x00000146   0x00000006   Code   RO         3274    .ARM.Collect$$_printf_percent$$0000000C  c_w.l(_printf_x.o)
    0x0000014c   0x00000004   Code   RO         3312    .ARM.Collect$$_printf_percent$$00000017  c_w.l(_printf_percent_end.o)
    0x00000150   0x00000002   Code   RO         3365    .ARM.Collect$$libinit$$00000000  c_w.l(libinit.o)
    0x00000152   0x00000000   Code   RO         3387    .ARM.Collect$$libinit$$00000002  c_w.l(libinit2.o)
    0x00000152   0x00000000   Code   RO         3389    .ARM.Collect$$libinit$$00000004  c_w.l(libinit2.o)
    0x00000152   0x00000000   Code   RO         3392    .ARM.Collect$$libinit$$0000000A  c_w.l(libinit2.o)
    0x00000152   0x00000000   Code   RO         3394    .ARM.Collect$$libinit$$0000000C  c_w.l(libinit2.o)
    0x00000152   0x00000000   Code   RO         3396    .ARM.Collect$$libinit$$0000000E  c_w.l(libinit2.o)
    0x00000152   0x00000006   Code   RO         3397    .ARM.Collect$$libinit$$0000000F  c_w.l(libinit2.o)
    0x00000158   0x00000000   Code   RO         3399    .ARM.Collect$$libinit$$00000011  c_w.l(libinit2.o)
    0x00000158   0x0000000c   Code   RO         3400    .ARM.Collect$$libinit$$00000012  c_w.l(libinit2.o)
    0x00000164   0x00000000   Code   RO         3401    .ARM.Collect$$libinit$$00000013  c_w.l(libinit2.o)
    0x00000164   0x00000000   Code   RO         3403    .ARM.Collect$$libinit$$00000015  c_w.l(libinit2.o)
    0x00000164   0x00000000   Code   RO         3405    .ARM.Collect$$libinit$$00000017  c_w.l(libinit2.o)
    0x00000164   0x00000000   Code   RO         3407    .ARM.Collect$$libinit$$00000019  c_w.l(libinit2.o)
    0x00000164   0x00000000   Code   RO         3409    .ARM.Collect$$libinit$$0000001B  c_w.l(libinit2.o)
    0x00000164   0x00000000   Code   RO         3411    .ARM.Collect$$libinit$$0000001D  c_w.l(libinit2.o)
    0x00000164   0x00000000   Code   RO         3413    .ARM.Collect$$libinit$$0000001F  c_w.l(libinit2.o)
    0x00000164   0x00000000   Code   RO         3415    .ARM.Collect$$libinit$$00000021  c_w.l(libinit2.o)
    0x00000164   0x00000000   Code   RO         3417    .ARM.Collect$$libinit$$00000023  c_w.l(libinit2.o)
    0x00000164   0x00000000   Code   RO         3419    .ARM.Collect$$libinit$$00000025  c_w.l(libinit2.o)
    0x00000164   0x00000000   Code   RO         3423    .ARM.Collect$$libinit$$0000002C  c_w.l(libinit2.o)
    0x00000164   0x00000000   Code   RO         3425    .ARM.Collect$$libinit$$0000002E  c_w.l(libinit2.o)
    0x00000164   0x00000000   Code   RO         3427    .ARM.Collect$$libinit$$00000030  c_w.l(libinit2.o)
    0x00000164   0x00000000   Code   RO         3429    .ARM.Collect$$libinit$$00000032  c_w.l(libinit2.o)
    0x00000164   0x00000002   Code   RO         3430    .ARM.Collect$$libinit$$00000033  c_w.l(libinit2.o)
    0x00000166   0x00000002   Code   RO         3366    .ARM.Collect$$libshutdown$$00000000  c_w.l(libshutdown.o)
    0x00000168   0x00000000   Code   RO         3432    .ARM.Collect$$libshutdown$$00000002  c_w.l(libshutdown2.o)
    0x00000168   0x00000000   Code   RO         3434    .ARM.Collect$$libshutdown$$00000004  c_w.l(libshutdown2.o)
    0x00000168   0x00000000   Code   RO         3437    .ARM.Collect$$libshutdown$$00000007  c_w.l(libshutdown2.o)
    0x00000168   0x00000000   Code   RO         3440    .ARM.Collect$$libshutdown$$0000000A  c_w.l(libshutdown2.o)
    0x00000168   0x00000000   Code   RO         3442    .ARM.Collect$$libshutdown$$0000000C  c_w.l(libshutdown2.o)
    0x00000168   0x00000000   Code   RO         3445    .ARM.Collect$$libshutdown$$0000000F  c_w.l(libshutdown2.o)
    0x00000168   0x00000002   Code   RO         3446    .ARM.Collect$$libshutdown$$00000010  c_w.l(libshutdown2.o)
    0x0000016a   0x00000000   Code   RO         3299    .ARM.Collect$$rtentry$$00000000  c_w.l(__rtentry.o)
    0x0000016a   0x00000000   Code   RO         3320    .ARM.Collect$$rtentry$$00000002  c_w.l(__rtentry2.o)
    0x0000016a   0x00000006   Code   RO         3332    .ARM.Collect$$rtentry$$00000004  c_w.l(__rtentry4.o)
    0x00000170   0x00000000   Code   RO         3322    .ARM.Collect$$rtentry$$00000009  c_w.l(__rtentry2.o)
    0x00000170   0x00000004   Code   RO         3323    .ARM.Collect$$rtentry$$0000000A  c_w.l(__rtentry2.o)
    0x00000174   0x00000008   Code   RO         3324    .ARM.Collect$$rtentry$$0000000B  c_w.l(__rtentry2.o)
    0x0000017c   0x00000008   Code   RO         3326    .ARM.Collect$$rtentry$$0000000D  c_w.l(__rtentry2.o)
    0x00000184   0x00000002   Code   RO         3300    .ARM.Collect$$rtexit$$00000000  c_w.l(rtexit.o)
    0x00000186   0x00000000   Code   RO         3335    .ARM.Collect$$rtexit$$00000002  c_w.l(rtexit2.o)
    0x00000186   0x00000004   Code   RO         3336    .ARM.Collect$$rtexit$$00000003  c_w.l(rtexit2.o)
    0x0000018a   0x00000006   Code   RO         3337    .ARM.Collect$$rtexit$$00000004  c_w.l(rtexit2.o)
    0x00000190   0x0000001c   Code   RO          414    .emb_text           rtx_conf_cm.o
    0x000001ac   0x00000130   Code   RO         2954    .emb_text           RTX_CM3.lib(hal_cm3.o)
    0x000002dc   0x00000008   Code   RO         3218    .text               c_w.l(libspace.o)
    0x000002e4   0x00000012   Code   RO         3281    .text               c_w.l(exit.o)
    0x000002f6   0x00000006   Code   RO         3295    .text               c_w.l(heapauxi.o)
    0x000002fc   0x00000004   Code   RO         1377    .ARM.__at_0x02FC    startup_lpc17xx.o
    0x00000300   0x0000003c   Code   RO         1378    .text               startup_lpc17xx.o
    0x0000033c   0x000000ee   Code   RO         3221    .text               c_w.l(lludivv7m.o)
    0x0000042a   0x00000002   PAD
    0x0000042c   0x0000002c   Code   RO         3223    .text               c_w.l(__2sprintf.o)
    0x00000458   0x0000004e   Code   RO         3229    .text               c_w.l(_printf_pad.o)
    0x000004a6   0x00000002   PAD
    0x000004a8   0x00000078   Code   RO         3231    .text               c_w.l(_printf_dec.o)
    0x00000520   0x00000058   Code   RO         3236    .text               c_w.l(_printf_hex_int.o)
    0x00000578   0x00000138   Code   RO         3266    .text               c_w.l(__printf_flags_wp.o)
    0x000006b0   0x0000003c   Code   RO         3277    .text               c_w.l(__0sscanf.o)
    0x000006ec   0x0000014c   Code   RO         3279    .text               c_w.l(_scanf_int.o)
    0x00000838   0x00000058   Code   RO         3283    .text               c_w.l(memcmp.o)
    0x00000890   0x0000008a   Code   RO         3287    .text               c_w.l(rt_memcpy_v6.o)
    0x0000091a   0x00000064   Code   RO         3289    .text               c_w.l(rt_memcpy_w.o)
    0x0000097e   0x00000044   Code   RO         3291    .text               c_w.l(rt_memclr.o)
    0x000009c2   0x0000004e   Code   RO         3293    .text               c_w.l(rt_memclr_w.o)
    0x00000a10   0x000000b2   Code   RO         3306    .text               c_w.l(_printf_intcommon.o)
    0x00000ac2   0x00000002   PAD
    0x00000ac4   0x00000030   Code   RO         3308    .text               c_w.l(_printf_char_common.o)
    0x00000af4   0x0000000a   Code   RO         3310    .text               c_w.l(_sputc.o)
    0x00000afe   0x0000001c   Code   RO         3313    .text               c_w.l(_chval.o)
    0x00000b1a   0x00000002   PAD
    0x00000b1c   0x0000002c   Code   RO         3315    .text               c_w.l(scanf_char.o)
    0x00000b48   0x00000040   Code   RO         3317    .text               c_w.l(_sgetc.o)
    0x00000b88   0x00000012   Code   RO         3343    .text               c_w.l(isspace.o)
    0x00000b9a   0x00000002   PAD
    0x00000b9c   0x00000374   Code   RO         3347    .text               c_w.l(_scanf.o)
    0x00000f10   0x0000000c   Code   RO         3349    .text               c_w.l(sys_exit.o)
    0x00000f1c   0x0000004a   Code   RO         3351    .text               c_w.l(sys_stackheap_outer.o)
    0x00000f66   0x00000002   PAD
    0x00000f68   0x00000010   Code   RO         3353    .text               c_w.l(rt_ctype_table.o)
    0x00000f78   0x00000002   Code   RO         3367    .text               c_w.l(use_no_semi.o)
    0x00000f7a   0x00000000   Code   RO         3369    .text               c_w.l(indicate_semi.o)
    0x00000f7a   0x0000000a   Code   RO         3377    .text               c_w.l(rt_locale_twolibspace.o)
    0x00000f84   0x00000080   Code   RO         3451    .text               c_w.l(strcmpv7m.o)
    0x00001004   0x00000004   Code   RO         3213    SVC_TABLE           RTX_CM3.lib(svc_table.o)
    0x00001008   0x00000012   Code   RO          475    i.CAN1_Control      can_lpc17xx.o
    0x0000101a   0x0000000a   Code   RO          476    i.CAN1_GetClock     can_lpc17xx.o
    0x00001024   0x0000000c   Code   RO          477    i.CAN1_GetStatus    can_lpc17xx.o
    0x00001030   0x00000012   Code   RO          478    i.CAN1_Initialize   can_lpc17xx.o
    0x00001042   0x0000001c   Code   RO          479    i.CAN1_MessageRead  can_lpc17xx.o
    0x0000105e   0x0000001c   Code   RO          480    i.CAN1_MessageSend  can_lpc17xx.o
    0x0000107a   0x00000012   Code   RO          481    i.CAN1_ObjectConfigure  can_lpc17xx.o
    0x0000108c   0x00000010   Code   RO          482    i.CAN1_ObjectGetCapabilities  can_lpc17xx.o
    0x0000109c   0x0000001c   Code   RO          483    i.CAN1_ObjectSetFilter  can_lpc17xx.o
    0x000010b8   0x0000000e   Code   RO          484    i.CAN1_PowerControl  can_lpc17xx.o
    0x000010c6   0x00000016   Code   RO          485    i.CAN1_SetBitrate   can_lpc17xx.o
    0x000010dc   0x0000000e   Code   RO          486    i.CAN1_SetMode      can_lpc17xx.o
    0x000010ea   0x0000000a   Code   RO          487    i.CAN1_Uninitialize  can_lpc17xx.o
    0x000010f4   0x00000012   Code   RO          488    i.CAN2_Control      can_lpc17xx.o
    0x00001106   0x0000000a   Code   RO          489    i.CAN2_GetClock     can_lpc17xx.o
    0x00001110   0x0000000c   Code   RO          490    i.CAN2_GetStatus    can_lpc17xx.o
    0x0000111c   0x00000012   Code   RO          491    i.CAN2_Initialize   can_lpc17xx.o
    0x0000112e   0x0000001c   Code   RO          492    i.CAN2_MessageRead  can_lpc17xx.o
    0x0000114a   0x0000001c   Code   RO          493    i.CAN2_MessageSend  can_lpc17xx.o
    0x00001166   0x00000012   Code   RO          494    i.CAN2_ObjectConfigure  can_lpc17xx.o
    0x00001178   0x00000010   Code   RO          495    i.CAN2_ObjectGetCapabilities  can_lpc17xx.o
    0x00001188   0x0000001c   Code   RO          496    i.CAN2_ObjectSetFilter  can_lpc17xx.o
    0x000011a4   0x0000000e   Code   RO          497    i.CAN2_PowerControl  can_lpc17xx.o
    0x000011b2   0x00000016   Code   RO          498    i.CAN2_SetBitrate   can_lpc17xx.o
    0x000011c8   0x0000000e   Code   RO          499    i.CAN2_SetMode      can_lpc17xx.o
    0x000011d6   0x0000000a   Code   RO          500    i.CAN2_Uninitialize  can_lpc17xx.o
    0x000011e0   0x0000000c   Code   RO          501    i.CAN_GetCapabilities  can_lpc17xx.o
    0x000011ec   0x00000010   Code   RO          502    i.CAN_GetVersion    can_lpc17xx.o
    0x000011fc   0x000001f0   Code   RO          503    i.CAN_IRQHandler    can_lpc17xx.o
    0x000013ec   0x00000438   Code   RO          504    i.CANx_AddFilter    can_lpc17xx.o
    0x00001824   0x00000084   Code   RO          505    i.CANx_Control      can_lpc17xx.o
    0x000018a8   0x000000a4   Code   RO          506    i.CANx_GetClock     can_lpc17xx.o
    0x0000194c   0x000000d8   Code   RO          507    i.CANx_GetStatus    can_lpc17xx.o
    0x00001a24   0x0000007c   Code   RO          508    i.CANx_Initialize   can_lpc17xx.o
    0x00001aa0   0x000000b4   Code   RO          509    i.CANx_MessageRead  can_lpc17xx.o
    0x00001b54   0x00000240   Code   RO          510    i.CANx_MessageSend  can_lpc17xx.o
    0x00001d94   0x00000090   Code   RO          511    i.CANx_ObjectConfigure  can_lpc17xx.o
    0x00001e24   0x0000002c   Code   RO          512    i.CANx_ObjectGetCapabilities  can_lpc17xx.o
    0x00001e50   0x000000a8   Code   RO          513    i.CANx_ObjectSetFilter  can_lpc17xx.o
    0x00001ef8   0x00000140   Code   RO          514    i.CANx_PowerControl  can_lpc17xx.o
    0x00002038   0x000003f8   Code   RO          515    i.CANx_RemoveFilter  can_lpc17xx.o
    0x00002430   0x0000005c   Code   RO          516    i.CANx_ResetRuntimeInfo  can_lpc17xx.o
    0x0000248c   0x00000134   Code   RO          517    i.CANx_SetBitrate   can_lpc17xx.o
    0x000025c0   0x00000140   Code   RO          518    i.CANx_SetMode      can_lpc17xx.o
    0x00002700   0x00000058   Code   RO          519    i.CANx_Uninitialize  can_lpc17xx.o
    0x00002758   0x00000020   Code   RO         1197    i.Clear_Channel_active_flag  gpdma_lpc17xx.o
    0x00002778   0x00000198   Code   RO          743    i.Control           emac_lpc17xx.o
    0x00002910   0x00000008   Code   RO          744    i.ControlTimer      emac_lpc17xx.o
    0x00002918   0x00000180   Code   RO         1198    i.DMA_IRQHandler    gpdma_lpc17xx.o
    0x00002a98   0x00000048   Code   RO          745    i.ENET_IRQHandler   emac_lpc17xx.o
    0x00002ae0   0x00000030   Code   RO          168    i.GLCD_ClearScreen  glcd_mcb1700.o
    0x00002b10   0x000000d0   Code   RO          171    i.GLCD_DrawChar     glcd_mcb1700.o
    0x00002be0   0x0000002c   Code   RO          175    i.GLCD_DrawString   glcd_mcb1700.o
    0x00002c0c   0x000005b6   Code   RO          179    i.GLCD_Initialize   glcd_mcb1700.o
    0x000031c2   0x00000002   PAD
    0x000031c4   0x00000010   Code   RO          181    i.GLCD_SetFont      glcd_mcb1700.o
    0x000031d4   0x000000ac   Code   RO          183    i.GLCD_SetWindow    glcd_mcb1700.o
    0x00003280   0x00000012   Code   RO          186    i.GLCD_WindowMax    glcd_mcb1700.o
    0x00003292   0x00000002   PAD
    0x00003294   0x000000f4   Code   RO         1199    i.GPDMA_ChannelConfigure  gpdma_lpc17xx.o
    0x00003388   0x00000030   Code   RO         1200    i.GPDMA_ChannelDisable  gpdma_lpc17xx.o
    0x000033b8   0x00000030   Code   RO         1202    i.GPDMA_ChannelGetCount  gpdma_lpc17xx.o
    0x000033e8   0x000000a8   Code   RO         1204    i.GPDMA_Initialize  gpdma_lpc17xx.o
    0x00003490   0x00000044   Code   RO         1205    i.GPDMA_PeripheralSelect  gpdma_lpc17xx.o
    0x000034d4   0x00000080   Code   RO         1206    i.GPDMA_Uninitialize  gpdma_lpc17xx.o
    0x00003554   0x00000020   Code   RO         1287    i.GPIO_PinRead      gpio_lpc17xx.o
    0x00003574   0x00000028   Code   RO         1288    i.GPIO_PinWrite     gpio_lpc17xx.o
    0x0000359c   0x0000002c   Code   RO         1289    i.GPIO_PortClock    gpio_lpc17xx.o
    0x000035c8   0x00000014   Code   RO         1290    i.GPIO_PortRead     gpio_lpc17xx.o
    0x000035dc   0x00000038   Code   RO         1292    i.GPIO_SetDir       gpio_lpc17xx.o
    0x00003614   0x0000000c   Code   RO          746    i.GetCapabilities   emac_lpc17xx.o
    0x00003620   0x00000068   Code   RO         1138    i.GetLinkInfo       phy_dp83848c.o
    0x00003688   0x0000002c   Code   RO         1139    i.GetLinkState      phy_dp83848c.o
    0x000036b4   0x00000048   Code   RO          747    i.GetMacAddress     emac_lpc17xx.o
    0x000036fc   0x00000054   Code   RO          748    i.GetRxFrameSize    emac_lpc17xx.o
    0x00003750   0x00000008   Code   RO          749    i.GetRxFrameTime    emac_lpc17xx.o
    0x00003758   0x00000044   Code   RO          904    i.GetSSPClockFreq   ssp_lpc17xx.o
    0x0000379c   0x00000008   Code   RO          750    i.GetTxFrameTime    emac_lpc17xx.o
    0x000037a4   0x00000010   Code   RO          751    i.GetVersion        emac_lpc17xx.o
    0x000037b4   0x00000010   Code   RO         1140    i.GetVersion        phy_dp83848c.o
    0x000037c4   0x00000048   Code   RO           89    i.InitCan1          basecan.o
    0x0000380c   0x00000048   Code   RO           90    i.InitCan2          basecan.o
    0x00003854   0x00000170   Code   RO          752    i.Initialize        emac_lpc17xx.o
    0x000039c4   0x00000030   Code   RO         1141    i.Initialize        phy_dp83848c.o
    0x000039f4   0x0000005c   Code   RO          370    i.LED_Initialize    led_mcb1700.o
    0x00003a50   0x000000e8   Code   RO          753    i.PHY_Read          emac_lpc17xx.o
    0x00003b38   0x000000d8   Code   RO          754    i.PHY_Write         emac_lpc17xx.o
    0x00003c10   0x000000fc   Code   RO         1341    i.PIN_Configure     pin_lpc17xx.o
    0x00003d0c   0x00000224   Code   RO          755    i.PowerControl      emac_lpc17xx.o
    0x00003f30   0x000000d4   Code   RO         1142    i.PowerControl      phy_dp83848c.o
    0x00004004   0x00000074   Code   RO          756    i.ReadFrame         emac_lpc17xx.o
    0x00004078   0x00000018   Code   RO          905    i.SSP0_Control      ssp_lpc17xx.o
    0x00004090   0x00000014   Code   RO          906    i.SSP0_GPDMA_Rx_SignalEvent  ssp_lpc17xx.o
    0x000040a4   0x00000014   Code   RO          907    i.SSP0_GPDMA_Tx_SignalEvent  ssp_lpc17xx.o
    0x000040b8   0x00000010   Code   RO          908    i.SSP0_GetDataCount  ssp_lpc17xx.o
    0x000040c8   0x00000010   Code   RO          909    i.SSP0_GetStatus    ssp_lpc17xx.o
    0x000040d8   0x00000010   Code   RO          910    i.SSP0_IRQHandler   ssp_lpc17xx.o
    0x000040e8   0x00000014   Code   RO          911    i.SSP0_Initialize   ssp_lpc17xx.o
    0x000040fc   0x00000014   Code   RO          912    i.SSP0_PowerControl  ssp_lpc17xx.o
    0x00004110   0x00000018   Code   RO          913    i.SSP0_Receive      ssp_lpc17xx.o
    0x00004128   0x00000018   Code   RO          914    i.SSP0_Send         ssp_lpc17xx.o
    0x00004140   0x0000001c   Code   RO          915    i.SSP0_Transfer     ssp_lpc17xx.o
    0x0000415c   0x00000010   Code   RO          916    i.SSP0_Uninitialize  ssp_lpc17xx.o
    0x0000416c   0x00000018   Code   RO          917    i.SSP1_Control      ssp_lpc17xx.o
    0x00004184   0x00000014   Code   RO          918    i.SSP1_GPDMA_Rx_SignalEvent  ssp_lpc17xx.o
    0x00004198   0x00000014   Code   RO          919    i.SSP1_GPDMA_Tx_SignalEvent  ssp_lpc17xx.o
    0x000041ac   0x00000010   Code   RO          920    i.SSP1_GetDataCount  ssp_lpc17xx.o
    0x000041bc   0x00000010   Code   RO          921    i.SSP1_GetStatus    ssp_lpc17xx.o
    0x000041cc   0x00000010   Code   RO          922    i.SSP1_IRQHandler   ssp_lpc17xx.o
    0x000041dc   0x00000014   Code   RO          923    i.SSP1_Initialize   ssp_lpc17xx.o
    0x000041f0   0x00000014   Code   RO          924    i.SSP1_PowerControl  ssp_lpc17xx.o
    0x00004204   0x00000018   Code   RO          925    i.SSP1_Receive      ssp_lpc17xx.o
    0x0000421c   0x00000018   Code   RO          926    i.SSP1_Send         ssp_lpc17xx.o
    0x00004234   0x0000001c   Code   RO          927    i.SSP1_Transfer     ssp_lpc17xx.o
    0x00004250   0x00000010   Code   RO          928    i.SSP1_Uninitialize  ssp_lpc17xx.o
    0x00004260   0x0000000c   Code   RO          929    i.SSP_GetCapabilities  ssp_lpc17xx.o
    0x0000426c   0x00000010   Code   RO          930    i.SSP_GetVersion    ssp_lpc17xx.o
    0x0000427c   0x0000051e   Code   RO          931    i.SSPx_Control      ssp_lpc17xx.o
    0x0000479a   0x00000036   Code   RO          932    i.SSPx_GPDMA_Rx_SignalEvent  ssp_lpc17xx.o
    0x000047d0   0x0000001c   Code   RO          933    i.SSPx_GPDMA_Tx_SignalEvent  ssp_lpc17xx.o
    0x000047ec   0x0000002c   Code   RO          934    i.SSPx_GetDataCount  ssp_lpc17xx.o
    0x00004818   0x0000005a   Code   RO          935    i.SSPx_GetStatus    ssp_lpc17xx.o
    0x00004872   0x00000104   Code   RO          936    i.SSPx_IRQHandler   ssp_lpc17xx.o
    0x00004976   0x000000a8   Code   RO          937    i.SSPx_Initialize   ssp_lpc17xx.o
    0x00004a1e   0x00000002   PAD
    0x00004a20   0x000001b4   Code   RO          938    i.SSPx_PowerControl  ssp_lpc17xx.o
    0x00004bd4   0x0000015c   Code   RO          939    i.SSPx_Receive      ssp_lpc17xx.o
    0x00004d30   0x00000154   Code   RO          940    i.SSPx_Send         ssp_lpc17xx.o
    0x00004e84   0x00000152   Code   RO          941    i.SSPx_Transfer     ssp_lpc17xx.o
    0x00004fd6   0x00000070   Code   RO          942    i.SSPx_Uninitialize  ssp_lpc17xx.o
    0x00005046   0x00000002   PAD
    0x00005048   0x000000b8   Code   RO          757    i.SendFrame         emac_lpc17xx.o
    0x00005100   0x000000ac   Code   RO          758    i.SetAddressFilter  emac_lpc17xx.o
    0x000051ac   0x00000040   Code   RO         1143    i.SetInterface      phy_dp83848c.o
    0x000051ec   0x0000004c   Code   RO          759    i.SetMacAddress     emac_lpc17xx.o
    0x00005238   0x00000088   Code   RO         1144    i.SetMode           phy_dp83848c.o
    0x000052c0   0x00000038   Code   RO         1207    i.Set_Channel_active_flag  gpdma_lpc17xx.o
    0x000052f8   0x00000140   Code   RO         1388    i.SystemInit        system_lpc17xx.o
    0x00005438   0x00000100   Code   RO          760    i.Uninitialize      emac_lpc17xx.o
    0x00005538   0x00000014   Code   RO         1145    i.Uninitialize      phy_dp83848c.o
    0x0000554c   0x0000001c   Code   RO          943    i.__NVIC_ClearPendingIRQ  ssp_lpc17xx.o
    0x00005568   0x0000001c   Code   RO         1208    i.__NVIC_ClearPendingIRQ  gpdma_lpc17xx.o
    0x00005584   0x00000046   Code   RO         2853    i._init_box         RTX_CM3.lib(rt_membox.o)
    0x000055ca   0x0000000e   Code   RO         3264    i._is_digit         c_w.l(__printf_wp.o)
    0x000055d8   0x00000020   Code   RO          416    i._mutex_acquire    rtx_conf_cm.o
    0x000055f8   0x0000001c   Code   RO          418    i._mutex_release    rtx_conf_cm.o
    0x00005614   0x00000098   Code   RO         2322    i.arp_cache_alloc   Net_CM3_L.lib(net_arp.o)
    0x000056ac   0x00000040   Code   RO         2323    i.arp_is_cacheable  Net_CM3_L.lib(net_arp.o)
    0x000056ec   0x00000040   Code   RO         2324    i.arp_probe_run     Net_CM3_L.lib(net_arp.o)
    0x0000572c   0x00000080   Code   RO         2325    i.arp_proc_response  Net_CM3_L.lib(net_arp.o)
    0x000057ac   0x0000008c   Code   RO         2326    i.arp_send_reply    Net_CM3_L.lib(net_arp.o)
    0x00005838   0x000000b8   Code   RO         2327    i.arp_send_request  Net_CM3_L.lib(net_arp.o)
    0x000058f0   0x00000028   Code   RO          761    i.crc32_8bit_rev    emac_lpc17xx.o
    0x00005918   0x00000022   Code   RO          762    i.crc32_data        emac_lpc17xx.o
    0x0000593a   0x00000002   PAD
    0x0000593c   0x00000030   Code   RO         2906    i.dbg_init          RTX_CM3.lib(hal_cm.o)
    0x0000596c   0x00000020   Code   RO         2907    i.dbg_task_notify   RTX_CM3.lib(hal_cm.o)
    0x0000598c   0x00000010   Code   RO         2908    i.dbg_task_switch   RTX_CM3.lib(hal_cm.o)
    0x0000599c   0x0000002c   Code   RO          187    i.delay_ms          glcd_mcb1700.o
    0x000059c8   0x00000098   Code   RO            1    i.envoi_CAN         udp_socket.o
    0x00005a60   0x000000a0   Code   RO         2276    i.eth_check_link    Net_CM3_L.lib(net_eth.o)
    0x00005b00   0x00000010   Code   RO         2277    i.eth_lock          Net_CM3_L.lib(net_eth.o)
    0x00005b10   0x0000001e   Code   RO         2278    i.eth_make_mcast4   Net_CM3_L.lib(net_eth.o)
    0x00005b2e   0x0000001a   Code   RO         2279    i.eth_make_mcast6   Net_CM3_L.lib(net_eth.o)
    0x00005b48   0x00000014   Code   RO         2280    i.eth_notify        Net_CM3_L.lib(net_eth.o)
    0x00005b5c   0x00000088   Code   RO         2282    i.eth_receive       Net_CM3_L.lib(net_eth.o)
    0x00005be4   0x0000000c   Code   RO         2283    i.eth_unlock        Net_CM3_L.lib(net_eth.o)
    0x00005bf0   0x0000001c   Code   RO         3115    i.get_crc32         Net_CM3_L.lib(net_common.o)
    0x00005c0c   0x00000068   Code   RO          763    i.init_rx_desc      emac_lpc17xx.o
    0x00005c74   0x0000005c   Code   RO          764    i.init_tx_desc      emac_lpc17xx.o
    0x00005cd0   0x00000044   Code   RO          765    i.input_MDIO        emac_lpc17xx.o
    0x00005d14   0x0000000a   Code   RO         3018    i.ip4_get_chksum    Net_CM3_L.lib(net_ip4.o)
    0x00005d1e   0x00000002   PAD
    0x00005d20   0x00000090   Code   RO         3019    i.ip4_get_route     Net_CM3_L.lib(net_ip4.o)
    0x00005db0   0x0000002c   Code   RO         3046    i.ip6_get_route     Net_CM3_L.lib(net_ip6.o)
    0x00005ddc   0x0000002a   Code   RO         1539    i.isrMessageGet     RTX_CM3.lib(rt_cmsis.o)
    0x00005e06   0x0000002c   Code   RO         1540    i.isrMessagePut     RTX_CM3.lib(rt_cmsis.o)
    0x00005e32   0x00000028   Code   RO         1541    i.isrSemaphoreRelease  RTX_CM3.lib(rt_cmsis.o)
    0x00005e5a   0x00000024   Code   RO         1542    i.isrSignalSet      RTX_CM3.lib(rt_cmsis.o)
    0x00005e7e   0x00000002   PAD
    0x00005e80   0x00000028   Code   RO         2590    i.isr_evt_set       RTX_CM3.lib(rt_event.o)
    0x00005ea8   0x00000056   Code   RO         2708    i.isr_mbx_receive   RTX_CM3.lib(rt_mailbox.o)
    0x00005efe   0x0000000e   Code   RO         2709    i.isr_mbx_send      RTX_CM3.lib(rt_mailbox.o)
    0x00005f0c   0x00000010   Code   RO         2756    i.isr_sem_send      RTX_CM3.lib(rt_semaphore.o)
    0x00005f1c   0x00000050   Code   RO            2    i.main              udp_socket.o
    0x00005f6c   0x00000010   Code   RO         3093    i.mem_lock          Net_CM3_L.lib(net_mem.o)
    0x00005f7c   0x0000000c   Code   RO         3094    i.mem_unlock        Net_CM3_L.lib(net_mem.o)
    0x00005f88   0x00000160   Code   RO         2434    i.nbns_listener     Net_CM3_L.lib(net_nbns_client.o)
    0x000060e8   0x0000009c   Code   RO         2964    i.ndp_cache_add     Net_CM3_L.lib(net_ndp.o)
    0x00006184   0x00000084   Code   RO         2965    i.ndp_cache_alloc   Net_CM3_L.lib(net_ndp.o)
    0x00006208   0x0000002c   Code   RO         2966    i.ndp_check_frame   Net_CM3_L.lib(net_ndp.o)
    0x00006234   0x0000005c   Code   RO         2967    i.ndp_is_onlink     Net_CM3_L.lib(net_ndp.o)
    0x00006290   0x00000012   Code   RO         2968    i.ndp_next_opt      Net_CM3_L.lib(net_ndp.o)
    0x000062a2   0x00000002   PAD
    0x000062a4   0x000000b8   Code   RO         2969    i.ndp_prefix_add    Net_CM3_L.lib(net_ndp.o)
    0x0000635c   0x00000040   Code   RO         2970    i.ndp_probe_run     Net_CM3_L.lib(net_ndp.o)
    0x0000639c   0x0000007c   Code   RO         2971    i.ndp_proc_response  Net_CM3_L.lib(net_ndp.o)
    0x00006418   0x0000003c   Code   RO         2972    i.ndp_router_remove  Net_CM3_L.lib(net_ndp.o)
    0x00006454   0x0000006c   Code   RO         2973    i.ndp_send_reply    Net_CM3_L.lib(net_ndp.o)
    0x000064c0   0x00000084   Code   RO         2974    i.ndp_send_request  Net_CM3_L.lib(net_ndp.o)
    0x00006544   0x000000fc   Code   RO         2975    i.ndp_slaac_run     Net_CM3_L.lib(net_ndp.o)
    0x00006640   0x00000058   Code   RO         2463    i.netCore_Thread    Net_CM3_L.lib(net_sys.o)
    0x00006698   0x00000002   Code   RO         2284    i.netETH_Notify     Net_CM3_L.lib(net_eth.o)
    0x0000669a   0x00000002   PAD
    0x0000669c   0x0000003c   Code   RO         2285    i.netETH_Thread     Net_CM3_L.lib(net_eth.o)
    0x000066d8   0x00000088   Code   RO         2466    i.netInitialize     Net_CM3_L.lib(net_sys.o)
    0x00006760   0x0000007c   Code   RO         3149    i.netMAC_aton       Net_CM3_L.lib(net_addr.o)
    0x000067dc   0x00000004   Code   RO         2385    i.netUDP_GetBuffer  Net_CM3_L.lib(net_udp.o)
    0x000067e0   0x00000018   Code   RO         2387    i.netUDP_GetSocket  Net_CM3_L.lib(net_udp.o)
    0x000067f8   0x0000001c   Code   RO         2388    i.netUDP_Open       Net_CM3_L.lib(net_udp.o)
    0x00006814   0x00000028   Code   RO         2390    i.netUDP_Send       Net_CM3_L.lib(net_udp.o)
    0x0000683c   0x00000068   Code   RO         3151    i.net_addr4_aton    Net_CM3_L.lib(net_addr.o)
    0x000068a4   0x0000001a   Code   RO         3152    i.net_addr4_is_subnet  Net_CM3_L.lib(net_addr.o)
    0x000068be   0x00000002   PAD
    0x000068c0   0x000000f4   Code   RO         3154    i.net_addr6_aton    Net_CM3_L.lib(net_addr.o)
    0x000069b4   0x00000028   Code   RO         3155    i.net_addr6_comp    Net_CM3_L.lib(net_addr.o)
    0x000069dc   0x00000012   Code   RO         3156    i.net_addr6_copy    Net_CM3_L.lib(net_addr.o)
    0x000069ee   0x00000002   PAD
    0x000069f0   0x0000004c   Code   RO         3157    i.net_addr6_create  Net_CM3_L.lib(net_addr.o)
    0x00006a3c   0x0000002c   Code   RO         3158    i.net_addr6_get_solicited  Net_CM3_L.lib(net_addr.o)
    0x00006a68   0x00000018   Code   RO         3159    i.net_addr6_is_linklocal  Net_CM3_L.lib(net_addr.o)
    0x00006a80   0x0000006c   Code   RO         3160    i.net_addr6_is_onlink  Net_CM3_L.lib(net_addr.o)
    0x00006aec   0x00000048   Code   RO         3161    i.net_addr6_is_solicited  Net_CM3_L.lib(net_addr.o)
    0x00006b34   0x00000018   Code   RO         3162    i.net_addr6_is_unspec  Net_CM3_L.lib(net_addr.o)
    0x00006b4c   0x0000000e   Code   RO         3167    i.net_addr_get_local  Net_CM3_L.lib(net_addr.o)
    0x00006b5a   0x00000022   Code   RO         3168    i.net_addr_is_unspec  Net_CM3_L.lib(net_addr.o)
    0x00006b7c   0x000000b0   Code   RO         2333    i.net_arp_cache_add  Net_CM3_L.lib(net_arp.o)
    0x00006c2c   0x00000094   Code   RO         2334    i.net_arp_cache_early  Net_CM3_L.lib(net_arp.o)
    0x00006cc0   0x000000b0   Code   RO         2335    i.net_arp_cache_find  Net_CM3_L.lib(net_arp.o)
    0x00006d70   0x00000038   Code   RO         2337    i.net_arp_init      Net_CM3_L.lib(net_arp.o)
    0x00006da8   0x0000002c   Code   RO         2338    i.net_arp_notify    Net_CM3_L.lib(net_arp.o)
    0x00006dd4   0x00000148   Code   RO         2340    i.net_arp_process   Net_CM3_L.lib(net_arp.o)
    0x00006f1c   0x000000f8   Code   RO         2341    i.net_arp_run       Net_CM3_L.lib(net_arp.o)
    0x00007014   0x00000218   Code   RO         2288    i.net_eth_iface_init  Net_CM3_L.lib(net_eth.o)
    0x0000722c   0x00000174   Code   RO         2289    i.net_eth_iface_run  Net_CM3_L.lib(net_eth.o)
    0x000073a0   0x00000020   Code   RO         2290    i.net_eth_is_my_addr  Net_CM3_L.lib(net_eth.o)
    0x000073c0   0x0000003c   Code   RO         2291    i.net_eth_output    Net_CM3_L.lib(net_eth.o)
    0x000073fc   0x000000dc   Code   RO         2292    i.net_eth_send_frame  Net_CM3_L.lib(net_eth.o)
    0x000074d8   0x00000108   Code   RO         2294    i.net_eth_update_filter  Net_CM3_L.lib(net_eth.o)
    0x000075e0   0x00000130   Code   RO         3081    i.net_icmp6_process  Net_CM3_L.lib(net_icmp6.o)
    0x00007710   0x0000005c   Code   RO         3082    i.net_icmp6_send    Net_CM3_L.lib(net_icmp6.o)
    0x0000776c   0x00000050   Code   RO         3083    i.net_icmp6_send_echo  Net_CM3_L.lib(net_icmp6.o)
    0x000077bc   0x000000e0   Code   RO         3071    i.net_icmp_process  Net_CM3_L.lib(net_icmp.o)
    0x0000789c   0x0000007c   Code   RO         3072    i.net_icmp_send_echo  Net_CM3_L.lib(net_icmp.o)
    0x00007918   0x00000004   Code   RO         1423    i.net_igmp_collect_addr  net_config.o
    0x0000791c   0x00000004   Code   RO         1424    i.net_igmp_is_member  net_config.o
    0x00007920   0x00000002   Code   RO         1425    i.net_igmp_process  net_config.o
    0x00007922   0x0000004c   Code   RO         3020    i.net_ip4_checksum  Net_CM3_L.lib(net_ip4.o)
    0x0000796e   0x00000002   PAD
    0x00007970   0x000000cc   Code   RO         3021    i.net_ip4_chk_frame  Net_CM3_L.lib(net_ip4.o)
    0x00007a3c   0x00000032   Code   RO         3022    i.net_ip4_chksum_buf  Net_CM3_L.lib(net_ip4.o)
    0x00007a6e   0x00000002   PAD
    0x00007a70   0x00000040   Code   RO         3023    i.net_ip4_get_local  Net_CM3_L.lib(net_ip4.o)
    0x00007ab0   0x00000010   Code   RO         3024    i.net_ip4_init      Net_CM3_L.lib(net_ip4.o)
    0x00007ac0   0x0000002c   Code   RO         3025    i.net_ip4_is_subcast  Net_CM3_L.lib(net_ip4.o)
    0x00007aec   0x00000114   Code   RO         3026    i.net_ip4_send_frame  Net_CM3_L.lib(net_ip4.o)
    0x00007c00   0x00000034   Code   RO         3027    i.net_ip4_tx_offload  Net_CM3_L.lib(net_ip4.o)
    0x00007c34   0x00000052   Code   RO         3047    i.net_ip6_checksum  Net_CM3_L.lib(net_ip6.o)
    0x00007c86   0x00000002   PAD
    0x00007c88   0x000000a4   Code   RO         3048    i.net_ip6_chk_frame  Net_CM3_L.lib(net_ip6.o)
    0x00007d2c   0x0000005c   Code   RO         3049    i.net_ip6_get_local  Net_CM3_L.lib(net_ip6.o)
    0x00007d88   0x00000010   Code   RO         3050    i.net_ip6_init      Net_CM3_L.lib(net_ip6.o)
    0x00007d98   0x000000b4   Code   RO         3051    i.net_ip6_send_frame  Net_CM3_L.lib(net_ip6.o)
    0x00007e4c   0x0000000c   Code   RO         3052    i.net_ip6_tx_netif  Net_CM3_L.lib(net_ip6.o)
    0x00007e58   0x00000030   Code   RO         3053    i.net_ip6_tx_offload  Net_CM3_L.lib(net_ip6.o)
    0x00007e88   0x00000028   Code   RO         2371    i.net_loop_iface_init  Net_CM3_L.lib(net_loop.o)
    0x00007eb0   0x00000094   Code   RO         2372    i.net_loop_iface_run  Net_CM3_L.lib(net_loop.o)
    0x00007f44   0x00000048   Code   RO         2373    i.net_loop_send_frame  Net_CM3_L.lib(net_loop.o)
    0x00007f8c   0x0000008c   Code   RO         3095    i.net_mem_alloc     Net_CM3_L.lib(net_mem.o)
    0x00008018   0x0000006c   Code   RO         3097    i.net_mem_free      Net_CM3_L.lib(net_mem.o)
    0x00008084   0x00000060   Code   RO         3098    i.net_mem_init      Net_CM3_L.lib(net_mem.o)
    0x000080e4   0x00000020   Code   RO         3119    i.net_memcrc        Net_CM3_L.lib(net_common.o)
    0x00008104   0x0000002c   Code   RO         2435    i.net_nbns_client_init  Net_CM3_L.lib(net_nbns_client.o)
    0x00008130   0x00000094   Code   RO         2980    i.net_ndp_cache_find  Net_CM3_L.lib(net_ndp.o)
    0x000081c4   0x00000054   Code   RO         2982    i.net_ndp_cache_refresh  Net_CM3_L.lib(net_ndp.o)
    0x00008218   0x00000050   Code   RO         2984    i.net_ndp_init      Net_CM3_L.lib(net_ndp.o)
    0x00008268   0x0000022c   Code   RO         2985    i.net_ndp_process   Net_CM3_L.lib(net_ndp.o)
    0x00008494   0x000000d0   Code   RO         2986    i.net_ndp_run       Net_CM3_L.lib(net_ndp.o)
    0x00008564   0x00000010   Code   RO         2447    i.net_ping_client_init  Net_CM3_L.lib(net_ping.o)
    0x00008574   0x00000040   Code   RO         2448    i.net_ping_client_run  Net_CM3_L.lib(net_ping.o)
    0x000085b4   0x00000004   Code   RO         1427    i.net_ppp_send_frame  net_config.o
    0x000085b8   0x0000001c   Code   RO         2470    i.net_rand32        Net_CM3_L.lib(net_sys.o)
    0x000085d4   0x00000004   Code   RO         1430    i.net_slip_send_frame  net_config.o
    0x000085d8   0x00000012   Code   RO         3123    i.net_strcpy        Net_CM3_L.lib(net_common.o)
    0x000085ea   0x0000001a   Code   RO         3125    i.net_strtoupper    Net_CM3_L.lib(net_common.o)
    0x00008604   0x00000002   Code   RO         1432    i.net_sys_error     net_config.o
    0x00008606   0x00000002   PAD
    0x00008608   0x00000010   Code   RO         2471    i.net_sys_lock      Net_CM3_L.lib(net_sys.o)
    0x00008618   0x00000014   Code   RO         2472    i.net_sys_tick      Net_CM3_L.lib(net_sys.o)
    0x0000862c   0x0000000c   Code   RO         2473    i.net_sys_unlock    Net_CM3_L.lib(net_sys.o)
    0x00008638   0x00000020   Code   RO         2474    i.net_sys_wakeup    Net_CM3_L.lib(net_sys.o)
    0x00008658   0x00000002   Code   RO         1433    i.net_tcp_process   net_config.o
    0x0000865a   0x0000001e   Code   RO         2394    i.net_udp_get_buf   Net_CM3_L.lib(net_udp.o)
    0x00008678   0x0000004c   Code   RO         2396    i.net_udp_get_socket  Net_CM3_L.lib(net_udp.o)
    0x000086c4   0x0000006c   Code   RO         2398    i.net_udp_open      Net_CM3_L.lib(net_udp.o)
    0x00008730   0x000000e4   Code   RO         2399    i.net_udp_process   Net_CM3_L.lib(net_udp.o)
    0x00008814   0x00000174   Code   RO         2401    i.net_udp_send      Net_CM3_L.lib(net_udp.o)
    0x00008988   0x00000014   Code   RO         2403    i.net_udp_socket_init  Net_CM3_L.lib(net_udp.o)
    0x0000899c   0x00000024   Code   RO         1544    i.osKernelInitialize  RTX_CM3.lib(rt_cmsis.o)
    0x000089c0   0x0000006c   Code   RO         1546    i.osKernelStart     RTX_CM3.lib(rt_cmsis.o)
    0x00008a2c   0x00000018   Code   RO         1547    i.osKernelSysTick   RTX_CM3.lib(rt_cmsis.o)
    0x00008a44   0x00000018   Code   RO         1555    i.osMessageGet      RTX_CM3.lib(rt_cmsis.o)
    0x00008a5c   0x0000002c   Code   RO         1557    i.osMutexCreate     RTX_CM3.lib(rt_cmsis.o)
    0x00008a88   0x00000018   Code   RO         1559    i.osMutexRelease    RTX_CM3.lib(rt_cmsis.o)
    0x00008aa0   0x00000018   Code   RO         1560    i.osMutexWait       RTX_CM3.lib(rt_cmsis.o)
    0x00008ab8   0x0000002c   Code   RO         1565    i.osSemaphoreCreate  RTX_CM3.lib(rt_cmsis.o)
    0x00008ae4   0x00000018   Code   RO         1567    i.osSemaphoreRelease  RTX_CM3.lib(rt_cmsis.o)
    0x00008afc   0x00000018   Code   RO         1568    i.osSemaphoreWait   RTX_CM3.lib(rt_cmsis.o)
    0x00008b14   0x00000018   Code   RO         1569    i.osSignalClear     RTX_CM3.lib(rt_cmsis.o)
    0x00008b2c   0x00000018   Code   RO         1570    i.osSignalSet       RTX_CM3.lib(rt_cmsis.o)
    0x00008b44   0x00000018   Code   RO         1571    i.osSignalWait      RTX_CM3.lib(rt_cmsis.o)
    0x00008b5c   0x0000002c   Code   RO         1572    i.osThreadCreate    RTX_CM3.lib(rt_cmsis.o)
    0x00008b88   0x00000018   Code   RO         1573    i.osThreadExit      RTX_CM3.lib(rt_cmsis.o)
    0x00008ba0   0x00000018   Code   RO         1578    i.osThreadYield     RTX_CM3.lib(rt_cmsis.o)
    0x00008bb8   0x0000000c   Code   RO         1579    i.osTimerCall       RTX_CM3.lib(rt_cmsis.o)
    0x00008bc4   0x0000002c   Code   RO         1580    i.osTimerCreate     RTX_CM3.lib(rt_cmsis.o)
    0x00008bf0   0x00000018   Code   RO         1582    i.osTimerStart      RTX_CM3.lib(rt_cmsis.o)
    0x00008c08   0x0000002c   Code   RO         1584    i.osTimerThread     RTX_CM3.lib(rt_cmsis.o)
    0x00008c34   0x00000022   Code   RO          419    i.os_error          rtx_conf_cm.o
    0x00008c56   0x00000004   Code   RO          420    i.os_idle_demon     rtx_conf_cm.o
    0x00008c5a   0x00000002   PAD
    0x00008c5c   0x00000028   Code   RO         2500    i.os_tick_init      RTX_CM3.lib(rt_system.o)
    0x00008c84   0x00000002   Code   RO         2501    i.os_tick_irqack    RTX_CM3.lib(rt_system.o)
    0x00008c86   0x00000002   PAD
    0x00008c88   0x00000010   Code   RO         2502    i.os_tick_ovf       RTX_CM3.lib(rt_system.o)
    0x00008c98   0x00000014   Code   RO         2503    i.os_tick_val       RTX_CM3.lib(rt_system.o)
    0x00008cac   0x00000040   Code   RO          766    i.output_MDIO       emac_lpc17xx.o
    0x00008cec   0x0000001c   Code   RO         2449    i.ping_send_req     Net_CM3_L.lib(net_ping.o)
    0x00008d08   0x00000044   Code   RO          188    i.rd_dat            glcd_mcb1700.o
    0x00008d4c   0x000000c8   Code   RO          189    i.rd_id_man         glcd_mcb1700.o
    0x00008e14   0x00000010   Code   RO          190    i.rd_reg            glcd_mcb1700.o
    0x00008e24   0x000000e0   Code   RO            3    i.recep_CAN         udp_socket.o
    0x00008f04   0x0000001a   Code   RO         2854    i.rt_alloc_box      RTX_CM3.lib(rt_membox.o)
    0x00008f1e   0x0000003e   Code   RO         2882    i.rt_alloc_mem      RTX_CM3.lib(rt_memory.o)
    0x00008f5c   0x00000038   Code   RO         2158    i.rt_block          RTX_CM3.lib(rt_task.o)
    0x00008f94   0x00000048   Code   RO         2831    i.rt_chk_robin      RTX_CM3.lib(rt_robin.o)
    0x00008fdc   0x00000070   Code   RO         2632    i.rt_dec_dly        RTX_CM3.lib(rt_list.o)
    0x0000904c   0x00000044   Code   RO         2159    i.rt_dispatch       RTX_CM3.lib(rt_task.o)
    0x00009090   0x0000001c   Code   RO         2591    i.rt_evt_clr        RTX_CM3.lib(rt_event.o)
    0x000090ac   0x00000050   Code   RO         2593    i.rt_evt_psh        RTX_CM3.lib(rt_event.o)
    0x000090fc   0x0000005c   Code   RO         2594    i.rt_evt_set        RTX_CM3.lib(rt_event.o)
    0x00009158   0x0000003c   Code   RO         2595    i.rt_evt_wait       RTX_CM3.lib(rt_event.o)
    0x00009194   0x0000002c   Code   RO         2855    i.rt_free_box       RTX_CM3.lib(rt_membox.o)
    0x000091c0   0x00000028   Code   RO         2883    i.rt_free_mem       RTX_CM3.lib(rt_memory.o)
    0x000091e8   0x00000028   Code   RO         2633    i.rt_get_first      RTX_CM3.lib(rt_list.o)
    0x00009210   0x00000024   Code   RO         2634    i.rt_get_same_rdy_prio  RTX_CM3.lib(rt_list.o)
    0x00009234   0x00000008   Code   RO         1589    i.rt_id2obj         RTX_CM3.lib(rt_cmsis.o)
    0x0000923c   0x00000048   Code   RO         2160    i.rt_init_context   RTX_CM3.lib(rt_task.o)
    0x00009284   0x0000001a   Code   RO         2884    i.rt_init_mem       RTX_CM3.lib(rt_memory.o)
    0x0000929e   0x00000002   PAD
    0x000092a0   0x00000018   Code   RO         2832    i.rt_init_robin     RTX_CM3.lib(rt_robin.o)
    0x000092b8   0x00000080   Code   RO         2909    i.rt_init_stack     RTX_CM3.lib(hal_cm.o)
    0x00009338   0x00000008   Code   RO         2710    i.rt_mbx_check      RTX_CM3.lib(rt_mailbox.o)
    0x00009340   0x0000001a   Code   RO         2711    i.rt_mbx_init       RTX_CM3.lib(rt_mailbox.o)
    0x0000935a   0x00000002   PAD
    0x0000935c   0x000000f0   Code   RO         2712    i.rt_mbx_psh        RTX_CM3.lib(rt_mailbox.o)
    0x0000944c   0x000000b4   Code   RO         2714    i.rt_mbx_wait       RTX_CM3.lib(rt_mailbox.o)
    0x00009500   0x00000044   Code   RO         1590    i.rt_ms2tick        RTX_CM3.lib(rt_cmsis.o)
    0x00009544   0x00000010   Code   RO         2243    i.rt_mut_init       RTX_CM3.lib(rt_mutex.o)
    0x00009554   0x000000d8   Code   RO         2244    i.rt_mut_release    RTX_CM3.lib(rt_mutex.o)
    0x0000962c   0x00000078   Code   RO         2245    i.rt_mut_wait       RTX_CM3.lib(rt_mutex.o)
    0x000096a4   0x0000007c   Code   RO         2504    i.rt_pop_req        RTX_CM3.lib(rt_system.o)
    0x00009720   0x00000020   Code   RO         2505    i.rt_psh_req        RTX_CM3.lib(rt_system.o)
    0x00009740   0x0000005c   Code   RO         2635    i.rt_psq_enq        RTX_CM3.lib(rt_list.o)
    0x0000979c   0x00000048   Code   RO         2636    i.rt_put_dly        RTX_CM3.lib(rt_list.o)
    0x000097e4   0x00000036   Code   RO         2637    i.rt_put_prio       RTX_CM3.lib(rt_list.o)
    0x0000981a   0x00000002   PAD
    0x0000981c   0x00000014   Code   RO         2638    i.rt_put_rdy_first  RTX_CM3.lib(rt_list.o)
    0x00009830   0x00000034   Code   RO         2639    i.rt_resort_prio    RTX_CM3.lib(rt_list.o)
    0x00009864   0x00000006   Code   RO         2910    i.rt_ret_val        RTX_CM3.lib(hal_cm.o)
    0x0000986a   0x00000008   Code   RO         2911    i.rt_ret_val2       RTX_CM3.lib(hal_cm.o)
    0x00009872   0x00000028   Code   RO         2640    i.rt_rmv_dly        RTX_CM3.lib(rt_list.o)
    0x0000989a   0x00000002   PAD
    0x0000989c   0x00000030   Code   RO         2641    i.rt_rmv_list       RTX_CM3.lib(rt_list.o)
    0x000098cc   0x0000000c   Code   RO         2758    i.rt_sem_init       RTX_CM3.lib(rt_semaphore.o)
    0x000098d8   0x00000034   Code   RO         2759    i.rt_sem_psh        RTX_CM3.lib(rt_semaphore.o)
    0x0000990c   0x0000002a   Code   RO         2760    i.rt_sem_send       RTX_CM3.lib(rt_semaphore.o)
    0x00009936   0x00000002   PAD
    0x00009938   0x00000040   Code   RO         2761    i.rt_sem_wait       RTX_CM3.lib(rt_semaphore.o)
    0x00009978   0x00000024   Code   RO         2507    i.rt_stk_check      RTX_CM3.lib(rt_system.o)
    0x0000999c   0x00000028   Code   RO         2161    i.rt_switch_req     RTX_CM3.lib(rt_task.o)
    0x000099c4   0x000000cc   Code   RO         2162    i.rt_sys_init       RTX_CM3.lib(rt_task.o)
    0x00009a90   0x00000078   Code   RO         2163    i.rt_sys_start      RTX_CM3.lib(rt_task.o)
    0x00009b08   0x00000040   Code   RO         2509    i.rt_systick        RTX_CM3.lib(rt_system.o)
    0x00009b48   0x00000012   Code   RO         1591    i.rt_tid2ptcb       RTX_CM3.lib(rt_cmsis.o)
    0x00009b5a   0x00000002   PAD
    0x00009b5c   0x00000034   Code   RO         1592    i.rt_timer_insert   RTX_CM3.lib(rt_cmsis.o)
    0x00009b90   0x0000003c   Code   RO         1593    i.rt_timer_remove   RTX_CM3.lib(rt_cmsis.o)
    0x00009bcc   0x00000088   Code   RO         2164    i.rt_tsk_create     RTX_CM3.lib(rt_task.o)
    0x00009c54   0x0000017c   Code   RO         2165    i.rt_tsk_delete     RTX_CM3.lib(rt_task.o)
    0x00009dd0   0x00000030   Code   RO         2166    i.rt_tsk_pass       RTX_CM3.lib(rt_task.o)
    0x00009e00   0x0000007c   Code   RO         2167    i.rt_tsk_prio       RTX_CM3.lib(rt_task.o)
    0x00009e7c   0x00000010   Code   RO         2168    i.rt_tsk_self       RTX_CM3.lib(rt_task.o)
    0x00009e8c   0x000000dc   Code   RO            4    i.send_udp_data     udp_socket.o
    0x00009f68   0x0000002c   Code   RO          191    i.spi_tran          glcd_mcb1700.o
    0x00009f94   0x00000088   Code   RO          192    i.spi_tran_man      glcd_mcb1700.o
    0x0000a01c   0x00000070   Code   RO         1595    i.svcKernelInitialize  RTX_CM3.lib(rt_cmsis.o)
    0x0000a08c   0x00000048   Code   RO         1597    i.svcKernelStart    RTX_CM3.lib(rt_cmsis.o)
    0x0000a0d4   0x00000038   Code   RO         1598    i.svcKernelSysTick  RTX_CM3.lib(rt_cmsis.o)
    0x0000a10c   0x00000024   Code   RO         1600    i.svcMessageCreate  RTX_CM3.lib(rt_cmsis.o)
    0x0000a130   0x0000003a   Code   RO         1601    i.svcMessageGet     RTX_CM3.lib(rt_cmsis.o)
    0x0000a16a   0x0000001c   Code   RO         1603    i.svcMutexCreate    RTX_CM3.lib(rt_cmsis.o)
    0x0000a186   0x00000022   Code   RO         1605    i.svcMutexRelease   RTX_CM3.lib(rt_cmsis.o)
    0x0000a1a8   0x0000003a   Code   RO         1606    i.svcMutexWait      RTX_CM3.lib(rt_cmsis.o)
    0x0000a1e2   0x00000024   Code   RO         1608    i.svcSemaphoreCreate  RTX_CM3.lib(rt_cmsis.o)
    0x0000a206   0x00000028   Code   RO         1610    i.svcSemaphoreRelease  RTX_CM3.lib(rt_cmsis.o)
    0x0000a22e   0x00000032   Code   RO         1611    i.svcSemaphoreWait  RTX_CM3.lib(rt_cmsis.o)
    0x0000a260   0x00000024   Code   RO         1612    i.svcSignalClear    RTX_CM3.lib(rt_cmsis.o)
    0x0000a284   0x00000024   Code   RO         1613    i.svcSignalSet      RTX_CM3.lib(rt_cmsis.o)
    0x0000a2a8   0x00000054   Code   RO         1614    i.svcSignalWait     RTX_CM3.lib(rt_cmsis.o)
    0x0000a2fc   0x0000006c   Code   RO         1615    i.svcThreadCreate   RTX_CM3.lib(rt_cmsis.o)
    0x0000a368   0x0000001c   Code   RO         1616    i.svcThreadGetId    RTX_CM3.lib(rt_cmsis.o)
    0x0000a384   0x00000038   Code   RO         1619    i.svcThreadTerminate  RTX_CM3.lib(rt_cmsis.o)
    0x0000a3bc   0x0000000a   Code   RO         1620    i.svcThreadYield    RTX_CM3.lib(rt_cmsis.o)
    0x0000a3c6   0x00000018   Code   RO         1621    i.svcTimerCall      RTX_CM3.lib(rt_cmsis.o)
    0x0000a3de   0x00000002   PAD
    0x0000a3e0   0x00000038   Code   RO         1622    i.svcTimerCreate    RTX_CM3.lib(rt_cmsis.o)
    0x0000a418   0x00000064   Code   RO         1624    i.svcTimerStart     RTX_CM3.lib(rt_cmsis.o)
    0x0000a47c   0x0000005c   Code   RO         1630    i.sysTimerTick      RTX_CM3.lib(rt_cmsis.o)
    0x0000a4d8   0x0000004c   Code   RO         2475    i.sys_proc_tick     Net_CM3_L.lib(net_sys.o)
    0x0000a524   0x0000002c   Code   RO          767    i.turnaround_MDIO   emac_lpc17xx.o
    0x0000a550   0x00000068   Code   RO            5    i.udp_cb_func       udp_socket.o
    0x0000a5b8   0x0000002c   Code   RO         2404    i.udp_port_in_use   Net_CM3_L.lib(net_udp.o)
    0x0000a5e4   0x0000004c   Code   RO          193    i.wr_cmd            glcd_mcb1700.o
    0x0000a630   0x00000034   Code   RO          195    i.wr_dat_only       glcd_mcb1700.o
    0x0000a664   0x00000018   Code   RO          196    i.wr_dat_start      glcd_mcb1700.o
    0x0000a67c   0x00000014   Code   RO          197    i.wr_dat_stop       glcd_mcb1700.o
    0x0000a690   0x00000090   Code   RO          198    i.wr_reg            glcd_mcb1700.o
    0x0000a720   0x0000002c   Code   RO         3380    locale$$code        c_w.l(lc_ctype_c.o)
    0x0000a74c   0x00000014   Data   RO            6    .constdata          udp_socket.o
    0x0000a760   0x000018a0   Data   RO          156    .constdata          glcd_fonts.o
    0x0000c000   0x00000010   Data   RO          375    .constdata          led_mcb1700.o
    0x0000c010   0x00000068   Data   RO          422    .constdata          rtx_conf_cm.o
    0x0000c078   0x00000090   Data   RO          520    .constdata          can_lpc17xx.o
    0x0000c108   0x0000004c   Data   RO          769    .constdata          emac_lpc17xx.o
    0x0000c154   0x000000f0   Data   RO          945    .constdata          ssp_lpc17xx.o
    0x0000c244   0x00000024   Data   RO         1147    .constdata          phy_dp83848c.o
    0x0000c268   0x000000f4   Data   RO         1435    .constdata          net_config.o
    0x0000c35c   0x00000006   Data   RO         2296    .constdata          Net_CM3_L.lib(net_eth.o)
    0x0000c362   0x00000008   Data   RO         2436    .constdata          Net_CM3_L.lib(net_nbns_client.o)
    0x0000c36a   0x00000012   Data   RO         2451    .constdata          Net_CM3_L.lib(net_ping.o)
    0x0000c37c   0x00000008   Data   RO         2478    .constdata          Net_CM3_L.lib(net_sys.o)
    0x0000c384   0x00000008   Data   RO         3028    .constdata          Net_CM3_L.lib(net_ip4.o)
    0x0000c38c   0x00000020   Data   RO         3054    .constdata          Net_CM3_L.lib(net_ip6.o)
    0x0000c3ac   0x00000010   Data   RO         3055    .constdata          Net_CM3_L.lib(net_ip6.o)
    0x0000c3bc   0x00000010   Data   RO         3172    .constdata          Net_CM3_L.lib(net_addr.o)
    0x0000c3cc   0x00000028   Data   RO         3237    .constdata          c_w.l(_printf_hex_int.o)
    0x0000c3f4   0x00000011   Data   RO         3267    .constdata          c_w.l(__printf_flags_wp.o)
    0x0000c405   0x00000003   PAD
    0x0000c408   0x0000005c   Data   RO         1436    .conststring        net_config.o
    0x0000c464   0x00000020   Data   RO         3489    Region$$Table       anon$$obj.o
    0x0000c484   0x00000110   Data   RO         3379    locale$$data        c_w.l(lc_ctype_c.o)


    Execution Region RW_IRAM1 (Base: 0x10000000, Size: 0x00007cd0, Max: 0x00008000, ABSOLUTE)

    Base Addr    Size         Type   Attr      Idx    E Section Name        Object

    0x10000000   0x00000004   Data   RW            7    .data               udp_socket.o
    0x10000004   0x00000011   Data   RW          199    .data               glcd_mcb1700.o
    0x10000015   0x00000003   PAD
    0x10000018   0x00000014   Data   RW          423    .data               rtx_conf_cm.o
    0x1000002c   0x00000028   Data   RW          521    .data               can_lpc17xx.o
    0x10000054   0x00000018   Data   RW          770    .data               emac_lpc17xx.o
    0x1000006c   0x00000014   Data   RW          946    .data               ssp_lpc17xx.o
    0x10000080   0x00000008   Data   RW         1210    .data               gpdma_lpc17xx.o
    0x10000088   0x00000004   Data   RW         1389    .data               system_lpc17xx.o
    0x1000008c   0x0000000e   Data   RW         1437    .data               net_config.o
    0x1000009a   0x00000002   PAD
    0x1000009c   0x00000008   Data   RW         1633    .data               RTX_CM3.lib(rt_cmsis.o)
    0x100000a4   0x00000008   Data   RW         2170    .data               RTX_CM3.lib(rt_task.o)
    0x100000ac   0x00000001   Data   RW         2343    .data               Net_CM3_L.lib(net_arp.o)
    0x100000ad   0x00000003   PAD
    0x100000b0   0x00000008   Data   RW         2374    .data               Net_CM3_L.lib(net_loop.o)
    0x100000b8   0x00000002   Data   RW         2406    .data               Net_CM3_L.lib(net_udp.o)
    0x100000ba   0x00000001   Data   RW         2437    .data               Net_CM3_L.lib(net_nbns_client.o)
    0x100000bb   0x00000001   PAD
    0x100000bc   0x00000008   Data   RW         2479    .data               Net_CM3_L.lib(net_sys.o)
    0x100000c4   0x00000008   Data   RW         2512    .data               RTX_CM3.lib(rt_system.o)
    0x100000cc   0x00000004   Data   RW         2802    .data               RTX_CM3.lib(rt_time.o)
    0x100000d0   0x00000008   Data   RW         2833    .data               RTX_CM3.lib(rt_robin.o)
    0x100000d8   0x00000001   Data   RW         2912    .data               RTX_CM3.lib(hal_cm.o)
    0x100000d9   0x00000001   Data   RW         2988    .data               Net_CM3_L.lib(net_ndp.o)
    0x100000da   0x00000002   PAD
    0x100000dc   0x00000008   Data   RW         3029    .data               Net_CM3_L.lib(net_ip4.o)
    0x100000e4   0x00000008   Data   RW         3056    .data               Net_CM3_L.lib(net_ip6.o)
    0x100000ec   0x00000004   PAD
    0x100000f0   0x00001c00   Zero   RW          421    .bss                rtx_conf_cm.o
    0x10001cf0   0x00002a74   Zero   RW          768    .bss                emac_lpc17xx.o
    0x10004764   0x00000050   Zero   RW          944    .bss                ssp_lpc17xx.o
    0x100047b4   0x0000000c   Zero   RW         1146    .bss                phy_dp83848c.o
    0x100047c0   0x000000a0   Zero   RW         1209    .bss                gpdma_lpc17xx.o
    0x10004860   0x00002fdc   Zero   RW         1434    .bss                net_config.o
    0x1000783c   0x00000034   Zero   RW         2169    .bss                RTX_CM3.lib(rt_task.o)
    0x10007870   0x00000094   Zero   RW         2295    .bss                Net_CM3_L.lib(net_eth.o)
    0x10007904   0x00000010   Zero   RW         2342    .bss                Net_CM3_L.lib(net_arp.o)
    0x10007914   0x00000014   Zero   RW         2405    .bss                Net_CM3_L.lib(net_udp.o)
    0x10007928   0x00000020   Zero   RW         2450    .bss                Net_CM3_L.lib(net_ping.o)
    0x10007948   0x00000030   Zero   RW         2476    .bss                Net_CM3_L.lib(net_sys.o)
    0x10007978   0x00000018   Zero   RW         2477    .bss                Net_CM3_L.lib(net_sys.o)
    0x10007990   0x00000030   Zero   RW         2642    .bss                RTX_CM3.lib(rt_list.o)
    0x100079c0   0x0000003c   Zero   RW         2987    .bss                Net_CM3_L.lib(net_ndp.o)
    0x100079fc   0x00000014   Zero   RW         3100    .bss                Net_CM3_L.lib(net_mem.o)
    0x10007a10   0x0000005c   Zero   RW         3171    .bss                Net_CM3_L.lib(net_addr.o)
    0x10007a6c   0x00000060   Zero   RW         3219    .bss                c_w.l(libspace.o)
    0x10007acc   0x00000004   PAD
    0x10007ad0   0x00000000   Zero   RW         1375    HEAP                startup_lpc17xx.o
    0x10007ad0   0x00000200   Zero   RW         1374    STACK               startup_lpc17xx.o


==============================================================================

Image component sizes


      Code (inc. data)   RO Data    RW Data    ZI Data      Debug   Object Name

       144         24          0          0          0      17534   basecan.o
      5968        290        144         40          0      59229   can_lpc17xx.o
      3302        288         76         24      10868      28082   emac_lpc17xx.o
         0          0       6304          0          0        736   glcd_fonts.o
      2792         98          0         17          0      17446   glcd_mcb1700.o
      1204         94          0          8        160       8062   gpdma_lpc17xx.o
       192         24          0          0          0       2826   gpio_lpc17xx.o
        92          4         16          0          0       1315   led_mcb1700.o
        22          0        336         14      12252      21434   net_config.o
       644         44         36          0         12      10390   phy_dp83848c.o
       252          6          0          0          0        804   pin_lpc17xx.o
       126         26        104         20       7168       8891   rtx_conf_cm.o
      4140        176        240         20         80      33146   ssp_lpc17xx.o
        64         26        204          0        512        948   startup_lpc17xx.o
       320         18          0          4          0        755   system_lpc17xx.o
       780        140         20          4          0      26362   udp_socket.o

    ----------------------------------------------------------------------
     20056       1258       7512        156      31052     237960   Object Totals
         0          0         32          0          0          0   (incl. Generated)
        14          0          0          5          0          0   (incl. Padding)

    ----------------------------------------------------------------------

      Code (inc. data)   RO Data    RW Data    ZI Data      Debug   Library Member Name

       952         54         16          0         92       1012   net_addr.o
      1908        136          0          1         16       1120   net_arp.o
       104          4          0          0          0        284   net_common.o
      1946        122          6          0        148       1188   net_eth.o
       348         22          0          0          0        164   net_icmp.o
       476         32          0          0          0        252   net_icmp6.o
       936         72          8          8          0        824   net_ip4.o
       638         72         48          8          0        648   net_ip6.o
       260         26          0          8          0        244   net_loop.o
       372         34          0          0         20        396   net_mem.o
       396         26          8          1          0        176   net_nbns_client.o
      2442        174          0          1         60       1504   net_ndp.o
       108         20         18          0         32        212   net_ping.o
       408         68          8          8         72        560   net_sys.o
       974         42          0          2         20        876   net_udp.o
       238         24          0          1          0       3312   hal_cm.o
       304         36          0          0          0        768   hal_cm3.o
      2242        244          0          8          0      50579   rt_cmsis.o
       300         24          0          0          0       3183   rt_event.o
       566         44          0          0         48       8792   rt_list.o
       554         10          0          0          0       3949   rt_mailbox.o
       140          0          0          0          0       1925   rt_membox.o
       128          0          0          0          0       2307   rt_memory.o
       352         14          0          0          0       2105   rt_mutex.o
        96         22          0          8          0       1158   rt_robin.o
       186         10          0          0          0       2902   rt_semaphore.o
       334         64          0          8          0       7091   rt_system.o
      1264        184          0          8         52      10147   rt_task.o
         0          0          0          4          0        214   rt_time.o
         4          4          0          0          0        208   svc_table.o
        60          8          0          0          0         84   __0sscanf.o
        44          6          0          0          0         84   __2sprintf.o
         8          0          0          0          0         68   __main.o
       312          4         17          0          0         92   __printf_flags_wp.o
        14          0          0          0          0         68   __printf_wp.o
         0          0          0          0          0          0   __rtentry.o
        20          0          0          0          0          0   __rtentry2.o
         6          0          0          0          0          0   __rtentry4.o
        52          8          0          0          0          0   __scatter.o
        26          0          0          0          0          0   __scatter_copy.o
        28          0          0          0          0          0   __scatter_zi.o
        28          0          0          0          0         68   _chval.o
        48          6          0          0          0         96   _printf_char_common.o
         6          0          0          0          0          0   _printf_d.o
       120         16          0          0          0         92   _printf_dec.o
        88          4         40          0          0         88   _printf_hex_int.o
       178          0          0          0          0         88   _printf_intcommon.o
        78          0          0          0          0        108   _printf_pad.o
         0          0          0          0          0          0   _printf_percent.o
         4          0          0          0          0          0   _printf_percent_end.o
         6          0          0          0          0          0   _printf_x.o
       884          6          0          0          0        100   _scanf.o
       332          0          0          0          0         96   _scanf_int.o
        64          0          0          0          0         84   _sgetc.o
        10          0          0          0          0         68   _sputc.o
        18          0          0          0          0         80   exit.o
         6          0          0          0          0        152   heapauxi.o
         0          0          0          0          0          0   indicate_semi.o
        18          0          0          0          0         76   isspace.o
        44         10        272          0          0         76   lc_ctype_c.o
         2          0          0          0          0          0   libinit.o
        20          0          0          0          0          0   libinit2.o
         2          0          0          0          0          0   libshutdown.o
         2          0          0          0          0          0   libshutdown2.o
         8          4          0          0         96         68   libspace.o
       238          0          0          0          0        100   lludivv7m.o
        88          0          0          0          0         76   memcmp.o
        16          4          0          0          0         76   rt_ctype_table.o
        10          0          0          0          0         76   rt_locale_twolibspace.o
        68          0          0          0          0         68   rt_memclr.o
        78          0          0          0          0         80   rt_memclr_w.o
       138          0          0          0          0         68   rt_memcpy_v6.o
       100          0          0          0          0         80   rt_memcpy_w.o
         2          0          0          0          0          0   rtexit.o
        10          0          0          0          0          0   rtexit2.o
        44          8          0          0          0         84   scanf_char.o
       128          0          0          0          0         68   strcmpv7m.o
        12          4          0          0          0         68   sys_exit.o
        74          0          0          0          0         80   sys_stackheap_outer.o
         2          0          0          0          0         68   use_no_semi.o

    ----------------------------------------------------------------------
     22568       1672        444         80        664     110828   Library Totals
        48          0          3          6          8          0   (incl. Padding)

    ----------------------------------------------------------------------

      Code (inc. data)   RO Data    RW Data    ZI Data      Debug   Library Name

     12268        904        112         37        460       9460   Net_CM3_L.lib
      6708        680          0         37        100      98640   RTX_CM3.lib
      3544         88        329          0         96       2728   c_w.l

    ----------------------------------------------------------------------
     22568       1672        444         80        664     110828   Library Totals

    ----------------------------------------------------------------------

==============================================================================


      Code (inc. data)   RO Data    RW Data    ZI Data      Debug   

     42624       2930       7956        236      31716     326684   Grand Totals
     42624       2930       7956        236      31716     326684   ELF Image Totals
     42624       2930       7956        236          0          0   ROM Totals

==============================================================================

    Total RO  Size (Code + RO Data)                50580 (  49.39kB)
    Total RW  Size (RW Data + ZI Data)             31952 (  31.20kB)
    Total ROM Size (Code + RO Data + RW Data)      50816 (  49.63kB)

==============================================================================

