Component: ARM Compiler 5.06 update 1 (build 61) Tool: armlink [4d35a8]

==============================================================================

Section Cross References

    udp_socket.o(i.CAN_R) refers to _printf_percent.o(.ARM.Collect$$_printf_percent$$00000000) for _printf_percent
    udp_socket.o(i.CAN_R) refers to _printf_x.o(.ARM.Collect$$_printf_percent$$0000000C) for _printf_x
    udp_socket.o(i.CAN_R) refers to _printf_hex_int.o(.text) for _printf_longlong_hex
    udp_socket.o(i.CAN_R) refers to glcd_mcb1700.o(i.GLCD_DrawString) for GLCD_DrawString
    udp_socket.o(i.CAN_R) refers to rt_cmsis.o(i.osSignalWait) for osSignalWait
    udp_socket.o(i.CAN_R) refers to __2sprintf.o(.text) for __2sprintf
    udp_socket.o(i.CAN_R) refers to udp_socket.o(i.send_udp_data) for send_udp_data
    udp_socket.o(i.CAN_R) refers to rt_cmsis.o(i.osDelay) for osDelay
    udp_socket.o(i.CAN_R) refers to can_lpc17xx.o(.constdata) for Driver_CAN1
    udp_socket.o(i.CAN_T) refers to _printf_pad.o(.text) for _printf_pre_padding
    udp_socket.o(i.CAN_T) refers to _printf_percent.o(.ARM.Collect$$_printf_percent$$00000000) for _printf_percent
    udp_socket.o(i.CAN_T) refers to _printf_x.o(.ARM.Collect$$_printf_percent$$0000000C) for _printf_x
    udp_socket.o(i.CAN_T) refers to _printf_hex_int.o(.text) for _printf_longlong_hex
    udp_socket.o(i.CAN_T) refers to led_mcb1700.o(i.LED_On) for LED_On
    udp_socket.o(i.CAN_T) refers to rt_cmsis.o(i.osMailGet) for osMailGet
    udp_socket.o(i.CAN_T) refers to rt_cmsis.o(i.osMailFree) for osMailFree
    udp_socket.o(i.CAN_T) refers to __2sprintf.o(.text) for __2sprintf
    udp_socket.o(i.CAN_T) refers to glcd_mcb1700.o(i.GLCD_DrawString) for GLCD_DrawString
    udp_socket.o(i.CAN_T) refers to led_mcb1700.o(i.LED_Off) for LED_Off
    udp_socket.o(i.CAN_T) refers to rt_cmsis.o(i.osSignalWait) for osSignalWait
    udp_socket.o(i.CAN_T) refers to rt_cmsis.o(i.osDelay) for osDelay
    udp_socket.o(i.CAN_T) refers to udp_socket.o(.data) for ID_BAL
    udp_socket.o(i.CAN_T) refers to can_lpc17xx.o(.constdata) for Driver_CAN1
    udp_socket.o(i.InitCan1) refers to can_lpc17xx.o(.constdata) for Driver_CAN1
    udp_socket.o(i.InitCan1) refers to udp_socket.o(i.myCAN1_callback) for myCAN1_callback
    udp_socket.o(i.InitCan2) refers to can_lpc17xx.o(.constdata) for Driver_CAN2
    udp_socket.o(i.InitCan2) refers to udp_socket.o(i.myCAN2_callback) for myCAN2_callback
    udp_socket.o(i.main) refers to rt_cmsis.o(i.osKernelInitialize) for osKernelInitialize
    udp_socket.o(i.main) refers to led_mcb1700.o(i.LED_Initialize) for LED_Initialize
    udp_socket.o(i.main) refers to net_sys.o(i.netInitialize) for netInitialize
    udp_socket.o(i.main) refers to udp_socket.o(i.InitCan1) for InitCan1
    udp_socket.o(i.main) refers to udp_socket.o(i.InitCan2) for InitCan2
    udp_socket.o(i.main) refers to glcd_mcb1700.o(i.GLCD_Initialize) for GLCD_Initialize
    udp_socket.o(i.main) refers to glcd_mcb1700.o(i.GLCD_ClearScreen) for GLCD_ClearScreen
    udp_socket.o(i.main) refers to glcd_mcb1700.o(i.GLCD_SetFont) for GLCD_SetFont
    udp_socket.o(i.main) refers to glcd_mcb1700.o(i.GLCD_DrawString) for GLCD_DrawString
    udp_socket.o(i.main) refers to net_udp.o(i.netUDP_GetSocket) for netUDP_GetSocket
    udp_socket.o(i.main) refers to net_udp.o(i.netUDP_Open) for netUDP_Open
    udp_socket.o(i.main) refers to rt_cmsis.o(i.osThreadCreate) for osThreadCreate
    udp_socket.o(i.main) refers to rt_cmsis.o(i.osMailCreate) for osMailCreate
    udp_socket.o(i.main) refers to rt_cmsis.o(i.osKernelStart) for osKernelStart
    udp_socket.o(i.main) refers to rt_cmsis.o(i.osDelay) for osDelay
    udp_socket.o(i.main) refers to glcd_fonts.o(.constdata) for GLCD_Font_16x24
    udp_socket.o(i.main) refers to udp_socket.o(i.udp_cb_func) for udp_cb_func
    udp_socket.o(i.main) refers to udp_socket.o(.data) for udp_sock
    udp_socket.o(i.main) refers to udp_socket.o(.constdata) for os_thread_def_CAN_R
    udp_socket.o(i.myCAN1_callback) refers to rt_cmsis.o(i.osSignalSet) for osSignalSet
    udp_socket.o(i.myCAN1_callback) refers to udp_socket.o(.data) for id_CAN_T
    udp_socket.o(i.myCAN2_callback) refers to rt_cmsis.o(i.osSignalSet) for osSignalSet
    udp_socket.o(i.myCAN2_callback) refers to udp_socket.o(.data) for id_CAN_R
    udp_socket.o(i.send_udp_data) refers to _printf_percent.o(.ARM.Collect$$_printf_percent$$00000000) for _printf_percent
    udp_socket.o(i.send_udp_data) refers to _printf_d.o(.ARM.Collect$$_printf_percent$$00000009) for _printf_d
    udp_socket.o(i.send_udp_data) refers to _printf_dec.o(.text) for _printf_int_dec
    udp_socket.o(i.send_udp_data) refers to _printf_x.o(.ARM.Collect$$_printf_percent$$0000000C) for _printf_x
    udp_socket.o(i.send_udp_data) refers to _printf_hex_int.o(.text) for _printf_longlong_hex
    udp_socket.o(i.send_udp_data) refers to rt_memcpy_w.o(.text) for __aeabi_memcpy4
[...]
    net_igmp_collect_addr                    0x00007aa1   Thumb Code     4  net_config.o(i.net_igmp_collect_addr)
    net_igmp_is_member                       0x00007aa5   Thumb Code     4  net_config.o(i.net_igmp_is_member)
    net_igmp_process                         0x00007aa9   Thumb Code     2  net_config.o(i.net_igmp_process)
    net_ip4_checksum                         0x00007aab   Thumb Code    76  net_ip4.o(i.net_ip4_checksum)
    net_ip4_chk_frame                        0x00007af9   Thumb Code   192  net_ip4.o(i.net_ip4_chk_frame)
    net_ip4_chksum_buf                       0x00007bc5   Thumb Code    50  net_ip4.o(i.net_ip4_chksum_buf)
    net_ip4_get_local                        0x00007bf9   Thumb Code    52  net_ip4.o(i.net_ip4_get_local)
    net_ip4_init                             0x00007c39   Thumb Code    12  net_ip4.o(i.net_ip4_init)
    net_ip4_is_subcast                       0x00007c49   Thumb Code    38  net_ip4.o(i.net_ip4_is_subcast)
    net_ip4_send_frame                       0x00007c75   Thumb Code   266  net_ip4.o(i.net_ip4_send_frame)
    net_ip4_tx_offload                       0x00007d89   Thumb Code    44  net_ip4.o(i.net_ip4_tx_offload)
    net_ip6_checksum                         0x00007dbd   Thumb Code    82  net_ip6.o(i.net_ip6_checksum)
    net_ip6_chk_frame                        0x00007e11   Thumb Code   150  net_ip6.o(i.net_ip6_chk_frame)
    net_ip6_get_local                        0x00007eb5   Thumb Code    78  net_ip6.o(i.net_ip6_get_local)
    net_ip6_init                             0x00007f11   Thumb Code    10  net_ip6.o(i.net_ip6_init)
    net_ip6_send_frame                       0x00007f21   Thumb Code   166  net_ip6.o(i.net_ip6_send_frame)
    net_ip6_tx_netif                         0x00007fd5   Thumb Code     6  net_ip6.o(i.net_ip6_tx_netif)
    net_ip6_tx_offload                       0x00007fe1   Thumb Code    40  net_ip6.o(i.net_ip6_tx_offload)
    net_loop_iface_init                      0x00008011   Thumb Code    30  net_loop.o(i.net_loop_iface_init)
    net_loop_iface_run                       0x00008039   Thumb Code   138  net_loop.o(i.net_loop_iface_run)
    net_loop_send_frame                      0x000080cd   Thumb Code    66  net_loop.o(i.net_loop_send_frame)
    net_mem_alloc                            0x00008115   Thumb Code   130  net_mem.o(i.net_mem_alloc)
    net_mem_free                             0x000081a1   Thumb Code   100  net_mem.o(i.net_mem_free)
    net_mem_init                             0x0000820d   Thumb Code    88  net_mem.o(i.net_mem_init)
    net_memcrc                               0x0000826d   Thumb Code    32  net_common.o(i.net_memcrc)
    net_nbns_client_init                     0x0000828d   Thumb Code    36  net_nbns_client.o(i.net_nbns_client_init)
    net_ndp_cache_find                       0x000082b9   Thumb Code   136  net_ndp.o(i.net_ndp_cache_find)
    net_ndp_cache_refresh                    0x0000834d   Thumb Code    78  net_ndp.o(i.net_ndp_cache_refresh)
    net_ndp_init                             0x000083a1   Thumb Code    68  net_ndp.o(i.net_ndp_init)
    net_ndp_process                          0x000083f1   Thumb Code   540  net_ndp.o(i.net_ndp_process)
    net_ndp_run                              0x0000861d   Thumb Code   194  net_ndp.o(i.net_ndp_run)
    net_ping_client_init                     0x000086ed   Thumb Code    10  net_ping.o(i.net_ping_client_init)
    net_ping_client_run                      0x000086fd   Thumb Code    56  net_ping.o(i.net_ping_client_run)
    net_ppp_send_frame                       0x0000873d   Thumb Code     4  net_config.o(i.net_ppp_send_frame)
    net_rand32                               0x00008741   Thumb Code    18  net_sys.o(i.net_rand32)
    net_slip_send_frame                      0x0000875d   Thumb Code     4  net_config.o(i.net_slip_send_frame)
    net_strcpy                               0x00008761   Thumb Code    18  net_common.o(i.net_strcpy)
    net_strtoupper                           0x00008773   Thumb Code    26  net_common.o(i.net_strtoupper)
    net_sys_error                            0x0000878d   Thumb Code     2  net_config.o(i.net_sys_error)
    net_sys_lock                             0x00008791   Thumb Code    12  net_sys.o(i.net_sys_lock)
    net_sys_unlock                           0x000087b5   Thumb Code     8  net_sys.o(i.net_sys_unlock)
    net_sys_wakeup                           0x000087c1   Thumb Code    24  net_sys.o(i.net_sys_wakeup)
    net_tcp_process                          0x000087e1   Thumb Code     2  net_config.o(i.net_tcp_process)
    net_udp_get_buf                          0x000087e3   Thumb Code    30  net_udp.o(i.net_udp_get_buf)
    net_udp_get_socket                       0x00008801   Thumb Code    70  net_udp.o(i.net_udp_get_socket)
    net_udp_open                             0x0000884d   Thumb Code    98  net_udp.o(i.net_udp_open)
    net_udp_process                          0x000088b9   Thumb Code   214  net_udp.o(i.net_udp_process)
    net_udp_send                             0x0000899d   Thumb Code   368  net_udp.o(i.net_udp_send)
    net_udp_socket_init                      0x00008b11   Thumb Code    16  net_udp.o(i.net_udp_socket_init)
    osDelay                                  0x00008b25   Thumb Code    18  rt_cmsis.o(i.osDelay)
    osKernelInitialize                       0x00008b3d   Thumb Code    30  rt_cmsis.o(i.osKernelInitialize)
    osKernelStart                            0x00008b61   Thumb Code    98  rt_cmsis.o(i.osKernelStart)
    osKernelSysTick                          0x00008bcd   Thumb Code    18  rt_cmsis.o(i.osKernelSysTick)
    osMailAlloc                              0x00008be5   Thumb Code    22  rt_cmsis.o(i.osMailAlloc)
    osMailCreate                             0x00008c01   Thumb Code    36  rt_cmsis.o(i.osMailCreate)
    osMailFree                               0x00008c2d   Thumb Code    22  rt_cmsis.o(i.osMailFree)
    osMailGet                                0x00008c49   Thumb Code    22  rt_cmsis.o(i.osMailGet)
    osMailPut                                0x00008c5f   Thumb Code    20  rt_cmsis.o(i.osMailPut)
    osMessageGet                             0x00008c75   Thumb Code    18  rt_cmsis.o(i.osMessageGet)
    osMessagePut                             0x00008c8d   Thumb Code    18  rt_cmsis.o(i.osMessagePut)
    osMutexCreate                            0x00008ca5   Thumb Code    36  rt_cmsis.o(i.osMutexCreate)
    osMutexRelease                           0x00008cd1   Thumb Code    18  rt_cmsis.o(i.osMutexRelease)
    osMutexWait                              0x00008ce9   Thumb Code    18  rt_cmsis.o(i.osMutexWait)
    osSemaphoreCreate                        0x00008d01   Thumb Code    36  rt_cmsis.o(i.osSemaphoreCreate)
    osSemaphoreRelease                       0x00008d2d   Thumb Code    18  rt_cmsis.o(i.osSemaphoreRelease)
    osSemaphoreWait                          0x00008d45   Thumb Code    20  rt_cmsis.o(i.osSemaphoreWait)
    osSignalClear                            0x00008d5d   Thumb Code    20  rt_cmsis.o(i.osSignalClear)
    osSignalSet                              0x00008d75   Thumb Code    18  rt_cmsis.o(i.osSignalSet)
    osSignalWait                             0x00008d8d   Thumb Code    18  rt_cmsis.o(i.osSignalWait)
    osThreadCreate                           0x00008da5   Thumb Code    36  rt_cmsis.o(i.osThreadCreate)
    osThreadExit                             0x00008dd1   Thumb Code    14  rt_cmsis.o(i.osThreadExit)
    osThreadYield                            0x00008de9   Thumb Code    18  rt_cmsis.o(i.osThreadYield)
    osTimerCall                              0x00008e01   Thumb Code     8  rt_cmsis.o(i.osTimerCall)
    osTimerCreate                            0x00008e0d   Thumb Code    36  rt_cmsis.o(i.osTimerCreate)
    osTimerStart                             0x00008e39   Thumb Code    18  rt_cmsis.o(i.osTimerStart)
    osTimerThread                            0x00008e51   Thumb Code    38  rt_cmsis.o(i.osTimerThread)
    os_error                                 0x00008e7d   Thumb Code    34  rtx_conf_cm.o(i.os_error)
    os_idle_demon                            0x00008e9f   Thumb Code     4  rtx_conf_cm.o(i.os_idle_demon)
    os_tick_init                             0x00008ea5   Thumb Code    32  rt_system.o(i.os_tick_init)
    os_tick_irqack                           0x00008ecd   Thumb Code     2  rt_system.o(i.os_tick_irqack)
    os_tick_ovf                              0x00008ed1   Thumb Code    10  rt_system.o(i.os_tick_ovf)
    os_tick_val                              0x00008ee1   Thumb Code    14  rt_system.o(i.os_tick_val)
    rt_alloc_box                             0x0000906d   Thumb Code    26  rt_membox.o(i.rt_alloc_box)
    rt_alloc_mem                             0x00009087   Thumb Code    62  rt_memory.o(i.rt_alloc_mem)
    rt_block                                 0x000090c5   Thumb Code    48  rt_task.o(i.rt_block)
    rt_chk_robin                             0x000090fd   Thumb Code    60  rt_robin.o(i.rt_chk_robin)
    rt_dec_dly                               0x00009145   Thumb Code   102  rt_list.o(i.rt_dec_dly)
    rt_dispatch                              0x000091b5   Thumb Code    60  rt_task.o(i.rt_dispatch)
    rt_dly_wait                              0x000091f9   Thumb Code     6  rt_time.o(i.rt_dly_wait)
    rt_evt_clr                               0x00009201   Thumb Code    22  rt_event.o(i.rt_evt_clr)
    rt_evt_psh                               0x0000921d   Thumb Code    76  rt_event.o(i.rt_evt_psh)
    rt_evt_set                               0x0000926d   Thumb Code    88  rt_event.o(i.rt_evt_set)
    rt_evt_wait                              0x000092c9   Thumb Code    56  rt_event.o(i.rt_evt_wait)
    rt_free_box                              0x00009305   Thumb Code    44  rt_membox.o(i.rt_free_box)
    rt_free_mem                              0x00009331   Thumb Code    40  rt_memory.o(i.rt_free_mem)
    rt_get_first                             0x00009359   Thumb Code    40  rt_list.o(i.rt_get_first)
    rt_get_same_rdy_prio                     0x00009381   Thumb Code    26  rt_list.o(i.rt_get_same_rdy_prio)
    rt_init_mem                              0x000093f5   Thumb Code    26  rt_memory.o(i.rt_init_mem)
    rt_init_robin                            0x00009411   Thumb Code    14  rt_robin.o(i.rt_init_robin)
    rt_init_stack                            0x00009429   Thumb Code   118  hal_cm.o(i.rt_init_stack)
    rt_mbx_check                             0x000094a9   Thumb Code     8  rt_mailbox.o(i.rt_mbx_check)
    rt_mbx_init                              0x000094b1   Thumb Code    26  rt_mailbox.o(i.rt_mbx_init)
    rt_mbx_psh                               0x000094cd   Thumb Code   236  rt_mailbox.o(i.rt_mbx_psh)
    rt_mbx_send                              0x000095bd   Thumb Code   148  rt_mailbox.o(i.rt_mbx_send)
    rt_mbx_wait                              0x00009655   Thumb Code   174  rt_mailbox.o(i.rt_mbx_wait)
    rt_mut_init                              0x0000974d   Thumb Code    16  rt_mutex.o(i.rt_mut_init)
    rt_mut_release                           0x0000975d   Thumb Code   208  rt_mutex.o(i.rt_mut_release)
    rt_mut_wait                              0x00009835   Thumb Code   114  rt_mutex.o(i.rt_mut_wait)
    rt_pop_req                               0x000098ad   Thumb Code   112  rt_system.o(i.rt_pop_req)
    rt_psh_req                               0x00009929   Thumb Code    22  rt_system.o(i.rt_psh_req)
    rt_psq_enq                               0x00009949   Thumb Code    88  rt_list.o(i.rt_psq_enq)
    rt_put_dly                               0x000099a5   Thumb Code    68  rt_list.o(i.rt_put_dly)
    rt_put_prio                              0x000099ed   Thumb Code    54  rt_list.o(i.rt_put_prio)
    rt_put_rdy_first                         0x00009a25   Thumb Code    14  rt_list.o(i.rt_put_rdy_first)
    rt_resort_prio                           0x00009a39   Thumb Code    46  rt_list.o(i.rt_resort_prio)
    rt_ret_val                               0x00009a6d   Thumb Code     6  hal_cm.o(i.rt_ret_val)
    rt_ret_val2                              0x00009a73   Thumb Code     8  hal_cm.o(i.rt_ret_val2)
    rt_rmv_dly                               0x00009a7b   Thumb Code    40  rt_list.o(i.rt_rmv_dly)
    rt_rmv_list                              0x00009aa5   Thumb Code    44  rt_list.o(i.rt_rmv_list)
    rt_sem_init                              0x00009ad5   Thumb Code    12  rt_semaphore.o(i.rt_sem_init)
    rt_sem_psh                               0x00009ae1   Thumb Code    48  rt_semaphore.o(i.rt_sem_psh)
    rt_sem_send                              0x00009b15   Thumb Code    42  rt_semaphore.o(i.rt_sem_send)
    rt_sem_wait                              0x00009b41   Thumb Code    58  rt_semaphore.o(i.rt_sem_wait)
    rt_stk_check                             0x00009b81   Thumb Code    28  rt_system.o(i.rt_stk_check)
    rt_switch_req                            0x00009ba5   Thumb Code    30  rt_task.o(i.rt_switch_req)
    rt_sys_init                              0x00009bcd   Thumb Code   138  rt_task.o(i.rt_sys_init)
    rt_sys_start                             0x00009c99   Thumb Code   110  rt_task.o(i.rt_sys_start)
    rt_systick                               0x00009d11   Thumb Code    50  rt_system.o(i.rt_systick)
    rt_tsk_create                            0x00009dd5   Thumb Code   118  rt_task.o(i.rt_tsk_create)
    rt_tsk_delete                            0x00009e5d   Thumb Code   352  rt_task.o(i.rt_tsk_delete)
    rt_tsk_pass                              0x00009fd9   Thumb Code    38  rt_task.o(i.rt_tsk_pass)
    rt_tsk_prio                              0x0000a009   Thumb Code   108  rt_task.o(i.rt_tsk_prio)
    rt_tsk_self                              0x0000a085   Thumb Code    12  rt_task.o(i.rt_tsk_self)
    send_udp_data                            0x0000a095   Thumb Code   172  udp_socket.o(i.send_udp_data)
    svcDelay                                 0x0000a225   Thumb Code    18  rt_cmsis.o(i.svcDelay)
    svcKernelInitialize                      0x0000a239   Thumb Code    80  rt_cmsis.o(i.svcKernelInitialize)
    svcKernelStart                           0x0000a2a9   Thumb Code    62  rt_cmsis.o(i.svcKernelStart)
    svcKernelSysTick                         0x0000a2f1   Thumb Code    46  rt_cmsis.o(i.svcKernelSysTick)
    svcMailCreate                            0x0000a329   Thumb Code    66  rt_cmsis.o(i.svcMailCreate)
    svcMessageCreate                         0x0000a36b   Thumb Code    36  rt_cmsis.o(i.svcMessageCreate)
    svcMessageGet                            0x0000a38f   Thumb Code    58  rt_cmsis.o(i.svcMessageGet)
    svcMessagePut                            0x0000a3c9   Thumb Code    54  rt_cmsis.o(i.svcMessagePut)
    svcMutexCreate                           0x0000a3ff   Thumb Code    28  rt_cmsis.o(i.svcMutexCreate)
    svcMutexRelease                          0x0000a41b   Thumb Code    34  rt_cmsis.o(i.svcMutexRelease)
    svcMutexWait                             0x0000a43d   Thumb Code    58  rt_cmsis.o(i.svcMutexWait)
    svcSemaphoreCreate                       0x0000a477   Thumb Code    36  rt_cmsis.o(i.svcSemaphoreCreate)
    svcSemaphoreRelease                      0x0000a49b   Thumb Code    40  rt_cmsis.o(i.svcSemaphoreRelease)
    svcSemaphoreWait                         0x0000a4c3   Thumb Code    50  rt_cmsis.o(i.svcSemaphoreWait)
    svcSignalClear                           0x0000a4f5   Thumb Code    36  rt_cmsis.o(i.svcSignalClear)
    svcSignalSet                             0x0000a519   Thumb Code    36  rt_cmsis.o(i.svcSignalSet)
    svcSignalWait                            0x0000a53d   Thumb Code    80  rt_cmsis.o(i.svcSignalWait)
    svcThreadCreate                          0x0000a591   Thumb Code    96  rt_cmsis.o(i.svcThreadCreate)
    svcThreadGetId                           0x0000a5fd   Thumb Code    22  rt_cmsis.o(i.svcThreadGetId)
    svcThreadTerminate                       0x0000a619   Thumb Code    50  rt_cmsis.o(i.svcThreadTerminate)
    svcThreadYield                           0x0000a651   Thumb Code    10  rt_cmsis.o(i.svcThreadYield)
    svcTimerCall                             0x0000a65b   Thumb Code    24  rt_cmsis.o(i.svcTimerCall)
    svcTimerCreate                           0x0000a675   Thumb Code    52  rt_cmsis.o(i.svcTimerCreate)
    svcTimerStart                            0x0000a6ad   Thumb Code    96  rt_cmsis.o(i.svcTimerStart)
    sysMailAlloc                             0x0000a711   Thumb Code    84  rt_cmsis.o(i.sysMailAlloc)
    sysMailFree                              0x0000a769   Thumb Code    96  rt_cmsis.o(i.sysMailFree)
    sysTimerTick                             0x0000a7c9   Thumb Code    84  rt_cmsis.o(i.sysTimerTick)
    udp_cb_func                              0x0000a89d   Thumb Code   166  udp_socket.o(i.udp_cb_func)
    _get_lc_ctype                            0x0000aab9   Thumb Code    44  lc_ctype_c.o(locale$$code)
    os_mailQ_def_BAL1                        0x0000aae4   Data          12  udp_socket.o(.constdata)
    os_thread_def_CAN_R                      0x0000aaf0   Data          16  udp_socket.o(.constdata)
    os_thread_def_CAN_T                      0x0000ab00   Data          16  udp_socket.o(.constdata)
    GLCD_Font_6x8                            0x0000c3a4   Data          16  glcd_fonts.o(.constdata)
    GLCD_Font_16x24                          0x0000c3b4   Data          16  glcd_fonts.o(.constdata)
    LED_PIN                                  0x0000c3c4   Data          16  led_mcb1700.o(.constdata)
    os_maxtaskrun                            0x0000c3d4   Data           2  rtx_conf_cm.o(.constdata)
    os_stackinfo                             0x0000c3d8   Data           4  rtx_conf_cm.o(.constdata)
    os_rrobin                                0x0000c3dc   Data           4  rtx_conf_cm.o(.constdata)
    os_tickfreq                              0x0000c3e0   Data           4  rtx_conf_cm.o(.constdata)
    os_tickus_i                              0x0000c3e4   Data           2  rtx_conf_cm.o(.constdata)
    os_tickus_f                              0x0000c3e6   Data           2  rtx_conf_cm.o(.constdata)
    os_trv                                   0x0000c3e8   Data           4  rtx_conf_cm.o(.constdata)
    os_flags                                 0x0000c3ec   Data           1  rtx_conf_cm.o(.constdata)
    CMSIS_RTOS_API_Version                   0x0000c3f0   Data           4  rtx_conf_cm.o(.constdata)
    CMSIS_RTOS_RTX_Version                   0x0000c3f4   Data           4  rtx_conf_cm.o(.constdata)
    os_clockrate                             0x0000c3f8   Data           4  rtx_conf_cm.o(.constdata)
    os_timernum                              0x0000c3fc   Data           4  rtx_conf_cm.o(.constdata)
    mp_tcb_size                              0x0000c400   Data           2  rtx_conf_cm.o(.constdata)
    mp_stk_size                              0x0000c404   Data           4  rtx_conf_cm.o(.constdata)
    os_stack_sz                              0x0000c408   Data           4  rtx_conf_cm.o(.constdata)
    os_fifo_size                             0x0000c40c   Data           1  rtx_conf_cm.o(.constdata)
    os_thread_def_osTimerThread              0x0000c410   Data          16  rtx_conf_cm.o(.constdata)
    os_messageQ_def_osTimerMessageQ          0x0000c420   Data           8  rtx_conf_cm.o(.constdata)
    mp_tmr_size                              0x0000c428   Data           2  rtx_conf_cm.o(.constdata)
    os_thread_def_main                       0x0000c42c   Data          16  rtx_conf_cm.o(.constdata)
    Driver_CAN1                              0x0000c454   Data          60  can_lpc17xx.o(.constdata)
    Driver_CAN2                              0x0000c490   Data          60  can_lpc17xx.o(.constdata)
    Driver_ETH_MAC0                          0x0000c4d4   Data          68  emac_lpc17xx.o(.constdata)
    Driver_SPI1                              0x0000c568   Data          44  ssp_lpc17xx.o(.constdata)
    Driver_ETH_PHY0                          0x0000c598   Data          32  phy_dp83848c.o(.constdata)
    os_mutex_def_net_lock                    0x0000c5b8   Data           4  net_config.o(.constdata)
    os_mutex_def_mem_lock                    0x0000c5bc   Data           4  net_config.o(.constdata)
    os_thread_def_netCore_Thread             0x0000c5c0   Data          16  net_config.o(.constdata)
    net_sys_config                           0x0000c5d0   Data          32  net_config.o(.constdata)
    os_semaphore_def_eth0_lock               0x0000c5f0   Data           4  net_config.o(.constdata)
    os_thread_def_netETH_Thread              0x0000c5f4   Data          16  net_config.o(.constdata)
    net_eth0_config                          0x0000c634   Data          32  net_config.o(.constdata)
    net_localm                               0x0000c654   Data          12  net_config.o(.constdata)
    net_localm6                              0x0000c660   Data          12  net_config.o(.constdata)
    net_udp_config                           0x0000c66c   Data           8  net_config.o(.constdata)
    net_sys_func                             0x0000c674   Data          56  net_config.o(.constdata)
    net_mac_bcast                            0x0000c6ac   Data           6  net_eth.o(.constdata)
    net_ping_payload                         0x0000c6ba   Data          18  net_ping.o(.constdata)
    os_timer_def_net_tick                    0x0000c6cc   Data           8  net_sys.o(.constdata)
    net_addr4_bcast                          0x0000c6d4   Data           4  net_ip4.o(.constdata)
    net_addr4_loopback                       0x0000c6d8   Data           4  net_ip4.o(.constdata)
    net_addr6_all_nodes                      0x0000c6dc   Data          16  net_ip6.o(.constdata)
    net_addr6_loopback                       0x0000c6ec   Data          16  net_ip6.o(.constdata)
    net_addr6_all_routers                    0x0000c6fc   Data          16  net_ip6.o(.constdata)
    net_addr_null                            0x0000c70c   Data          16  net_addr.o(.constdata)
    Region$$Table$$Base                      0x0000c7b4   Number         0  anon$$obj.o(Region$$Table)
    Region$$Table$$Limit                     0x0000c7d4   Number         0  anon$$obj.o(Region$$Table)
    __ctype                                  0x0000c7e1   Data           0  lc_ctype_c.o(locale$$data)
    __MW_NET_VER                             0x07030000   Number         0  net_version.o ABSOLUTE
    id_CAN_R                                 0x10000000   Data           4  udp_socket.o(.data)
    id_CAN_T1                                0x10000004   Data           4  udp_socket.o(.data)
    id_CAN_T2                                0x10000008   Data           4  udp_socket.o(.data)
    id_CAN_T                                 0x1000000c   Data           4  udp_socket.o(.data)
    ID_BAL                                   0x10000010   Data           4  udp_socket.o(.data)
    os_mailQ_p_BAL1                          0x10000014   Data           8  udp_socket.o(.data)
    udp_sock                                 0x1000001c   Data           4  udp_socket.o(.data)
    osThreadId_osTimerThread                 0x10000034   Data           4  rtx_conf_cm.o(.data)
    osMessageQId_osTimerMessageQ             0x10000038   Data           4  rtx_conf_cm.o(.data)
    os_tmr                                   0x1000003c   Data           4  rtx_conf_cm.o(.data)
    m_tmr                                    0x10000040   Data           4  rtx_conf_cm.o(.data)
    iap_entry                                0x10000084   Data           4  emac_lpc17xx.o(.data)
    SystemCoreClock                          0x100000a0   Data           4  system_lpc17xx.o(.data)
    os_semaphore_cb_eth0_lock                0x100000a4   Data           8  net_config.o(.data)
    os_initialized                           0x100000b4   Data           1  rt_cmsis.o(.data)
    os_running                               0x100000b5   Data           1  rt_cmsis.o(.data)
    os_timer_head                            0x100000b8   Data           4  rt_cmsis.o(.data)
    os_tsk                                   0x100000bc   Data           8  rt_task.o(.data)
    os_tick_irqn                             0x100000e0   Data           4  rt_system.o(.data)
    os_time                                  0x100000e4   Data           4  rt_time.o(.data)
    os_robin                                 0x100000e8   Data           8  rt_robin.o(.data)
    dbg_msg                                  0x100000f0   Data           1  hal_cm.o(.data)
    os_mailQ_q_BAL1                          0x10000104   Data          80  udp_socket.o(.bss)
    os_mailQ_m_BAL1                          0x10000154   Data         204  udp_socket.o(.bss)
    mp_tcb                                   0x10000220   Data         376  rtx_conf_cm.o(.bss)
    mp_stk                                   0x10000398   Data        3216  rtx_conf_cm.o(.bss)
    os_stack_mem                             0x10001028   Data        2584  rtx_conf_cm.o(.bss)
    os_fifo                                  0x10001a40   Data         132  rtx_conf_cm.o(.bss)
    os_active_TCB                            0x10001ac4   Data          28  rtx_conf_cm.o(.bss)
    os_messageQ_q_osTimerMessageQ            0x10001ae0   Data          32  rtx_conf_cm.o(.bss)
    os_mutex_cb_net_lock                     0x10007848   Data          16  net_config.o(.bss)
    os_mutex_cb_mem_lock                     0x10007858   Data          16  net_config.o(.bss)
    os_idle_TCB                              0x10007944   Data          52  rt_task.o(.bss)
    net_eth_control                          0x10007978   Data         148  net_eth.o(.bss)
    net_ping_control                         0x10007a30   Data          32  net_ping.o(.bss)
    net_sys_control                          0x10007a50   Data          48  net_sys.o(.bss)
    os_timer_cb_net_tick                     0x10007a80   Data          24  net_sys.o(.bss)
    os_rdy                                   0x10007a98   Data          24  rt_list.o(.bss)
    os_dly                                   0x10007ab0   Data          24  rt_list.o(.bss)
    __libspace_start                         0x10007b74   Data          96  libspace.o(.bss)
    __temporary_stack_top$libspace           0x10007bd4   Data           0  libspace.o(.bss)



==============================================================================

Memory Map of the image

  Image Entry point : 0x000000cd

  Load Region LR_IROM1 (Base: 0x00000000, Size: 0x0000c9e8, Max: 0x00080000, ABSOLUTE)

    Execution Region ER_IROM1 (Base: 0x00000000, Size: 0x0000c8e4, Max: 0x00080000, ABSOLUTE)

    Base Addr    Size         Type   Attr      Idx    E Section Name        Object

    0x00000000   0x000000cc   Data   RO         1339    RESET               startup_lpc17xx.o
    0x000000cc   0x00000008   Code   RO         3260  * !!!main             c_w.l(__main.o)
    0x000000d4   0x00000034   Code   RO         3453    !!!scatter          c_w.l(__scatter.o)
    0x00000108   0x0000001a   Code   RO         3455    !!handler_copy      c_w.l(__scatter_copy.o)
    0x00000122   0x00000002   PAD
    0x00000124   0x0000001c   Code   RO         3457    !!handler_zi        c_w.l(__scatter_zi.o)
    0x00000140   0x00000000   Code   RO         3239    .ARM.Collect$$_printf_percent$$00000000  c_w.l(_printf_percent.o)
    0x00000140   0x00000006   Code   RO         3238    .ARM.Collect$$_printf_percent$$00000009  c_w.l(_printf_d.o)
    0x00000146   0x00000006   Code   RO         3237    .ARM.Collect$$_printf_percent$$0000000C  c_w.l(_printf_x.o)
    0x0000014c   0x00000004   Code   RO         3275    .ARM.Collect$$_printf_percent$$00000017  c_w.l(_printf_percent_end.o)
    0x00000150   0x00000002   Code   RO         3328    .ARM.Collect$$libinit$$00000000  c_w.l(libinit.o)
    0x00000152   0x00000000   Code   RO         3350    .ARM.Collect$$libinit$$00000002  c_w.l(libinit2.o)
    0x00000152   0x00000000   Code   RO         3352    .ARM.Collect$$libinit$$00000004  c_w.l(libinit2.o)
    0x00000152   0x00000000   Code   RO         3355    .ARM.Collect$$libinit$$0000000A  c_w.l(libinit2.o)
    0x00000152   0x00000000   Code   RO         3357    .ARM.Collect$$libinit$$0000000C  c_w.l(libinit2.o)
    0x00000152   0x00000000   Code   RO         3359    .ARM.Collect$$libinit$$0000000E  c_w.l(libinit2.o)
    0x00000152   0x00000006   Code   RO         3360    .ARM.Collect$$libinit$$0000000F  c_w.l(libinit2.o)
    0x00000158   0x00000000   Code   RO         3362    .ARM.Collect$$libinit$$00000011  c_w.l(libinit2.o)
    0x00000158   0x0000000c   Code   RO         3363    .ARM.Collect$$libinit$$00000012  c_w.l(libinit2.o)
    0x00000164   0x00000000   Code   RO         3364    .ARM.Collect$$libinit$$00000013  c_w.l(libinit2.o)
    0x00000164   0x00000000   Code   RO         3366    .ARM.Collect$$libinit$$00000015  c_w.l(libinit2.o)
    0x00000164   0x00000000   Code   RO         3368    .ARM.Collect$$libinit$$00000017  c_w.l(libinit2.o)
    0x00000164   0x00000000   Code   RO         3370    .ARM.Collect$$libinit$$00000019  c_w.l(libinit2.o)
    0x00000164   0x00000000   Code   RO         3372    .ARM.Collect$$libinit$$0000001B  c_w.l(libinit2.o)
    0x00000164   0x00000000   Code   RO         3374    .ARM.Collect$$libinit$$0000001D  c_w.l(libinit2.o)
    0x00000164   0x00000000   Code   RO         3376    .ARM.Collect$$libinit$$0000001F  c_w.l(libinit2.o)
    0x00000164   0x00000000   Code   RO         3378    .ARM.Collect$$libinit$$00000021  c_w.l(libinit2.o)
    0x00000164   0x00000000   Code   RO         3380    .ARM.Collect$$libinit$$00000023  c_w.l(libinit2.o)
    0x00000164   0x00000000   Code   RO         3382    .ARM.Collect$$libinit$$00000025  c_w.l(libinit2.o)
    0x00000164   0x00000000   Code   RO         3386    .ARM.Collect$$libinit$$0000002C  c_w.l(libinit2.o)
    0x00000164   0x00000000   Code   RO         3388    .ARM.Collect$$libinit$$0000002E  c_w.l(libinit2.o)
    0x00000164   0x00000000   Code   RO         3390    .ARM.Collect$$libinit$$00000030  c_w.l(libinit2.o)
    0x00000164   0x00000000   Code   RO         3392    .ARM.Collect$$libinit$$00000032  c_w.l(libinit2.o)
    0x00000164   0x00000002   Code   RO         3393    .ARM.Collect$$libinit$$00000033  c_w.l(libinit2.o)
    0x00000166   0x00000002   Code   RO         3329    .ARM.Collect$$libshutdown$$00000000  c_w.l(libshutdown.o)
    0x00000168   0x00000000   Code   RO         3395    .ARM.Collect$$libshutdown$$00000002  c_w.l(libshutdown2.o)
    0x00000168   0x00000000   Code   RO         3397    .ARM.Collect$$libshutdown$$00000004  c_w.l(libshutdown2.o)
    0x00000168   0x00000000   Code   RO         3400    .ARM.Collect$$libshutdown$$00000007  c_w.l(libshutdown2.o)
    0x00000168   0x00000000   Code   RO         3403    .ARM.Collect$$libshutdown$$0000000A  c_w.l(libshutdown2.o)
    0x00000168   0x00000000   Code   RO         3405    .ARM.Collect$$libshutdown$$0000000C  c_w.l(libshutdown2.o)
    0x00000168   0x00000000   Code   RO         3408    .ARM.Collect$$libshutdown$$0000000F  c_w.l(libshutdown2.o)
    0x00000168   0x00000002   Code   RO         3409    .ARM.Collect$$libshutdown$$00000010  c_w.l(libshutdown2.o)
    0x0000016a   0x00000000   Code   RO         3262    .ARM.Collect$$rtentry$$00000000  c_w.l(__rtentry.o)
    0x0000016a   0x00000000   Code   RO         3283    .ARM.Collect$$rtentry$$00000002  c_w.l(__rtentry2.o)
    0x0000016a   0x00000006   Code   RO         3295    .ARM.Collect$$rtentry$$00000004  c_w.l(__rtentry4.o)
    0x00000170   0x00000000   Code   RO         3285    .ARM.Collect$$rtentry$$00000009  c_w.l(__rtentry2.o)
    0x00000170   0x00000004   Code   RO         3286    .ARM.Collect$$rtentry$$0000000A  c_w.l(__rtentry2.o)
    0x00000174   0x00000008   Code   RO         3287    .ARM.Collect$$rtentry$$0000000B  c_w.l(__rtentry2.o)
    0x0000017c   0x00000008   Code   RO         3289    .ARM.Collect$$rtentry$$0000000D  c_w.l(__rtentry2.o)
    0x00000184   0x00000002   Code   RO         3263    .ARM.Collect$$rtexit$$00000000  c_w.l(rtexit.o)
    0x00000186   0x00000000   Code   RO         3298    .ARM.Collect$$rtexit$$00000002  c_w.l(rtexit2.o)
    0x00000186   0x00000004   Code   RO         3299    .ARM.Collect$$rtexit$$00000003  c_w.l(rtexit2.o)
    0x0000018a   0x00000006   Code   RO         3300    .ARM.Collect$$rtexit$$00000004  c_w.l(rtexit2.o)
    0x00000190   0x0000001c   Code   RO          443    .emb_text           rtx_conf_cm.o
    0x000001ac   0x00000130   Code   RO         2917    .emb_text           RTX_CM3.lib(hal_cm3.o)
    0x000002dc   0x00000008   Code   RO         3181    .text               c_w.l(libspace.o)
    0x000002e4   0x00000012   Code   RO         3244    .text               c_w.l(exit.o)
    0x000002f6   0x00000006   Code   RO         3258    .text               c_w.l(heapauxi.o)
    0x000002fc   0x00000004   Code   RO         1340    .ARM.__at_0x02FC    startup_lpc17xx.o
    0x00000300   0x0000003c   Code   RO         1341    .text               startup_lpc17xx.o
    0x0000033c   0x000000ee   Code   RO         3184    .text               c_w.l(lludivv7m.o)
    0x0000042a   0x00000002   PAD
    0x0000042c   0x0000002c   Code   RO         3186    .text               c_w.l(__2sprintf.o)
    0x00000458   0x0000004e   Code   RO         3192    .text               c_w.l(_printf_pad.o)
    0x000004a6   0x00000002   PAD
    0x000004a8   0x00000078   Code   RO         3194    .text               c_w.l(_printf_dec.o)
    0x00000520   0x00000058   Code   RO         3199    .text               c_w.l(_printf_hex_int.o)
    0x00000578   0x00000138   Code   RO         3229    .text               c_w.l(__printf_flags_wp.o)
    0x000006b0   0x0000003c   Code   RO         3240    .text               c_w.l(__0sscanf.o)
    0x000006ec   0x0000014c   Code   RO         3242    .text               c_w.l(_scanf_int.o)
    0x00000838   0x00000058   Code   RO         3246    .text               c_w.l(memcmp.o)
    0x00000890   0x0000008a   Code   RO         3250    .text               c_w.l(rt_memcpy_v6.o)
    0x0000091a   0x00000064   Code   RO         3252    .text               c_w.l(rt_memcpy_w.o)
    0x0000097e   0x00000044   Code   RO         3254    .text               c_w.l(rt_memclr.o)
    0x000009c2   0x0000004e   Code   RO         3256    .text               c_w.l(rt_memclr_w.o)
    0x00000a10   0x000000b2   Code   RO         3269    .text               c_w.l(_printf_intcommon.o)
    0x00000ac2   0x00000002   PAD
    0x00000ac4   0x00000030   Code   RO         3271    .text               c_w.l(_printf_char_common.o)
    0x00000af4   0x0000000a   Code   RO         3273    .text               c_w.l(_sputc.o)
    0x00000afe   0x0000001c   Code   RO         3276    .text               c_w.l(_chval.o)
    0x00000b1a   0x00000002   PAD
    0x00000b1c   0x0000002c   Code   RO         3278    .text               c_w.l(scanf_char.o)
    0x00000b48   0x00000040   Code   RO         3280    .text               c_w.l(_sgetc.o)
    0x00000b88   0x00000012   Code   RO         3306    .text               c_w.l(isspace.o)
    0x00000b9a   0x00000002   PAD
    0x00000b9c   0x00000374   Code   RO         3310    .text               c_w.l(_scanf.o)
    0x00000f10   0x0000000c   Code   RO         3312    .text               c_w.l(sys_exit.o)
    0x00000f1c   0x0000004a   Code   RO         3314    .text               c_w.l(sys_stackheap_outer.o)
    0x00000f66   0x00000002   PAD
    0x00000f68   0x00000010   Code   RO         3316    .text               c_w.l(rt_ctype_table.o)
    0x00000f78   0x00000002   Code   RO         3330    .text               c_w.l(use_no_semi.o)
    0x00000f7a   0x00000000   Code   RO         3332    .text               c_w.l(indicate_semi.o)
    0x00000f7a   0x0000000a   Code   RO         3340    .text               c_w.l(rt_locale_twolibspace.o)
    0x00000f84   0x00000080   Code   RO         3414    .text               c_w.l(strcmpv7m.o)
    0x00001004   0x00000004   Code   RO         3176    SVC_TABLE           RTX_CM3.lib(svc_table.o)
    0x00001008   0x00000012   Code   RO          504    i.CAN1_Control      can_lpc17xx.o
    0x0000101a   0x0000000a   Code   RO          505    i.CAN1_GetClock     can_lpc17xx.o
    0x00001024   0x0000000c   Code   RO          506    i.CAN1_GetStatus    can_lpc17xx.o
    0x00001030   0x00000012   Code   RO          507    i.CAN1_Initialize   can_lpc17xx.o
    0x00001042   0x0000001c   Code   RO          508    i.CAN1_MessageRead  can_lpc17xx.o
    0x0000105e   0x0000001c   Code   RO          509    i.CAN1_MessageSend  can_lpc17xx.o
    0x0000107a   0x00000012   Code   RO          510    i.CAN1_ObjectConfigure  can_lpc17xx.o
    0x0000108c   0x00000010   Code   RO          511    i.CAN1_ObjectGetCapabilities  can_lpc17xx.o
    0x0000109c   0x0000001c   Code   RO          512    i.CAN1_ObjectSetFilter  can_lpc17xx.o
    0x000010b8   0x0000000e   Code   RO          513    i.CAN1_PowerControl  can_lpc17xx.o
    0x000010c6   0x00000016   Code   RO          514    i.CAN1_SetBitrate   can_lpc17xx.o
    0x000010dc   0x0000000e   Code   RO          515    i.CAN1_SetMode      can_lpc17xx.o
    0x000010ea   0x0000000a   Code   RO          516    i.CAN1_Uninitialize  can_lpc17xx.o
    0x000010f4   0x00000012   Code   RO          517    i.CAN2_Control      can_lpc17xx.o
    0x00001106   0x0000000a   Code   RO          518    i.CAN2_GetClock     can_lpc17xx.o
    0x00001110   0x0000000c   Code   RO          519    i.CAN2_GetStatus    can_lpc17xx.o
    0x0000111c   0x00000012   Code   RO          520    i.CAN2_Initialize   can_lpc17xx.o
    0x0000112e   0x0000001c   Code   RO          521    i.CAN2_MessageRead  can_lpc17xx.o
    0x0000114a   0x0000001c   Code   RO          522    i.CAN2_MessageSend  can_lpc17xx.o
    0x00001166   0x00000012   Code   RO          523    i.CAN2_ObjectConfigure  can_lpc17xx.o
    0x00001178   0x00000010   Code   RO          524    i.CAN2_ObjectGetCapabilities  can_lpc17xx.o
    0x00001188   0x0000001c   Code   RO          525    i.CAN2_ObjectSetFilter  can_lpc17xx.o
    0x000011a4   0x0000000e   Code   RO          526    i.CAN2_PowerControl  can_lpc17xx.o
    0x000011b2   0x00000016   Code   RO          527    i.CAN2_SetBitrate   can_lpc17xx.o
    0x000011c8   0x0000000e   Code   RO          528    i.CAN2_SetMode      can_lpc17xx.o
    0x000011d6   0x0000000a   Code   RO          529    i.CAN2_Uninitialize  can_lpc17xx.o
    0x000011e0   0x0000000c   Code   RO          530    i.CAN_GetCapabilities  can_lpc17xx.o
    0x000011ec   0x00000010   Code   RO          531    i.CAN_GetVersion    can_lpc17xx.o
    0x000011fc   0x000001f0   Code   RO          532    i.CAN_IRQHandler    can_lpc17xx.o
    0x000013ec   0x00000100   Code   RO            4    i.CAN_R             udp_socket.o
    0x000014ec   0x00000100   Code   RO            5    i.CAN_T             udp_socket.o
    0x000015ec   0x00000438   Code   RO          533    i.CANx_AddFilter    can_lpc17xx.o
    0x00001a24   0x00000084   Code   RO          534    i.CANx_Control      can_lpc17xx.o
    0x00001aa8   0x000000a4   Code   RO          535    i.CANx_GetClock     can_lpc17xx.o
    0x00001b4c   0x000000d8   Code   RO          536    i.CANx_GetStatus    can_lpc17xx.o
    0x00001c24   0x00000080   Code   RO          537    i.CANx_Initialize   can_lpc17xx.o
    0x00001ca4   0x000000b4   Code   RO          538    i.CANx_MessageRead  can_lpc17xx.o
    0x00001d58   0x00000240   Code   RO          539    i.CANx_MessageSend  can_lpc17xx.o
    0x00001f98   0x00000090   Code   RO          540    i.CANx_ObjectConfigure  can_lpc17xx.o
    0x00002028   0x0000002c   Code   RO          541    i.CANx_ObjectGetCapabilities  can_lpc17xx.o
    0x00002054   0x000000a8   Code   RO          542    i.CANx_ObjectSetFilter  can_lpc17xx.o
    0x000020fc   0x00000140   Code   RO          543    i.CANx_PowerControl  can_lpc17xx.o
    0x0000223c   0x000003f8   Code   RO          544    i.CANx_RemoveFilter  can_lpc17xx.o
    0x00002634   0x0000005c   Code   RO          545    i.CANx_ResetRuntimeInfo  can_lpc17xx.o
    0x00002690   0x00000134   Code   RO          546    i.CANx_SetBitrate   can_lpc17xx.o
    0x000027c4   0x00000140   Code   RO          547    i.CANx_SetMode      can_lpc17xx.o
    0x00002904   0x0000005c   Code   RO          548    i.CANx_Uninitialize  can_lpc17xx.o
    0x00002960   0x00000020   Code   RO         1160    i.Clear_Channel_active_flag  gpdma_lpc17xx.o
    0x00002980   0x00000198   Code   RO          772    i.Control           emac_lpc17xx.o
    0x00002b18   0x00000008   Code   RO          773    i.ControlTimer      emac_lpc17xx.o
    0x00002b20   0x00000180   Code   RO         1161    i.DMA_IRQHandler    gpdma_lpc17xx.o
    0x00002ca0   0x00000048   Code   RO          774    i.ENET_IRQHandler   emac_lpc17xx.o
    0x00002ce8   0x00000030   Code   RO          197    i.GLCD_ClearScreen  glcd_mcb1700.o
    0x00002d18   0x000000d0   Code   RO          200    i.GLCD_DrawChar     glcd_mcb1700.o
    0x00002de8   0x0000002c   Code   RO          204    i.GLCD_DrawString   glcd_mcb1700.o
    0x00002e14   0x000005b6   Code   RO          208    i.GLCD_Initialize   glcd_mcb1700.o
    0x000033ca   0x00000002   PAD
    0x000033cc   0x00000010   Code   RO          210    i.GLCD_SetFont      glcd_mcb1700.o
    0x000033dc   0x000000ac   Code   RO          212    i.GLCD_SetWindow    glcd_mcb1700.o
    0x00003488   0x00000012   Code   RO          215    i.GLCD_WindowMax    glcd_mcb1700.o
    0x0000349a   0x00000002   PAD
    0x0000349c   0x000000f4   Code   RO         1162    i.GPDMA_ChannelConfigure  gpdma_lpc17xx.o
    0x00003590   0x00000030   Code   RO         1163    i.GPDMA_ChannelDisable  gpdma_lpc17xx.o
    0x000035c0   0x00000030   Code   RO         1165    i.GPDMA_ChannelGetCount  gpdma_lpc17xx.o
    0x000035f0   0x000000a8   Code   RO         1167    i.GPDMA_Initialize  gpdma_lpc17xx.o
    0x00003698   0x00000044   Code   RO         1168    i.GPDMA_PeripheralSelect  gpdma_lpc17xx.o
    0x000036dc   0x00000080   Code   RO         1169    i.GPDMA_Uninitialize  gpdma_lpc17xx.o
    0x0000375c   0x00000020   Code   RO         1250    i.GPIO_PinRead      gpio_lpc17xx.o
    0x0000377c   0x00000028   Code   RO         1251    i.GPIO_PinWrite     gpio_lpc17xx.o
    0x000037a4   0x0000002c   Code   RO         1252    i.GPIO_PortClock    gpio_lpc17xx.o
    0x000037d0   0x00000014   Code   RO         1253    i.GPIO_PortRead     gpio_lpc17xx.o
    0x000037e4   0x00000038   Code   RO         1255    i.GPIO_SetDir       gpio_lpc17xx.o
    0x0000381c   0x0000000c   Code   RO          775    i.GetCapabilities   emac_lpc17xx.o
    0x00003828   0x00000068   Code   RO         1101    i.GetLinkInfo       phy_dp83848c.o
    0x00003890   0x0000002c   Code   RO         1102    i.GetLinkState      phy_dp83848c.o
    0x000038bc   0x00000048   Code   RO          776    i.GetMacAddress     emac_lpc17xx.o
    0x00003904   0x00000054   Code   RO          777    i.GetRxFrameSize    emac_lpc17xx.o
    0x00003958   0x00000008   Code   RO          778    i.GetRxFrameTime    emac_lpc17xx.o
    0x00003960   0x00000044   Code   RO          930    i.GetSSPClockFreq   ssp_lpc17xx.o
    0x000039a4   0x00000008   Code   RO          779    i.GetTxFrameTime    emac_lpc17xx.o
    0x000039ac   0x00000010   Code   RO          780    i.GetVersion        emac_lpc17xx.o
    0x000039bc   0x00000010   Code   RO         1103    i.GetVersion        phy_dp83848c.o
    0x000039cc   0x0000005c   Code   RO            6    i.InitCan1          udp_socket.o
    0x00003a28   0x0000004c   Code   RO            7    i.InitCan2          udp_socket.o
    0x00003a74   0x00000170   Code   RO          781    i.Initialize        emac_lpc17xx.o
    0x00003be4   0x00000030   Code   RO         1104    i.Initialize        phy_dp83848c.o
    0x00003c14   0x0000005c   Code   RO          399    i.LED_Initialize    led_mcb1700.o
    0x00003c70   0x0000002c   Code   RO          400    i.LED_Off           led_mcb1700.o
    0x00003c9c   0x0000002c   Code   RO          401    i.LED_On            led_mcb1700.o
    0x00003cc8   0x000000e8   Code   RO          782    i.PHY_Read          emac_lpc17xx.o
    0x00003db0   0x000000d8   Code   RO          783    i.PHY_Write         emac_lpc17xx.o
    0x00003e88   0x000000fc   Code   RO         1304    i.PIN_Configure     pin_lpc17xx.o
    0x00003f84   0x00000224   Code   RO          784    i.PowerControl      emac_lpc17xx.o
    0x000041a8   0x000000d4   Code   RO         1105    i.PowerControl      phy_dp83848c.o
    0x0000427c   0x00000074   Code   RO          785    i.ReadFrame         emac_lpc17xx.o
    0x000042f0   0x00000018   Code   RO          931    i.SSP1_Control      ssp_lpc17xx.o
    0x00004308   0x00000014   Code   RO          932    i.SSP1_GPDMA_Rx_SignalEvent  ssp_lpc17xx.o
    0x0000431c   0x00000014   Code   RO          933    i.SSP1_GPDMA_Tx_SignalEvent  ssp_lpc17xx.o
    0x00004330   0x00000010   Code   RO          934    i.SSP1_GetDataCount  ssp_lpc17xx.o
    0x00004340   0x00000010   Code   RO          935    i.SSP1_GetStatus    ssp_lpc17xx.o
    0x00004350   0x00000010   Code   RO          936    i.SSP1_IRQHandler   ssp_lpc17xx.o
    0x00004360   0x00000014   Code   RO          937    i.SSP1_Initialize   ssp_lpc17xx.o
    0x00004374   0x00000014   Code   RO          938    i.SSP1_PowerControl  ssp_lpc17xx.o
    0x00004388   0x00000018   Code   RO          939    i.SSP1_Receive      ssp_lpc17xx.o
    0x000043a0   0x00000018   Code   RO          940    i.SSP1_Send         ssp_lpc17xx.o
    0x000043b8   0x0000001c   Code   RO          941    i.SSP1_Transfer     ssp_lpc17xx.o
    0x000043d4   0x00000010   Code   RO          942    i.SSP1_Uninitialize  ssp_lpc17xx.o
    0x000043e4   0x0000000c   Code   RO          943    i.SSP_GetCapabilities  ssp_lpc17xx.o
    0x000043f0   0x00000010   Code   RO          944    i.SSP_GetVersion    ssp_lpc17xx.o
    0x00004400   0x0000051e   Code   RO          945    i.SSPx_Control      ssp_lpc17xx.o
    0x0000491e   0x00000036   Code   RO          946    i.SSPx_GPDMA_Rx_SignalEvent  ssp_lpc17xx.o
    0x00004954   0x0000001c   Code   RO          947    i.SSPx_GPDMA_Tx_SignalEvent  ssp_lpc17xx.o
    0x00004970   0x0000002c   Code   RO          948    i.SSPx_GetDataCount  ssp_lpc17xx.o
    0x0000499c   0x0000005a   Code   RO          949    i.SSPx_GetStatus    ssp_lpc17xx.o
    0x000049f6   0x00000104   Code   RO          950    i.SSPx_IRQHandler   ssp_lpc17xx.o
    0x00004afa   0x000000a8   Code   RO          951    i.SSPx_Initialize   ssp_lpc17xx.o
    0x00004ba2   0x00000002   PAD
    0x00004ba4   0x000001b4   Code   RO          952    i.SSPx_PowerControl  ssp_lpc17xx.o
    0x00004d58   0x0000015c   Code   RO          953    i.SSPx_Receive      ssp_lpc17xx.o
    0x00004eb4   0x00000154   Code   RO          954    i.SSPx_Send         ssp_lpc17xx.o
    0x00005008   0x00000152   Code   RO          955    i.SSPx_Transfer     ssp_lpc17xx.o
    0x0000515a   0x00000070   Code   RO          956    i.SSPx_Uninitialize  ssp_lpc17xx.o
    0x000051ca   0x00000002   PAD
    0x000051cc   0x000000b8   Code   RO          786    i.SendFrame         emac_lpc17xx.o
    0x00005284   0x000000ac   Code   RO          787    i.SetAddressFilter  emac_lpc17xx.o
    0x00005330   0x00000040   Code   RO         1106    i.SetInterface      phy_dp83848c.o
    0x00005370   0x0000004c   Code   RO          788    i.SetMacAddress     emac_lpc17xx.o
    0x000053bc   0x00000088   Code   RO         1107    i.SetMode           phy_dp83848c.o
    0x00005444   0x00000038   Code   RO         1170    i.Set_Channel_active_flag  gpdma_lpc17xx.o
    0x0000547c   0x00000140   Code   RO         1351    i.SystemInit        system_lpc17xx.o
    0x000055bc   0x00000100   Code   RO          789    i.Uninitialize      emac_lpc17xx.o
    0x000056bc   0x00000014   Code   RO         1108    i.Uninitialize      phy_dp83848c.o
    0x000056d0   0x0000001c   Code   RO          957    i.__NVIC_ClearPendingIRQ  ssp_lpc17xx.o
    0x000056ec   0x0000001c   Code   RO         1171    i.__NVIC_ClearPendingIRQ  gpdma_lpc17xx.o
    0x00005708   0x00000046   Code   RO         2816    i._init_box         RTX_CM3.lib(rt_membox.o)
    0x0000574e   0x0000000e   Code   RO         3227    i._is_digit         c_w.l(__printf_wp.o)
    0x0000575c   0x00000020   Code   RO          445    i._mutex_acquire    rtx_conf_cm.o
    0x0000577c   0x0000001c   Code   RO          447    i._mutex_release    rtx_conf_cm.o
    0x00005798   0x00000098   Code   RO         2285    i.arp_cache_alloc   Net_CM3_L.lib(net_arp.o)
    0x00005830   0x00000040   Code   RO         2286    i.arp_is_cacheable  Net_CM3_L.lib(net_arp.o)
    0x00005870   0x00000040   Code   RO         2287    i.arp_probe_run     Net_CM3_L.lib(net_arp.o)
    0x000058b0   0x00000080   Code   RO         2288    i.arp_proc_response  Net_CM3_L.lib(net_arp.o)
    0x00005930   0x0000008c   Code   RO         2289    i.arp_send_reply    Net_CM3_L.lib(net_arp.o)
    0x000059bc   0x000000b8   Code   RO         2290    i.arp_send_request  Net_CM3_L.lib(net_arp.o)
    0x00005a74   0x00000028   Code   RO          790    i.crc32_8bit_rev    emac_lpc17xx.o
    0x00005a9c   0x00000022   Code   RO          791    i.crc32_data        emac_lpc17xx.o
    0x00005abe   0x00000002   PAD
    0x00005ac0   0x00000030   Code   RO         2869    i.dbg_init          RTX_CM3.lib(hal_cm.o)
    0x00005af0   0x00000020   Code   RO         2870    i.dbg_task_notify   RTX_CM3.lib(hal_cm.o)
    0x00005b10   0x00000010   Code   RO         2871    i.dbg_task_switch   RTX_CM3.lib(hal_cm.o)
    0x00005b20   0x0000002c   Code   RO          216    i.delay_ms          glcd_mcb1700.o
    0x00005b4c   0x000000a0   Code   RO         2239    i.eth_check_link    Net_CM3_L.lib(net_eth.o)
    0x00005bec   0x00000010   Code   RO         2240    i.eth_lock          Net_CM3_L.lib(net_eth.o)
    0x00005bfc   0x0000001e   Code   RO         2241    i.eth_make_mcast4   Net_CM3_L.lib(net_eth.o)
    0x00005c1a   0x0000001a   Code   RO         2242    i.eth_make_mcast6   Net_CM3_L.lib(net_eth.o)
    0x00005c34   0x00000014   Code   RO         2243    i.eth_notify        Net_CM3_L.lib(net_eth.o)
    0x00005c48   0x00000088   Code   RO         2245    i.eth_receive       Net_CM3_L.lib(net_eth.o)
    0x00005cd0   0x0000000c   Code   RO         2246    i.eth_unlock        Net_CM3_L.lib(net_eth.o)
    0x00005cdc   0x0000001c   Code   RO         3078    i.get_crc32         Net_CM3_L.lib(net_common.o)
    0x00005cf8   0x00000068   Code   RO          792    i.init_rx_desc      emac_lpc17xx.o
    0x00005d60   0x0000005c   Code   RO          793    i.init_tx_desc      emac_lpc17xx.o
    0x00005dbc   0x00000044   Code   RO          794    i.input_MDIO        emac_lpc17xx.o
    0x00005e00   0x0000000a   Code   RO         2981    i.ip4_get_chksum    Net_CM3_L.lib(net_ip4.o)
    0x00005e0a   0x00000002   PAD
    0x00005e0c   0x00000090   Code   RO         2982    i.ip4_get_route     Net_CM3_L.lib(net_ip4.o)
    0x00005e9c   0x0000002c   Code   RO         3009    i.ip6_get_route     Net_CM3_L.lib(net_ip6.o)
    0x00005ec8   0x0000002a   Code   RO         1502    i.isrMessageGet     RTX_CM3.lib(rt_cmsis.o)
    0x00005ef2   0x0000002c   Code   RO         1503    i.isrMessagePut     RTX_CM3.lib(rt_cmsis.o)
    0x00005f1e   0x00000028   Code   RO         1504    i.isrSemaphoreRelease  RTX_CM3.lib(rt_cmsis.o)
    0x00005f46   0x00000024   Code   RO         1505    i.isrSignalSet      RTX_CM3.lib(rt_cmsis.o)
    0x00005f6a   0x00000002   PAD
    0x00005f6c   0x00000028   Code   RO         2553    i.isr_evt_set       RTX_CM3.lib(rt_event.o)
    0x00005f94   0x00000056   Code   RO         2671    i.isr_mbx_receive   RTX_CM3.lib(rt_mailbox.o)
    0x00005fea   0x0000000e   Code   RO         2672    i.isr_mbx_send      RTX_CM3.lib(rt_mailbox.o)
    0x00005ff8   0x00000010   Code   RO         2719    i.isr_sem_send      RTX_CM3.lib(rt_semaphore.o)
    0x00006008   0x000000ac   Code   RO            8    i.main              udp_socket.o
    0x000060b4   0x00000010   Code   RO         3056    i.mem_lock          Net_CM3_L.lib(net_mem.o)
    0x000060c4   0x0000000c   Code   RO         3057    i.mem_unlock        Net_CM3_L.lib(net_mem.o)
    0x000060d0   0x00000020   Code   RO            9    i.myCAN1_callback   udp_socket.o
    0x000060f0   0x00000020   Code   RO           10    i.myCAN2_callback   udp_socket.o
    0x00006110   0x00000160   Code   RO         2397    i.nbns_listener     Net_CM3_L.lib(net_nbns_client.o)
    0x00006270   0x0000009c   Code   RO         2927    i.ndp_cache_add     Net_CM3_L.lib(net_ndp.o)
    0x0000630c   0x00000084   Code   RO         2928    i.ndp_cache_alloc   Net_CM3_L.lib(net_ndp.o)
    0x00006390   0x0000002c   Code   RO         2929    i.ndp_check_frame   Net_CM3_L.lib(net_ndp.o)
    0x000063bc   0x0000005c   Code   RO         2930    i.ndp_is_onlink     Net_CM3_L.lib(net_ndp.o)
    0x00006418   0x00000012   Code   RO         2931    i.ndp_next_opt      Net_CM3_L.lib(net_ndp.o)
    0x0000642a   0x00000002   PAD
    0x0000642c   0x000000b8   Code   RO         2932    i.ndp_prefix_add    Net_CM3_L.lib(net_ndp.o)
    0x000064e4   0x00000040   Code   RO         2933    i.ndp_probe_run     Net_CM3_L.lib(net_ndp.o)
    0x00006524   0x0000007c   Code   RO         2934    i.ndp_proc_response  Net_CM3_L.lib(net_ndp.o)
    0x000065a0   0x0000003c   Code   RO         2935    i.ndp_router_remove  Net_CM3_L.lib(net_ndp.o)
    0x000065dc   0x0000006c   Code   RO         2936    i.ndp_send_reply    Net_CM3_L.lib(net_ndp.o)
    0x00006648   0x00000084   Code   RO         2937    i.ndp_send_request  Net_CM3_L.lib(net_ndp.o)
    0x000066cc   0x000000fc   Code   RO         2938    i.ndp_slaac_run     Net_CM3_L.lib(net_ndp.o)
    0x000067c8   0x00000058   Code   RO         2426    i.netCore_Thread    Net_CM3_L.lib(net_sys.o)
    0x00006820   0x00000002   Code   RO         2247    i.netETH_Notify     Net_CM3_L.lib(net_eth.o)
    0x00006822   0x00000002   PAD
    0x00006824   0x0000003c   Code   RO         2248    i.netETH_Thread     Net_CM3_L.lib(net_eth.o)
    0x00006860   0x00000088   Code   RO         2429    i.netInitialize     Net_CM3_L.lib(net_sys.o)
    0x000068e8   0x0000007c   Code   RO         3112    i.netMAC_aton       Net_CM3_L.lib(net_addr.o)
    0x00006964   0x00000004   Code   RO         2348    i.netUDP_GetBuffer  Net_CM3_L.lib(net_udp.o)
    0x00006968   0x00000018   Code   RO         2350    i.netUDP_GetSocket  Net_CM3_L.lib(net_udp.o)
    0x00006980   0x0000001c   Code   RO         2351    i.netUDP_Open       Net_CM3_L.lib(net_udp.o)
    0x0000699c   0x00000028   Code   RO         2353    i.netUDP_Send       Net_CM3_L.lib(net_udp.o)
    0x000069c4   0x00000068   Code   RO         3114    i.net_addr4_aton    Net_CM3_L.lib(net_addr.o)
    0x00006a2c   0x0000001a   Code   RO         3115    i.net_addr4_is_subnet  Net_CM3_L.lib(net_addr.o)
    0x00006a46   0x00000002   PAD
    0x00006a48   0x000000f4   Code   RO         3117    i.net_addr6_aton    Net_CM3_L.lib(net_addr.o)
    0x00006b3c   0x00000028   Code   RO         3118    i.net_addr6_comp    Net_CM3_L.lib(net_addr.o)
    0x00006b64   0x00000012   Code   RO         3119    i.net_addr6_copy    Net_CM3_L.lib(net_addr.o)
    0x00006b76   0x00000002   PAD
    0x00006b78   0x0000004c   Code   RO         3120    i.net_addr6_create  Net_CM3_L.lib(net_addr.o)
    0x00006bc4   0x0000002c   Code   RO         3121    i.net_addr6_get_solicited  Net_CM3_L.lib(net_addr.o)
    0x00006bf0   0x00000018   Code   RO         3122    i.net_addr6_is_linklocal  Net_CM3_L.lib(net_addr.o)
    0x00006c08   0x0000006c   Code   RO         3123    i.net_addr6_is_onlink  Net_CM3_L.lib(net_addr.o)
    0x00006c74   0x00000048   Code   RO         3124    i.net_addr6_is_solicited  Net_CM3_L.lib(net_addr.o)
    0x00006cbc   0x00000018   Code   RO         3125    i.net_addr6_is_unspec  Net_CM3_L.lib(net_addr.o)
    0x00006cd4   0x0000000e   Code   RO         3130    i.net_addr_get_local  Net_CM3_L.lib(net_addr.o)
    0x00006ce2   0x00000022   Code   RO         3131    i.net_addr_is_unspec  Net_CM3_L.lib(net_addr.o)
    0x00006d04   0x000000b0   Code   RO         2296    i.net_arp_cache_add  Net_CM3_L.lib(net_arp.o)
    0x00006db4   0x00000094   Code   RO         2297    i.net_arp_cache_early  Net_CM3_L.lib(net_arp.o)
    0x00006e48   0x000000b0   Code   RO         2298    i.net_arp_cache_find  Net_CM3_L.lib(net_arp.o)
    0x00006ef8   0x00000038   Code   RO         2300    i.net_arp_init      Net_CM3_L.lib(net_arp.o)
    0x00006f30   0x0000002c   Code   RO         2301    i.net_arp_notify    Net_CM3_L.lib(net_arp.o)
    0x00006f5c   0x00000148   Code   RO         2303    i.net_arp_process   Net_CM3_L.lib(net_arp.o)
    0x000070a4   0x000000f8   Code   RO         2304    i.net_arp_run       Net_CM3_L.lib(net_arp.o)
    0x0000719c   0x00000218   Code   RO         2251    i.net_eth_iface_init  Net_CM3_L.lib(net_eth.o)
    0x000073b4   0x00000174   Code   RO         2252    i.net_eth_iface_run  Net_CM3_L.lib(net_eth.o)
    0x00007528   0x00000020   Code   RO         2253    i.net_eth_is_my_addr  Net_CM3_L.lib(net_eth.o)
    0x00007548   0x0000003c   Code   RO         2254    i.net_eth_output    Net_CM3_L.lib(net_eth.o)
    0x00007584   0x000000dc   Code   RO         2255    i.net_eth_send_frame  Net_CM3_L.lib(net_eth.o)
    0x00007660   0x00000108   Code   RO         2257    i.net_eth_update_filter  Net_CM3_L.lib(net_eth.o)
    0x00007768   0x00000130   Code   RO         3044    i.net_icmp6_process  Net_CM3_L.lib(net_icmp6.o)
    0x00007898   0x0000005c   Code   RO         3045    i.net_icmp6_send    Net_CM3_L.lib(net_icmp6.o)
    0x000078f4   0x00000050   Code   RO         3046    i.net_icmp6_send_echo  Net_CM3_L.lib(net_icmp6.o)
    0x00007944   0x000000e0   Code   RO         3034    i.net_icmp_process  Net_CM3_L.lib(net_icmp.o)
    0x00007a24   0x0000007c   Code   RO         3035    i.net_icmp_send_echo  Net_CM3_L.lib(net_icmp.o)
    0x00007aa0   0x00000004   Code   RO         1386    i.net_igmp_collect_addr  net_config.o
    0x00007aa4   0x00000004   Code   RO         1387    i.net_igmp_is_member  net_config.o
    0x00007aa8   0x00000002   Code   RO         1388    i.net_igmp_process  net_config.o
    0x00007aaa   0x0000004c   Code   RO         2983    i.net_ip4_checksum  Net_CM3_L.lib(net_ip4.o)
    0x00007af6   0x00000002   PAD
    0x00007af8   0x000000cc   Code   RO         2984    i.net_ip4_chk_frame  Net_CM3_L.lib(net_ip4.o)
    0x00007bc4   0x00000032   Code   RO         2985    i.net_ip4_chksum_buf  Net_CM3_L.lib(net_ip4.o)
    0x00007bf6   0x00000002   PAD
    0x00007bf8   0x00000040   Code   RO         2986    i.net_ip4_get_local  Net_CM3_L.lib(net_ip4.o)
    0x00007c38   0x00000010   Code   RO         2987    i.net_ip4_init      Net_CM3_L.lib(net_ip4.o)
    0x00007c48   0x0000002c   Code   RO         2988    i.net_ip4_is_subcast  Net_CM3_L.lib(net_ip4.o)
    0x00007c74   0x00000114   Code   RO         2989    i.net_ip4_send_frame  Net_CM3_L.lib(net_ip4.o)
    0x00007d88   0x00000034   Code   RO         2990    i.net_ip4_tx_offload  Net_CM3_L.lib(net_ip4.o)
    0x00007dbc   0x00000052   Code   RO         3010    i.net_ip6_checksum  Net_CM3_L.lib(net_ip6.o)
    0x00007e0e   0x00000002   PAD
    0x00007e10   0x000000a4   Code   RO         3011    i.net_ip6_chk_frame  Net_CM3_L.lib(net_ip6.o)
    0x00007eb4   0x0000005c   Code   RO         3012    i.net_ip6_get_local  Net_CM3_L.lib(net_ip6.o)
    0x00007f10   0x00000010   Code   RO         3013    i.net_ip6_init      Net_CM3_L.lib(net_ip6.o)
    0x00007f20   0x000000b4   Code   RO         3014    i.net_ip6_send_frame  Net_CM3_L.lib(net_ip6.o)
    0x00007fd4   0x0000000c   Code   RO         3015    i.net_ip6_tx_netif  Net_CM3_L.lib(net_ip6.o)
    0x00007fe0   0x00000030   Code   RO         3016    i.net_ip6_tx_offload  Net_CM3_L.lib(net_ip6.o)
    0x00008010   0x00000028   Code   RO         2334    i.net_loop_iface_init  Net_CM3_L.lib(net_loop.o)
    0x00008038   0x00000094   Code   RO         2335    i.net_loop_iface_run  Net_CM3_L.lib(net_loop.o)
    0x000080cc   0x00000048   Code   RO         2336    i.net_loop_send_frame  Net_CM3_L.lib(net_loop.o)
    0x00008114   0x0000008c   Code   RO         3058    i.net_mem_alloc     Net_CM3_L.lib(net_mem.o)
    0x000081a0   0x0000006c   Code   RO         3060    i.net_mem_free      Net_CM3_L.lib(net_mem.o)
    0x0000820c   0x00000060   Code   RO         3061    i.net_mem_init      Net_CM3_L.lib(net_mem.o)
    0x0000826c   0x00000020   Code   RO         3082    i.net_memcrc        Net_CM3_L.lib(net_common.o)
    0x0000828c   0x0000002c   Code   RO         2398    i.net_nbns_client_init  Net_CM3_L.lib(net_nbns_client.o)
    0x000082b8   0x00000094   Code   RO         2943    i.net_ndp_cache_find  Net_CM3_L.lib(net_ndp.o)
    0x0000834c   0x00000054   Code   RO         2945    i.net_ndp_cache_refresh  Net_CM3_L.lib(net_ndp.o)
    0x000083a0   0x00000050   Code   RO         2947    i.net_ndp_init      Net_CM3_L.lib(net_ndp.o)
    0x000083f0   0x0000022c   Code   RO         2948    i.net_ndp_process   Net_CM3_L.lib(net_ndp.o)
    0x0000861c   0x000000d0   Code   RO         2949    i.net_ndp_run       Net_CM3_L.lib(net_ndp.o)
    0x000086ec   0x00000010   Code   RO         2410    i.net_ping_client_init  Net_CM3_L.lib(net_ping.o)
    0x000086fc   0x00000040   Code   RO         2411    i.net_ping_client_run  Net_CM3_L.lib(net_ping.o)
    0x0000873c   0x00000004   Code   RO         1390    i.net_ppp_send_frame  net_config.o
    0x00008740   0x0000001c   Code   RO         2433    i.net_rand32        Net_CM3_L.lib(net_sys.o)
    0x0000875c   0x00000004   Code   RO         1393    i.net_slip_send_frame  net_config.o
    0x00008760   0x00000012   Code   RO         3086    i.net_strcpy        Net_CM3_L.lib(net_common.o)
    0x00008772   0x0000001a   Code   RO         3088    i.net_strtoupper    Net_CM3_L.lib(net_common.o)
    0x0000878c   0x00000002   Code   RO         1395    i.net_sys_error     net_config.o
    0x0000878e   0x00000002   PAD
    0x00008790   0x00000010   Code   RO         2434    i.net_sys_lock      Net_CM3_L.lib(net_sys.o)
    0x000087a0   0x00000014   Code   RO         2435    i.net_sys_tick      Net_CM3_L.lib(net_sys.o)
    0x000087b4   0x0000000c   Code   RO         2436    i.net_sys_unlock    Net_CM3_L.lib(net_sys.o)
    0x000087c0   0x00000020   Code   RO         2437    i.net_sys_wakeup    Net_CM3_L.lib(net_sys.o)
    0x000087e0   0x00000002   Code   RO         1396    i.net_tcp_process   net_config.o
    0x000087e2   0x0000001e   Code   RO         2357    i.net_udp_get_buf   Net_CM3_L.lib(net_udp.o)
    0x00008800   0x0000004c   Code   RO         2359    i.net_udp_get_socket  Net_CM3_L.lib(net_udp.o)
    0x0000884c   0x0000006c   Code   RO         2361    i.net_udp_open      Net_CM3_L.lib(net_udp.o)
    0x000088b8   0x000000e4   Code   RO         2362    i.net_udp_process   Net_CM3_L.lib(net_udp.o)
    0x0000899c   0x00000174   Code   RO         2364    i.net_udp_send      Net_CM3_L.lib(net_udp.o)
    0x00008b10   0x00000014   Code   RO         2366    i.net_udp_socket_init  Net_CM3_L.lib(net_udp.o)
    0x00008b24   0x00000018   Code   RO         1506    i.osDelay           RTX_CM3.lib(rt_cmsis.o)
    0x00008b3c   0x00000024   Code   RO         1507    i.osKernelInitialize  RTX_CM3.lib(rt_cmsis.o)
    0x00008b60   0x0000006c   Code   RO         1509    i.osKernelStart     RTX_CM3.lib(rt_cmsis.o)
    0x00008bcc   0x00000018   Code   RO         1510    i.osKernelSysTick   RTX_CM3.lib(rt_cmsis.o)
    0x00008be4   0x0000001c   Code   RO         1511    i.osMailAlloc       RTX_CM3.lib(rt_cmsis.o)
    0x00008c00   0x0000002c   Code   RO         1513    i.osMailCreate      RTX_CM3.lib(rt_cmsis.o)
    0x00008c2c   0x0000001c   Code   RO         1514    i.osMailFree        RTX_CM3.lib(rt_cmsis.o)
    0x00008c48   0x00000016   Code   RO         1515    i.osMailGet         RTX_CM3.lib(rt_cmsis.o)
    0x00008c5e   0x00000014   Code   RO         1516    i.osMailPut         RTX_CM3.lib(rt_cmsis.o)
    0x00008c72   0x00000002   PAD
    0x00008c74   0x00000018   Code   RO         1518    i.osMessageGet      RTX_CM3.lib(rt_cmsis.o)
    0x00008c8c   0x00000018   Code   RO         1519    i.osMessagePut      RTX_CM3.lib(rt_cmsis.o)
    0x00008ca4   0x0000002c   Code   RO         1520    i.osMutexCreate     RTX_CM3.lib(rt_cmsis.o)
    0x00008cd0   0x00000018   Code   RO         1522    i.osMutexRelease    RTX_CM3.lib(rt_cmsis.o)
    0x00008ce8   0x00000018   Code   RO         1523    i.osMutexWait       RTX_CM3.lib(rt_cmsis.o)
    0x00008d00   0x0000002c   Code   RO         1528    i.osSemaphoreCreate  RTX_CM3.lib(rt_cmsis.o)
    0x00008d2c   0x00000018   Code   RO         1530    i.osSemaphoreRelease  RTX_CM3.lib(rt_cmsis.o)
    0x00008d44   0x00000018   Code   RO         1531    i.osSemaphoreWait   RTX_CM3.lib(rt_cmsis.o)
    0x00008d5c   0x00000018   Code   RO         1532    i.osSignalClear     RTX_CM3.lib(rt_cmsis.o)
    0x00008d74   0x00000018   Code   RO         1533    i.osSignalSet       RTX_CM3.lib(rt_cmsis.o)
    0x00008d8c   0x00000018   Code   RO         1534    i.osSignalWait      RTX_CM3.lib(rt_cmsis.o)
    0x00008da4   0x0000002c   Code   RO         1535    i.osThreadCreate    RTX_CM3.lib(rt_cmsis.o)
    0x00008dd0   0x00000018   Code   RO         1536    i.osThreadExit      RTX_CM3.lib(rt_cmsis.o)
    0x00008de8   0x00000018   Code   RO         1541    i.osThreadYield     RTX_CM3.lib(rt_cmsis.o)
    0x00008e00   0x0000000c   Code   RO         1542    i.osTimerCall       RTX_CM3.lib(rt_cmsis.o)
    0x00008e0c   0x0000002c   Code   RO         1543    i.osTimerCreate     RTX_CM3.lib(rt_cmsis.o)
    0x00008e38   0x00000018   Code   RO         1545    i.osTimerStart      RTX_CM3.lib(rt_cmsis.o)
    0x00008e50   0x0000002c   Code   RO         1547    i.osTimerThread     RTX_CM3.lib(rt_cmsis.o)
    0x00008e7c   0x00000022   Code   RO          448    i.os_error          rtx_conf_cm.o
    0x00008e9e   0x00000004   Code   RO          449    i.os_idle_demon     rtx_conf_cm.o
    0x00008ea2   0x00000002   PAD
    0x00008ea4   0x00000028   Code   RO         2463    i.os_tick_init      RTX_CM3.lib(rt_system.o)
    0x00008ecc   0x00000002   Code   RO         2464    i.os_tick_irqack    RTX_CM3.lib(rt_system.o)
    0x00008ece   0x00000002   PAD
    0x00008ed0   0x00000010   Code   RO         2465    i.os_tick_ovf       RTX_CM3.lib(rt_system.o)
    0x00008ee0   0x00000014   Code   RO         2466    i.os_tick_val       RTX_CM3.lib(rt_system.o)
    0x00008ef4   0x00000040   Code   RO          795    i.output_MDIO       emac_lpc17xx.o
    0x00008f34   0x0000001c   Code   RO         2412    i.ping_send_req     Net_CM3_L.lib(net_ping.o)
    0x00008f50   0x00000044   Code   RO          217    i.rd_dat            glcd_mcb1700.o
    0x00008f94   0x000000c8   Code   RO          218    i.rd_id_man         glcd_mcb1700.o
    0x0000905c   0x00000010   Code   RO          219    i.rd_reg            glcd_mcb1700.o
    0x0000906c   0x0000001a   Code   RO         2817    i.rt_alloc_box      RTX_CM3.lib(rt_membox.o)
    0x00009086   0x0000003e   Code   RO         2845    i.rt_alloc_mem      RTX_CM3.lib(rt_memory.o)
    0x000090c4   0x00000038   Code   RO         2121    i.rt_block          RTX_CM3.lib(rt_task.o)
    0x000090fc   0x00000048   Code   RO         2794    i.rt_chk_robin      RTX_CM3.lib(rt_robin.o)
    0x00009144   0x00000070   Code   RO         2595    i.rt_dec_dly        RTX_CM3.lib(rt_list.o)
    0x000091b4   0x00000044   Code   RO         2122    i.rt_dispatch       RTX_CM3.lib(rt_task.o)
    0x000091f8   0x00000006   Code   RO         2761    i.rt_dly_wait       RTX_CM3.lib(rt_time.o)
    0x000091fe   0x00000002   PAD
    0x00009200   0x0000001c   Code   RO         2554    i.rt_evt_clr        RTX_CM3.lib(rt_event.o)
    0x0000921c   0x00000050   Code   RO         2556    i.rt_evt_psh        RTX_CM3.lib(rt_event.o)
    0x0000926c   0x0000005c   Code   RO         2557    i.rt_evt_set        RTX_CM3.lib(rt_event.o)
    0x000092c8   0x0000003c   Code   RO         2558    i.rt_evt_wait       RTX_CM3.lib(rt_event.o)
    0x00009304   0x0000002c   Code   RO         2818    i.rt_free_box       RTX_CM3.lib(rt_membox.o)
    0x00009330   0x00000028   Code   RO         2846    i.rt_free_mem       RTX_CM3.lib(rt_memory.o)
    0x00009358   0x00000028   Code   RO         2596    i.rt_get_first      RTX_CM3.lib(rt_list.o)
    0x00009380   0x00000024   Code   RO         2597    i.rt_get_same_rdy_prio  RTX_CM3.lib(rt_list.o)
    0x000093a4   0x00000008   Code   RO         1552    i.rt_id2obj         RTX_CM3.lib(rt_cmsis.o)
    0x000093ac   0x00000048   Code   RO         2123    i.rt_init_context   RTX_CM3.lib(rt_task.o)
    0x000093f4   0x0000001a   Code   RO         2847    i.rt_init_mem       RTX_CM3.lib(rt_memory.o)
    0x0000940e   0x00000002   PAD
    0x00009410   0x00000018   Code   RO         2795    i.rt_init_robin     RTX_CM3.lib(rt_robin.o)
    0x00009428   0x00000080   Code   RO         2872    i.rt_init_stack     RTX_CM3.lib(hal_cm.o)
    0x000094a8   0x00000008   Code   RO         2673    i.rt_mbx_check      RTX_CM3.lib(rt_mailbox.o)
    0x000094b0   0x0000001a   Code   RO         2674    i.rt_mbx_init       RTX_CM3.lib(rt_mailbox.o)
    0x000094ca   0x00000002   PAD
    0x000094cc   0x000000f0   Code   RO         2675    i.rt_mbx_psh        RTX_CM3.lib(rt_mailbox.o)
    0x000095bc   0x00000098   Code   RO         2676    i.rt_mbx_send       RTX_CM3.lib(rt_mailbox.o)
    0x00009654   0x000000b4   Code   RO         2677    i.rt_mbx_wait       RTX_CM3.lib(rt_mailbox.o)
    0x00009708   0x00000044   Code   RO         1553    i.rt_ms2tick        RTX_CM3.lib(rt_cmsis.o)
    0x0000974c   0x00000010   Code   RO         2206    i.rt_mut_init       RTX_CM3.lib(rt_mutex.o)
    0x0000975c   0x000000d8   Code   RO         2207    i.rt_mut_release    RTX_CM3.lib(rt_mutex.o)
    0x00009834   0x00000078   Code   RO         2208    i.rt_mut_wait       RTX_CM3.lib(rt_mutex.o)
    0x000098ac   0x0000007c   Code   RO         2467    i.rt_pop_req        RTX_CM3.lib(rt_system.o)
    0x00009928   0x00000020   Code   RO         2468    i.rt_psh_req        RTX_CM3.lib(rt_system.o)
    0x00009948   0x0000005c   Code   RO         2598    i.rt_psq_enq        RTX_CM3.lib(rt_list.o)
    0x000099a4   0x00000048   Code   RO         2599    i.rt_put_dly        RTX_CM3.lib(rt_list.o)
    0x000099ec   0x00000036   Code   RO         2600    i.rt_put_prio       RTX_CM3.lib(rt_list.o)
    0x00009a22   0x00000002   PAD
    0x00009a24   0x00000014   Code   RO         2601    i.rt_put_rdy_first  RTX_CM3.lib(rt_list.o)
    0x00009a38   0x00000034   Code   RO         2602    i.rt_resort_prio    RTX_CM3.lib(rt_list.o)
    0x00009a6c   0x00000006   Code   RO         2873    i.rt_ret_val        RTX_CM3.lib(hal_cm.o)
    0x00009a72   0x00000008   Code   RO         2874    i.rt_ret_val2       RTX_CM3.lib(hal_cm.o)
    0x00009a7a   0x00000028   Code   RO         2603    i.rt_rmv_dly        RTX_CM3.lib(rt_list.o)
    0x00009aa2   0x00000002   PAD
    0x00009aa4   0x00000030   Code   RO         2604    i.rt_rmv_list       RTX_CM3.lib(rt_list.o)
    0x00009ad4   0x0000000c   Code   RO         2721    i.rt_sem_init       RTX_CM3.lib(rt_semaphore.o)
    0x00009ae0   0x00000034   Code   RO         2722    i.rt_sem_psh        RTX_CM3.lib(rt_semaphore.o)
    0x00009b14   0x0000002a   Code   RO         2723    i.rt_sem_send       RTX_CM3.lib(rt_semaphore.o)
    0x00009b3e   0x00000002   PAD
    0x00009b40   0x00000040   Code   RO         2724    i.rt_sem_wait       RTX_CM3.lib(rt_semaphore.o)
    0x00009b80   0x00000024   Code   RO         2470    i.rt_stk_check      RTX_CM3.lib(rt_system.o)
    0x00009ba4   0x00000028   Code   RO         2124    i.rt_switch_req     RTX_CM3.lib(rt_task.o)
    0x00009bcc   0x000000cc   Code   RO         2125    i.rt_sys_init       RTX_CM3.lib(rt_task.o)
    0x00009c98   0x00000078   Code   RO         2126    i.rt_sys_start      RTX_CM3.lib(rt_task.o)
    0x00009d10   0x00000040   Code   RO         2472    i.rt_systick        RTX_CM3.lib(rt_system.o)
    0x00009d50   0x00000012   Code   RO         1554    i.rt_tid2ptcb       RTX_CM3.lib(rt_cmsis.o)
    0x00009d62   0x00000002   PAD
    0x00009d64   0x00000034   Code   RO         1555    i.rt_timer_insert   RTX_CM3.lib(rt_cmsis.o)
    0x00009d98   0x0000003c   Code   RO         1556    i.rt_timer_remove   RTX_CM3.lib(rt_cmsis.o)
    0x00009dd4   0x00000088   Code   RO         2127    i.rt_tsk_create     RTX_CM3.lib(rt_task.o)
    0x00009e5c   0x0000017c   Code   RO         2128    i.rt_tsk_delete     RTX_CM3.lib(rt_task.o)
    0x00009fd8   0x00000030   Code   RO         2129    i.rt_tsk_pass       RTX_CM3.lib(rt_task.o)
    0x0000a008   0x0000007c   Code   RO         2130    i.rt_tsk_prio       RTX_CM3.lib(rt_task.o)
    0x0000a084   0x00000010   Code   RO         2131    i.rt_tsk_self       RTX_CM3.lib(rt_task.o)
    0x0000a094   0x000000dc   Code   RO           11    i.send_udp_data     udp_socket.o
    0x0000a170   0x0000002c   Code   RO          220    i.spi_tran          glcd_mcb1700.o
    0x0000a19c   0x00000088   Code   RO          221    i.spi_tran_man      glcd_mcb1700.o
    0x0000a224   0x00000012   Code   RO         1557    i.svcDelay          RTX_CM3.lib(rt_cmsis.o)
    0x0000a236   0x00000002   PAD
    0x0000a238   0x00000070   Code   RO         1558    i.svcKernelInitialize  RTX_CM3.lib(rt_cmsis.o)
    0x0000a2a8   0x00000048   Code   RO         1560    i.svcKernelStart    RTX_CM3.lib(rt_cmsis.o)
    0x0000a2f0   0x00000038   Code   RO         1561    i.svcKernelSysTick  RTX_CM3.lib(rt_cmsis.o)
    0x0000a328   0x00000042   Code   RO         1562    i.svcMailCreate     RTX_CM3.lib(rt_cmsis.o)
    0x0000a36a   0x00000024   Code   RO         1563    i.svcMessageCreate  RTX_CM3.lib(rt_cmsis.o)
    0x0000a38e   0x0000003a   Code   RO         1564    i.svcMessageGet     RTX_CM3.lib(rt_cmsis.o)
    0x0000a3c8   0x00000036   Code   RO         1565    i.svcMessagePut     RTX_CM3.lib(rt_cmsis.o)
    0x0000a3fe   0x0000001c   Code   RO         1566    i.svcMutexCreate    RTX_CM3.lib(rt_cmsis.o)
    0x0000a41a   0x00000022   Code   RO         1568    i.svcMutexRelease   RTX_CM3.lib(rt_cmsis.o)
    0x0000a43c   0x0000003a   Code   RO         1569    i.svcMutexWait      RTX_CM3.lib(rt_cmsis.o)
    0x0000a476   0x00000024   Code   RO         1571    i.svcSemaphoreCreate  RTX_CM3.lib(rt_cmsis.o)
    0x0000a49a   0x00000028   Code   RO         1573    i.svcSemaphoreRelease  RTX_CM3.lib(rt_cmsis.o)
    0x0000a4c2   0x00000032   Code   RO         1574    i.svcSemaphoreWait  RTX_CM3.lib(rt_cmsis.o)
    0x0000a4f4   0x00000024   Code   RO         1575    i.svcSignalClear    RTX_CM3.lib(rt_cmsis.o)
    0x0000a518   0x00000024   Code   RO         1576    i.svcSignalSet      RTX_CM3.lib(rt_cmsis.o)
    0x0000a53c   0x00000054   Code   RO         1577    i.svcSignalWait     RTX_CM3.lib(rt_cmsis.o)
    0x0000a590   0x0000006c   Code   RO         1578    i.svcThreadCreate   RTX_CM3.lib(rt_cmsis.o)
    0x0000a5fc   0x0000001c   Code   RO         1579    i.svcThreadGetId    RTX_CM3.lib(rt_cmsis.o)
    0x0000a618   0x00000038   Code   RO         1582    i.svcThreadTerminate  RTX_CM3.lib(rt_cmsis.o)
    0x0000a650   0x0000000a   Code   RO         1583    i.svcThreadYield    RTX_CM3.lib(rt_cmsis.o)
    0x0000a65a   0x00000018   Code   RO         1584    i.svcTimerCall      RTX_CM3.lib(rt_cmsis.o)
    0x0000a672   0x00000002   PAD
    0x0000a674   0x00000038   Code   RO         1585    i.svcTimerCreate    RTX_CM3.lib(rt_cmsis.o)
    0x0000a6ac   0x00000064   Code   RO         1587    i.svcTimerStart     RTX_CM3.lib(rt_cmsis.o)
    0x0000a710   0x00000058   Code   RO         1589    i.sysMailAlloc      RTX_CM3.lib(rt_cmsis.o)
    0x0000a768   0x00000060   Code   RO         1590    i.sysMailFree       RTX_CM3.lib(rt_cmsis.o)
    0x0000a7c8   0x0000005c   Code   RO         1593    i.sysTimerTick      RTX_CM3.lib(rt_cmsis.o)
    0x0000a824   0x0000004c   Code   RO         2438    i.sys_proc_tick     Net_CM3_L.lib(net_sys.o)
    0x0000a870   0x0000002c   Code   RO          796    i.turnaround_MDIO   emac_lpc17xx.o
    0x0000a89c   0x000000b4   Code   RO           12    i.udp_cb_func       udp_socket.o
    0x0000a950   0x0000002c   Code   RO         2367    i.udp_port_in_use   Net_CM3_L.lib(net_udp.o)
    0x0000a97c   0x0000004c   Code   RO          222    i.wr_cmd            glcd_mcb1700.o
    0x0000a9c8   0x00000034   Code   RO          224    i.wr_dat_only       glcd_mcb1700.o
    0x0000a9fc   0x00000018   Code   RO          225    i.wr_dat_start      glcd_mcb1700.o
    0x0000aa14   0x00000014   Code   RO          226    i.wr_dat_stop       glcd_mcb1700.o
    0x0000aa28   0x00000090   Code   RO          227    i.wr_reg            glcd_mcb1700.o
    0x0000aab8   0x0000002c   Code   RO         3343    locale$$code        c_w.l(lc_ctype_c.o)
    0x0000aae4   0x00000040   Data   RO           14    .constdata          udp_socket.o
    0x0000ab24   0x000018a0   Data   RO          185    .constdata          glcd_fonts.o
    0x0000c3c4   0x00000010   Data   RO          404    .constdata          led_mcb1700.o
    0x0000c3d4   0x00000068   Data   RO          451    .constdata          rtx_conf_cm.o
    0x0000c43c   0x00000090   Data   RO          549    .constdata          can_lpc17xx.o
    0x0000c4cc   0x0000004c   Data   RO          798    .constdata          emac_lpc17xx.o
    0x0000c518   0x0000007c   Data   RO          959    .constdata          ssp_lpc17xx.o
    0x0000c594   0x00000024   Data   RO         1110    .constdata          phy_dp83848c.o
    0x0000c5b8   0x000000f4   Data   RO         1398    .constdata          net_config.o
    0x0000c6ac   0x00000006   Data   RO         2259    .constdata          Net_CM3_L.lib(net_eth.o)
    0x0000c6b2   0x00000008   Data   RO         2399    .constdata          Net_CM3_L.lib(net_nbns_client.o)
    0x0000c6ba   0x00000012   Data   RO         2414    .constdata          Net_CM3_L.lib(net_ping.o)
    0x0000c6cc   0x00000008   Data   RO         2441    .constdata          Net_CM3_L.lib(net_sys.o)
    0x0000c6d4   0x00000008   Data   RO         2991    .constdata          Net_CM3_L.lib(net_ip4.o)
    0x0000c6dc   0x00000020   Data   RO         3017    .constdata          Net_CM3_L.lib(net_ip6.o)
    0x0000c6fc   0x00000010   Data   RO         3018    .constdata          Net_CM3_L.lib(net_ip6.o)
    0x0000c70c   0x00000010   Data   RO         3135    .constdata          Net_CM3_L.lib(net_addr.o)
    0x0000c71c   0x00000028   Data   RO         3200    .constdata          c_w.l(_printf_hex_int.o)
    0x0000c744   0x00000011   Data   RO         3230    .constdata          c_w.l(__printf_flags_wp.o)
    0x0000c755   0x00000003   PAD
    0x0000c758   0x0000005c   Data   RO         1399    .conststring        net_config.o
    0x0000c7b4   0x00000020   Data   RO         3452    Region$$Table       anon$$obj.o
    0x0000c7d4   0x00000110   Data   RO         3342    locale$$data        c_w.l(lc_ctype_c.o)


    Execution Region RW_IRAM1 (Base: 0x10000000, Size: 0x00007dd8, Max: 0x00008000, ABSOLUTE)

    Base Addr    Size         Type   Attr      Idx    E Section Name        Object

    0x10000000   0x00000020   Data   RW           15    .data               udp_socket.o
    0x10000020   0x00000011   Data   RW          228    .data               glcd_mcb1700.o
    0x10000031   0x00000003   PAD
    0x10000034   0x00000014   Data   RW          452    .data               rtx_conf_cm.o
    0x10000048   0x00000028   Data   RW          550    .data               can_lpc17xx.o
    0x10000070   0x00000018   Data   RW          799    .data               emac_lpc17xx.o
    0x10000088   0x00000010   Data   RW          960    .data               ssp_lpc17xx.o
    0x10000098   0x00000008   Data   RW         1173    .data               gpdma_lpc17xx.o
    0x100000a0   0x00000004   Data   RW         1352    .data               system_lpc17xx.o
    0x100000a4   0x0000000e   Data   RW         1400    .data               net_config.o
    0x100000b2   0x00000002   PAD
    0x100000b4   0x00000008   Data   RW         1596    .data               RTX_CM3.lib(rt_cmsis.o)
    0x100000bc   0x00000008   Data   RW         2133    .data               RTX_CM3.lib(rt_task.o)
    0x100000c4   0x00000001   Data   RW         2306    .data               Net_CM3_L.lib(net_arp.o)
    0x100000c5   0x00000003   PAD
    0x100000c8   0x00000008   Data   RW         2337    .data               Net_CM3_L.lib(net_loop.o)
    0x100000d0   0x00000002   Data   RW         2369    .data               Net_CM3_L.lib(net_udp.o)
    0x100000d2   0x00000001   Data   RW         2400    .data               Net_CM3_L.lib(net_nbns_client.o)
    0x100000d3   0x00000001   PAD
    0x100000d4   0x00000008   Data   RW         2442    .data               Net_CM3_L.lib(net_sys.o)
    0x100000dc   0x00000008   Data   RW         2475    .data               RTX_CM3.lib(rt_system.o)
    0x100000e4   0x00000004   Data   RW         2765    .data               RTX_CM3.lib(rt_time.o)
    0x100000e8   0x00000008   Data   RW         2796    .data               RTX_CM3.lib(rt_robin.o)
    0x100000f0   0x00000001   Data   RW         2875    .data               RTX_CM3.lib(hal_cm.o)
    0x100000f1   0x00000001   Data   RW         2951    .data               Net_CM3_L.lib(net_ndp.o)
    0x100000f2   0x00000002   PAD
    0x100000f4   0x00000008   Data   RW         2992    .data               Net_CM3_L.lib(net_ip4.o)
    0x100000fc   0x00000008   Data   RW         3019    .data               Net_CM3_L.lib(net_ip6.o)
    0x10000104   0x0000011c   Zero   RW           13    .bss                udp_socket.o
    0x10000220   0x00001c00   Zero   RW          450    .bss                rtx_conf_cm.o
    0x10001e20   0x00002a74   Zero   RW          797    .bss                emac_lpc17xx.o
    0x10004894   0x00000028   Zero   RW          958    .bss                ssp_lpc17xx.o
    0x100048bc   0x0000000c   Zero   RW         1109    .bss                phy_dp83848c.o
    0x100048c8   0x000000a0   Zero   RW         1172    .bss                gpdma_lpc17xx.o
    0x10004968   0x00002fdc   Zero   RW         1397    .bss                net_config.o
    0x10007944   0x00000034   Zero   RW         2132    .bss                RTX_CM3.lib(rt_task.o)
    0x10007978   0x00000094   Zero   RW         2258    .bss                Net_CM3_L.lib(net_eth.o)
    0x10007a0c   0x00000010   Zero   RW         2305    .bss                Net_CM3_L.lib(net_arp.o)
    0x10007a1c   0x00000014   Zero   RW         2368    .bss                Net_CM3_L.lib(net_udp.o)
    0x10007a30   0x00000020   Zero   RW         2413    .bss                Net_CM3_L.lib(net_ping.o)
    0x10007a50   0x00000030   Zero   RW         2439    .bss                Net_CM3_L.lib(net_sys.o)
    0x10007a80   0x00000018   Zero   RW         2440    .bss                Net_CM3_L.lib(net_sys.o)
    0x10007a98   0x00000030   Zero   RW         2605    .bss                RTX_CM3.lib(rt_list.o)
    0x10007ac8   0x0000003c   Zero   RW         2950    .bss                Net_CM3_L.lib(net_ndp.o)
    0x10007b04   0x00000014   Zero   RW         3063    .bss                Net_CM3_L.lib(net_mem.o)
    0x10007b18   0x0000005c   Zero   RW         3134    .bss                Net_CM3_L.lib(net_addr.o)
    0x10007b74   0x00000060   Zero   RW         3182    .bss                c_w.l(libspace.o)
    0x10007bd4   0x00000004   PAD
    0x10007bd8   0x00000000   Zero   RW         1338    HEAP                startup_lpc17xx.o
    0x10007bd8   0x00000200   Zero   RW         1337    STACK               startup_lpc17xx.o


==============================================================================

Image component sizes


      Code (inc. data)   RO Data    RW Data    ZI Data      Debug   Object Name

      5976        290        144         40          0      59229   can_lpc17xx.o
      3302        288         76         24      10868      28130   emac_lpc17xx.o
         0          0       6304          0          0        736   glcd_fonts.o
      2792         98          0         17          0      17446   glcd_mcb1700.o
      1204         94          0          8        160       8062   gpdma_lpc17xx.o
       192         24          0          0          0       2826   gpio_lpc17xx.o
       180         12         16          0          0       2522   led_mcb1700.o
        22          0        336         14      12252      21626   net_config.o
       644         44         36          0         12      10390   phy_dp83848c.o
       252          6          0          0          0        804   pin_lpc17xx.o
       126         26        104         20       7168       9035   rtx_conf_cm.o
      3896        106        124         16         40      26632   ssp_lpc17xx.o
        64         26        204          0        512        996   startup_lpc17xx.o
       320         18          0          4          0        803   system_lpc17xx.o
      1316        246         64         32        284      46099   udp_socket.o

    ----------------------------------------------------------------------
     20300       1278       7440        180      31296     235336   Object Totals
         0          0         32          0          0          0   (incl. Generated)
        14          0          0          5          0          0   (incl. Padding)

    ----------------------------------------------------------------------

      Code (inc. data)   RO Data    RW Data    ZI Data      Debug   Library Member Name

       952         54         16          0         92       1012   net_addr.o
      1908        136          0          1         16       1120   net_arp.o
       104          4          0          0          0        284   net_common.o
      1946        122          6          0        148       1188   net_eth.o
       348         22          0          0          0        164   net_icmp.o
       476         32          0          0          0        252   net_icmp6.o
       936         72          8          8          0        824   net_ip4.o
       638         72         48          8          0        648   net_ip6.o
       260         26          0          8          0        244   net_loop.o
       372         34          0          0         20        396   net_mem.o
       396         26          8          1          0        176   net_nbns_client.o
      2442        174          0          1         60       1504   net_ndp.o
       108         20         18          0         32        212   net_ping.o
       408         68          8          8         72        560   net_sys.o
       974         42          0          2         20        876   net_udp.o
       238         24          0          1          0       3312   hal_cm.o
       304         36          0          0          0        768   hal_cm3.o
      2754        280          0          8          0      58627   rt_cmsis.o
       300         24          0          0          0       3183   rt_event.o
       566         44          0          0         48       8792   rt_list.o
       706         14          0          0          0       4787   rt_mailbox.o
       140          0          0          0          0       1925   rt_membox.o
       128          0          0          0          0       2307   rt_memory.o
       352         14          0          0          0       2105   rt_mutex.o
        96         22          0          8          0       1158   rt_robin.o
       186         10          0          0          0       2902   rt_semaphore.o
       334         64          0          8          0       7091   rt_system.o
      1264        184          0          8         52      10147   rt_task.o
         6          0          0          4          0        652   rt_time.o
         4          4          0          0          0        208   svc_table.o
        60          8          0          0          0         84   __0sscanf.o
        44          6          0          0          0         84   __2sprintf.o
         8          0          0          0          0         68   __main.o
       312          4         17          0          0         92   __printf_flags_wp.o
        14          0          0          0          0         68   __printf_wp.o
         0          0          0          0          0          0   __rtentry.o
        20          0          0          0          0          0   __rtentry2.o
         6          0          0          0          0          0   __rtentry4.o
        52          8          0          0          0          0   __scatter.o
        26          0          0          0          0          0   __scatter_copy.o
        28          0          0          0          0          0   __scatter_zi.o
        28          0          0          0          0         68   _chval.o
        48          6          0          0          0         96   _printf_char_common.o
         6          0          0          0          0          0   _printf_d.o
       120         16          0          0          0         92   _printf_dec.o
        88          4         40          0          0         88   _printf_hex_int.o
       178          0          0          0          0         88   _printf_intcommon.o
        78          0          0          0          0        108   _printf_pad.o
         0          0          0          0          0          0   _printf_percent.o
         4          0          0          0          0          0   _printf_percent_end.o
         6          0          0          0          0          0   _printf_x.o
       884          6          0          0          0        100   _scanf.o
       332          0          0          0          0         96   _scanf_int.o
        64          0          0          0          0         84   _sgetc.o
        10          0          0          0          0         68   _sputc.o
        18          0          0          0          0         80   exit.o
         6          0          0          0          0        152   heapauxi.o
         0          0          0          0          0          0   indicate_semi.o
        18          0          0          0          0         76   isspace.o
        44         10        272          0          0         76   lc_ctype_c.o
         2          0          0          0          0          0   libinit.o
        20          0          0          0          0          0   libinit2.o
         2          0          0          0          0          0   libshutdown.o
         2          0          0          0          0          0   libshutdown2.o
         8          4          0          0         96         68   libspace.o
       238          0          0          0          0        100   lludivv7m.o
        88          0          0          0          0         76   memcmp.o
        16          4          0          0          0         76   rt_ctype_table.o
        10          0          0          0          0         76   rt_locale_twolibspace.o
        68          0          0          0          0         68   rt_memclr.o
        78          0          0          0          0         80   rt_memclr_w.o
       138          0          0          0          0         68   rt_memcpy_v6.o
       100          0          0          0          0         80   rt_memcpy_w.o
         2          0          0          0          0          0   rtexit.o
        10          0          0          0          0          0   rtexit2.o
        44          8          0          0          0         84   scanf_char.o
       128          0          0          0          0         68   strcmpv7m.o
        12          4          0          0          0         68   sys_exit.o
        74          0          0          0          0         80   sys_stackheap_outer.o
         2          0          0          0          0         68   use_no_semi.o

    ----------------------------------------------------------------------
     23244       1712        444         80        660     120152   Library Totals
        54          0          3          6          4          0   (incl. Padding)

    ----------------------------------------------------------------------

      Code (inc. data)   RO Data    RW Data    ZI Data      Debug   Library Name

     12268        904        112         37        460       9460   Net_CM3_L.lib
      7378        720          0         37        100     107964   RTX_CM3.lib
      3544         88        329          0         96       2728   c_w.l

    ----------------------------------------------------------------------
     23244       1712        444         80        660     120152   Library Totals

    ----------------------------------------------------------------------

==============================================================================


      Code (inc. data)   RO Data    RW Data    ZI Data      Debug   

     43544       2990       7884        260      31956     333072   Grand Totals
     43544       2990       7884        260      31956     333072   ELF Image Totals
     43544       2990       7884        260          0          0   ROM Totals

==============================================================================

    Total RO  Size (Code + RO Data)                51428 (  50.22kB)
    Total RW  Size (RW Data + ZI Data)             32216 (  31.46kB)
    Total ROM Size (Code + RO Data + RW Data)      51688 (  50.48kB)

==============================================================================

